Archive member included to satisfy reference by file (symbol)

C:/Tools/arm-gnu-toolchain/bin/../lib/gcc/arm-none-eabi/13.2.1/thumb/v7e-m+fp/hard\libstdc++_nano.a(atexit_arm.o)
                              build/main.o (__aeabi_atexit)
C:/Tools/arm-gnu-toolchain/bin/../lib/gcc/arm-none-eabi/13.2.1/thumb/v7e-m+fp/hard\libstdc++_nano.a(class_type_info.o)
                              build/main.o (vtable for __cxxabiv1::__class_type_info)
C:/Tools/arm-gnu-toolchain/bin/../lib/gcc/arm-none-eabi/13.2.1/thumb/v7e-m+fp/hard\libstdc++_nano.a(del_ops.o)
                              build/main.o (operator delete(void*, unsigned int))
C:/Tools/arm-gnu-toolchain/bin/../lib/gcc/arm-none-eabi/13.2.1/thumb/v7e-m+fp/hard\libstdc++_nano.a(eh_arm.o)
                              build/main.o (__cxa_end_cleanup)
C:/Tools/arm-gnu-toolchain/bin/../lib/gcc/arm-none-eabi/13.2.1/thumb/v7e-m+fp/hard\libstdc++_nano.a(eh_exception.o)
                              C:/Tools/arm-gnu-toolchain/bin/../lib/gcc/arm-none-eabi/13.2.1/thumb/v7e-m+fp/hard\libstdc++_nano.a(eh_arm.o) (typeinfo for __cxxabiv1::__forced_unwind)
C:/Tools/arm-gnu-toolchain/bin/../lib/gcc/arm-none-eabi/13.2.1/thumb/v7e-m+fp/hard\libstdc++_nano.a(eh_globals.o)
                              C:/Tools/arm-gnu-toolchain/bin/../lib/gcc/arm-none-eabi/13.2.1/thumb/v7e-m+fp/hard\libstdc++_nano.a(eh_arm.o) (__cxa_get_globals)
C:/Tools/arm-gnu-toolchain/bin/../lib/gcc/arm-none-eabi/13.2.1/thumb/v7e-m+fp/hard\libstdc++_nano.a(eh_personality.o)
                              build/main.o (__gxx_personality_v0)
C:/Tools/arm-gnu-toolchain/bin/../lib/gcc/arm-none-eabi/13.2.1/thumb/v7e-m+fp/hard\libstdc++_nano.a(eh_terminate.o)
                              C:/Tools/arm-gnu-toolchain/bin/../lib/gcc/arm-none-eabi/13.2.1/thumb/v7e-m+fp/hard\libstdc++_nano.a(eh_arm.o) (std::terminate())
C:/Tools/arm-gnu-toolchain/bin/../lib/gcc/arm-none-eabi/13.2.1/thumb/v7e-m+fp/hard\libstdc++_nano.a(eh_unex_handler.o)
                              C:/Tools/arm-gnu-toolchain/bin/../lib/gcc/arm-none-eabi/13.2.1/thumb/v7e-m+fp/hard\libstdc++_nano.a(eh_terminate.o) (__cxxabiv1::__unexpected_handler)
C:/Tools/arm-gnu-toolchain/bin/../lib/gcc/arm-none-eabi/13.2.1/thumb/v7e-m+fp/hard\libstdc++_nano.a(guard.o)
                              build/main.o (__cxa_guard_acquire)
C:/Tools/arm-gnu-toolchain/bin/../lib/gcc/arm-none-eabi/13.2.1/thumb/v7e-m+fp/hard\libstdc++_nano.a(si_class_type_info.o)
                              build/AdcSTM32F4.o (vtable for __cxxabiv1::__si_class_type_info)
C:/Tools/arm-gnu-toolchain/bin/../lib/gcc/arm-none-eabi/13.2.1/thumb/v7e-m+fp/hard\libstdc++_nano.a(tinfo.o)
                              C:/Tools/arm-gnu-toolchain/bin/../lib/gcc/arm-none-eabi/13.2.1/thumb/v7e-m+fp/hard\libstdc++_nano.a(class_type_info.o) (std::type_info::~type_info())
C:/Tools/arm-gnu-toolchain/bin/../lib/gcc/arm-none-eabi/13.2.1/thumb/v7e-m+fp/hard\libstdc++_nano.a(del_op.o)
                              C:/Tools/arm-gnu-toolchain/bin/../lib/gcc/arm-none-eabi/13.2.1/thumb/v7e-m+fp/hard\libstdc++_nano.a(del_ops.o) (operator delete(void*))
C:/Tools/arm-gnu-toolchain/bin/../lib/gcc/arm-none-eabi/13.2.1/thumb/v7e-m+fp/hard\libstdc++_nano.a(eh_call.o)
                              C:/Tools/arm-gnu-toolchain/bin/../lib/gcc/arm-none-eabi/13.2.1/thumb/v7e-m+fp/hard\libstdc++_nano.a(eh_personality.o) (__cxa_call_terminate)
C:/Tools/arm-gnu-toolchain/bin/../lib/gcc/arm-none-eabi/13.2.1/thumb/v7e-m+fp/hard\libstdc++_nano.a(eh_catch.o)
                              C:/Tools/arm-gnu-toolchain/bin/../lib/gcc/arm-none-eabi/13.2.1/thumb/v7e-m+fp/hard\libstdc++_nano.a(eh_call.o) (__cxa_begin_catch)
C:/Tools/arm-gnu-toolchain/bin/../lib/gcc/arm-none-eabi/13.2.1/thumb/v7e-m+fp/hard\libstdc++_nano.a(eh_term_handler.o)
                              C:/Tools/arm-gnu-toolchain/bin/../lib/gcc/arm-none-eabi/13.2.1/thumb/v7e-m+fp/hard\libstdc++_nano.a(eh_terminate.o) (__cxxabiv1::__terminate_handler)
C:/Tools/arm-gnu-toolchain/bin/../lib/gcc/arm-none-eabi/13.2.1/thumb/v7e-m+fp/hard\libc_nano.a(libc_a-abort.o)
                              C:/Tools/arm-gnu-toolchain/bin/../lib/gcc/arm-none-eabi/13.2.1/thumb/v7e-m+fp/hard\libstdc++_nano.a(eh_personality.o) (abort)
C:/Tools/arm-gnu-toolchain/bin/../lib/gcc/arm-none-eabi/13.2.1/thumb/v7e-m+fp/hard\libc_nano.a(libc_a-exit.o)
                              C:/Tools/arm-gnu-toolchain/bin/../lib/gcc/arm-none-eabi/13.2.1/thumb/v7e-m+fp/hard/crt0.o (exit)
C:/Tools/arm-gnu-toolchain/bin/../lib/gcc/arm-none-eabi/13.2.1/thumb/v7e-m+fp/hard\libc_nano.a(libc_a-malloc.o)
                              C:/Tools/arm-gnu-toolchain/bin/../lib/gcc/arm-none-eabi/13.2.1/thumb/v7e-m+fp/hard\libstdc++_nano.a(del_op.o) (free)
C:/Tools/arm-gnu-toolchain/bin/../lib/gcc/arm-none-eabi/13.2.1/thumb/v7e-m+fp/hard\libc_nano.a(libc_a-mallocr.o)
                              C:/Tools/arm-gnu-toolchain/bin/../lib/gcc/arm-none-eabi/13.2.1/thumb/v7e-m+fp/hard\libc_nano.a(libc_a-malloc.o) (_malloc_r)
[...]
Memory Configuration

Name             Origin             Length             Attributes
RAM              0x20000000         0x00020000         xrw
CCMRAM           0x10000000         0x00010000         xrw
FLASH            0x08000000         0x00100000         xr
*default*        0x00000000         0xffffffff

Linker script and memory map

LOAD C:/Tools/arm-gnu-toolchain/bin/../lib/gcc/arm-none-eabi/13.2.1/thumb/v7e-m+fp/hard/crti.o
LOAD C:/Tools/arm-gnu-toolchain/bin/../lib/gcc/arm-none-eabi/13.2.1/thumb/v7e-m+fp/hard/crtbegin.o
LOAD C:/Tools/arm-gnu-toolchain/bin/../lib/gcc/arm-none-eabi/13.2.1/thumb/v7e-m+fp/hard/crt0.o
LOAD build/gpio.o
LOAD build/adc.o
LOAD build/dma.o
LOAD build/spi.o
LOAD build/tim.o
LOAD build/stm32f4xx_it.o
LOAD build/stm32f4xx_hal_msp.o
LOAD build/stm32f4xx_hal_adc.o
LOAD build/stm32f4xx_hal_adc_ex.o
LOAD build/stm32f4xx_ll_adc.o
LOAD build/stm32f4xx_hal_rcc.o
LOAD build/stm32f4xx_hal_rcc_ex.o
LOAD build/stm32f4xx_hal_flash.o
LOAD build/stm32f4xx_hal_flash_ex.o
LOAD build/stm32f4xx_hal_flash_ramfunc.o
LOAD build/stm32f4xx_hal_gpio.o
LOAD build/stm32f4xx_hal_dma_ex.o
LOAD build/stm32f4xx_hal_dma.o
LOAD build/stm32f4xx_hal_pwr.o
LOAD build/stm32f4xx_hal_pwr_ex.o
LOAD build/stm32f4xx_hal_cortex.o
LOAD build/stm32f4xx_hal.o
LOAD build/stm32f4xx_hal_exti.o
LOAD build/stm32f4xx_hal_spi.o
LOAD build/stm32f4xx_hal_tim.o
LOAD build/stm32f4xx_hal_tim_ex.o
LOAD build/system_stm32f4xx.o
LOAD build/sysmem.o
LOAD build/syscalls.o
LOAD build/main.o
LOAD build/AdcSTM32F4.o
LOAD build/EncoderSTM32F4.o
LOAD build/GpioSTM32F4.o
LOAD build/PwmSTM32F4.o
LOAD build/TimerSTM32F4.o
LOAD build/Button.o
LOAD build/MotorDriver.o
LOAD build/EncoderDriver.o
LOAD build/startup_stm32f405xx.o
LOAD C:/Tools/arm-gnu-toolchain/bin/../lib/gcc/arm-none-eabi/13.2.1/thumb/v7e-m+fp/hard\libnosys.a
LOAD C:/Tools/arm-gnu-toolchain/bin/../lib/gcc/arm-none-eabi/13.2.1/thumb/v7e-m+fp/hard\libstdc++_nano.a
LOAD C:/Tools/arm-gnu-toolchain/bin/../lib/gcc/arm-none-eabi/13.2.1/thumb/v7e-m+fp/hard\libm.a
LOAD C:/Tools/arm-gnu-toolchain/bin/../lib/gcc/arm-none-eabi/13.2.1/thumb/v7e-m+fp/hard\libc_nano.a
START GROUP
LOAD C:/Tools/arm-gnu-toolchain/bin/../lib/gcc/arm-none-eabi/13.2.1/thumb/v7e-m+fp/hard\libgcc.a
LOAD C:/Tools/arm-gnu-toolchain/bin/../lib/gcc/arm-none-eabi/13.2.1/thumb/v7e-m+fp/hard\libc_nano.a
END GROUP
START GROUP
LOAD C:/Tools/arm-gnu-toolchain/bin/../lib/gcc/arm-none-eabi/13.2.1/thumb/v7e-m+fp/hard\libgcc.a
LOAD C:/Tools/arm-gnu-toolchain/bin/../lib/gcc/arm-none-eabi/13.2.1/thumb/v7e-m+fp/hard\libc_nano.a
END GROUP
LOAD C:/Tools/arm-gnu-toolchain/bin/../lib/gcc/arm-none-eabi/13.2.1/thumb/v7e-m+fp/hard/crtend.o
LOAD C:/Tools/arm-gnu-toolchain/bin/../lib/gcc/arm-none-eabi/13.2.1/thumb/v7e-m+fp/hard/crtn.o
                0x20020000                        _estack = (ORIGIN (RAM) + LENGTH (RAM))
                0x00000200                        _Min_Heap_Size = 0x200
                0x00000400                        _Min_Stack_Size = 0x400

.isr_vector     0x08000000      0x188
                0x08000000                        . = ALIGN (0x4)
 *(.isr_vector)
 .isr_vector    0x08000000      0x188 build/startup_stm32f405xx.o
                0x08000000                g_pfnVectors
                0x08000188                        . = ALIGN (0x4)

.text           0x08000188     0x6a0c
                0x08000188                        . = ALIGN (0x4)
 *(.text)
 .text          0x08000188       0x14 C:/Tools/arm-gnu-toolchain/bin/../lib/gcc/arm-none-eabi/13.2.1/thumb/v7e-m+fp/hard\libc_nano.a(libc_a-strcmp.o)
                0x08000188                strcmp
 .text          0x0800019c       0x30 C:/Tools/arm-gnu-toolchain/bin/../lib/gcc/arm-none-eabi/13.2.1/thumb/v7e-m+fp/hard\libgcc.a(_aeabi_uldivmod.o)
                0x0800019c                __aeabi_uldivmod
 .text          0x080001cc      0x1ac C:/Tools/arm-gnu-toolchain/bin/../lib/gcc/arm-none-eabi/13.2.1/thumb/v7e-m+fp/hard\libgcc.a(libunwind.o)
                0x080001cc                __restore_core_regs
                0x080001cc                restore_core_regs
                0x080001e4                __gnu_Unwind_Restore_VFP
                0x080001ec                __gnu_Unwind_Save_VFP
                0x080001f4                __gnu_Unwind_Restore_VFP_D
                0x080001fc                __gnu_Unwind_Save_VFP_D
                0x08000204                __gnu_Unwind_Restore_VFP_D_16_to_31
                0x0800020c                __gnu_Unwind_Save_VFP_D_16_to_31
                0x08000214                __gnu_Unwind_Restore_WMMXD
                0x08000258                __gnu_Unwind_Save_WMMXD
                0x0800029c                __gnu_Unwind_Restore_WMMXC
                0x080002b0                __gnu_Unwind_Save_WMMXC
                0x080002c4                ___Unwind_RaiseException
                0x080002c4                _Unwind_RaiseException
                0x080002e8                _Unwind_Resume
                0x080002e8                ___Unwind_Resume
                0x0800030c                _Unwind_Resume_or_Rethrow
                0x0800030c                ___Unwind_Resume_or_Rethrow
                0x08000330                _Unwind_ForcedUnwind
                0x08000330                ___Unwind_ForcedUnwind
                0x08000354                ___Unwind_Backtrace
                0x08000354                _Unwind_Backtrace
 .text          0x08000378        0x4 C:/Tools/arm-gnu-toolchain/bin/../lib/gcc/arm-none-eabi/13.2.1/thumb/v7e-m+fp/hard\libgcc.a(_dvmd_tls.o)
                0x08000378                __aeabi_idiv0
                0x08000378                __aeabi_ldiv0
 *(.text*)
 .text.deregister_tm_clones
                0x0800037c       0x1c C:/Tools/arm-gnu-toolchain/bin/../lib/gcc/arm-none-eabi/13.2.1/thumb/v7e-m+fp/hard/crtbegin.o
 .text.register_tm_clones
                0x08000398       0x24 C:/Tools/arm-gnu-toolchain/bin/../lib/gcc/arm-none-eabi/13.2.1/thumb/v7e-m+fp/hard/crtbegin.o
 .text.__do_global_dtors_aux
                0x080003bc       0x28 C:/Tools/arm-gnu-toolchain/bin/../lib/gcc/arm-none-eabi/13.2.1/thumb/v7e-m+fp/hard/crtbegin.o
 .text.frame_dummy
                0x080003e4       0x24 C:/Tools/arm-gnu-toolchain/bin/../lib/gcc/arm-none-eabi/13.2.1/thumb/v7e-m+fp/hard/crtbegin.o
 .text.MX_GPIO_Init
                0x08000408      0x168 build/gpio.o
                0x08000408                MX_GPIO_Init
 .text.MX_ADC1_Init
                0x08000570       0xbc build/adc.o
                0x08000570                MX_ADC1_Init
 .text.MX_ADC2_Init
                0x0800062c       0x70 build/adc.o
                0x0800062c                MX_ADC2_Init
 .text.MX_ADC3_Init
                0x0800069c       0x70 build/adc.o
                0x0800069c                MX_ADC3_Init
 .text.HAL_ADC_MspInit
                0x0800070c      0x13c build/adc.o
                0x0800070c                HAL_ADC_MspInit
 .text.MX_DMA_Init
                0x08000848       0x34 build/dma.o
                0x08000848                MX_DMA_Init
 .text.MX_SPI3_Init
                0x0800087c       0x40 build/spi.o
                0x0800087c                MX_SPI3_Init
 .text.HAL_SPI_MspInit
                0x080008bc       0x70 build/spi.o
                0x080008bc                HAL_SPI_MspInit
 .text.MX_TIM3_Init
                0x0800092c       0x64 build/tim.o
                0x0800092c                MX_TIM3_Init
 .text.MX_TIM4_Init
                0x08000990       0x64 build/tim.o
                0x08000990                MX_TIM4_Init
 .text.MX_TIM5_Init
                0x080009f4       0x70 build/tim.o
                0x080009f4                MX_TIM5_Init
 .text.HAL_TIM_PWM_MspInit
                0x08000a64       0x50 build/tim.o
                0x08000a64                HAL_TIM_PWM_MspInit
 .text.HAL_TIM_Encoder_MspInit
                0x08000ab4       0xb8 build/tim.o
                0x08000ab4                HAL_TIM_Encoder_MspInit
 .text.HAL_TIM_Base_MspInit
                0x08000b6c       0x78 build/tim.o
                0x08000b6c                HAL_TIM_Base_MspInit
 .text.HAL_TIM_MspPostInit
                0x08000be4      0x108 build/tim.o
                0x08000be4                HAL_TIM_MspPostInit
 .text.MX_TIM1_Init
                0x08000cec       0xb8 build/tim.o
                0x08000cec                MX_TIM1_Init
 .text.MX_TIM2_Init
                0x08000da4       0x7c build/tim.o
                0x08000da4                MX_TIM2_Init
 .text.MX_TIM10_Init
                0x08000e20       0x74 build/tim.o
                0x08000e20                MX_TIM10_Init
 .text.MX_TIM11_Init
                0x08000e94       0x74 build/tim.o
                0x08000e94                MX_TIM11_Init
 .text.NMI_Handler
                0x08000f08        0x2 build/stm32f4xx_it.o
                0x08000f08                NMI_Handler
 .text.HardFault_Handler
                0x08000f0a        0x2 build/stm32f4xx_it.o
                0x08000f0a                HardFault_Handler
 .text.MemManage_Handler
                0x08000f0c        0x2 build/stm32f4xx_it.o
                0x08000f0c                MemManage_Handler
 .text.BusFault_Handler
                0x08000f0e        0x2 build/stm32f4xx_it.o
                0x08000f0e                BusFault_Handler
 .text.UsageFault_Handler
                0x08000f10        0x2 build/stm32f4xx_it.o
                0x08000f10                UsageFault_Handler
 .text.SVC_Handler
                0x08000f12        0x2 build/stm32f4xx_it.o
                0x08000f12                SVC_Handler
 .text.DebugMon_Handler
                0x08000f14        0x2 build/stm32f4xx_it.o
                0x08000f14                DebugMon_Handler
 .text.PendSV_Handler
                0x08000f16        0x2 build/stm32f4xx_it.o
                0x08000f16                PendSV_Handler
 .text.SysTick_Handler
                0x08000f18        0x8 build/stm32f4xx_it.o
                0x08000f18                SysTick_Handler
 .text.DMA2_Stream0_IRQHandler
                0x08000f20       0x10 build/stm32f4xx_it.o
                0x08000f20                DMA2_Stream0_IRQHandler
 .text.HAL_MspInit
                0x08000f30       0x38 build/stm32f4xx_hal_msp.o
                0x08000f30                HAL_MspInit
 .text.ADC_Init
                0x08000f68      0x150 build/stm32f4xx_hal_adc.o
 .text.HAL_ADC_Init
                0x080010b8      0x1f4 build/stm32f4xx_hal_adc.o
                0x080010b8                HAL_ADC_Init
 .text.HAL_ADC_Start
                0x080012ac      0x180 build/stm32f4xx_hal_adc.o
                0x080012ac                HAL_ADC_Start
 .text.HAL_ADC_PollForConversion
                0x0800142c       0xb8 build/stm32f4xx_hal_adc.o
                0x0800142c                HAL_ADC_PollForConversion
 .text.HAL_ADC_GetValue
                0x080014e4        0x6 build/stm32f4xx_hal_adc.o
                0x080014e4                HAL_ADC_GetValue
 *fill*         0x080014ea        0x2 
 .text.HAL_ADC_ConfigChannel
                0x080014ec      0x1c8 build/stm32f4xx_hal_adc.o
                0x080014ec                HAL_ADC_ConfigChannel
 .text.HAL_RCC_OscConfig
                0x080016b4      0x4fc build/stm32f4xx_hal_rcc.o
                0x080016b4                HAL_RCC_OscConfig
 .text.HAL_RCC_GetSysClockFreq
                0x08001bb0       0xa8 build/stm32f4xx_hal_rcc.o
                0x08001bb0                HAL_RCC_GetSysClockFreq
 .text.HAL_RCC_ClockConfig
                0x08001c58      0x224 build/stm32f4xx_hal_rcc.o
                0x08001c58                HAL_RCC_ClockConfig
 .text.HAL_GPIO_Init
                0x08001e7c      0x2c0 build/stm32f4xx_hal_gpio.o
                0x08001e7c                HAL_GPIO_Init
 .text.HAL_GPIO_ReadPin
                0x0800213c       0x28 build/stm32f4xx_hal_gpio.o
                0x0800213c                HAL_GPIO_ReadPin
 .text.HAL_GPIO_WritePin
                0x08002164       0x38 build/stm32f4xx_hal_gpio.o
                0x08002164                HAL_GPIO_WritePin
 .text.DMA_CalcBaseAndBitshift
                0x0800219c       0x3c build/stm32f4xx_hal_dma.o
 .text.DMA_CheckFifoParam
                0x080021d8       0x8e build/stm32f4xx_hal_dma.o
 *fill*         0x08002266        0x2 
 .text.HAL_DMA_Init
                0x08002268      0x290 build/stm32f4xx_hal_dma.o
                0x08002268                HAL_DMA_Init
 .text.HAL_DMA_IRQHandler
                0x080024f8      0x1dc build/stm32f4xx_hal_dma.o
                0x080024f8                HAL_DMA_IRQHandler
 .text.__NVIC_EnableIRQ
                0x080026d4       0x1c build/stm32f4xx_hal_cortex.o
 .text.__NVIC_SetPriority
                0x080026f0       0x28 build/stm32f4xx_hal_cortex.o
 .text.NVIC_EncodePriority
                0x08002718       0x3e build/stm32f4xx_hal_cortex.o
 *fill*         0x08002756        0x2 
 .text.HAL_NVIC_SetPriorityGrouping
                0x08002758       0x3c build/stm32f4xx_hal_cortex.o
                0x08002758                HAL_NVIC_SetPriorityGrouping
 .text.HAL_NVIC_SetPriority
                0x08002794       0x48 build/stm32f4xx_hal_cortex.o
                0x08002794                HAL_NVIC_SetPriority
 .text.HAL_NVIC_EnableIRQ
                0x080027dc       0x1c build/stm32f4xx_hal_cortex.o
                0x080027dc                HAL_NVIC_EnableIRQ
 .text.HAL_SYSTICK_Config
                0x080027f8       0x28 build/stm32f4xx_hal_cortex.o
                0x080027f8                HAL_SYSTICK_Config
 .text.HAL_InitTick
                0x08002820       0x4c build/stm32f4xx_hal.o
                0x08002820                HAL_InitTick
 .text.HAL_Init
                0x0800286c       0x34 build/stm32f4xx_hal.o
                0x0800286c                HAL_Init
 .text.HAL_IncTick
                0x080028a0       0x18 build/stm32f4xx_hal.o
                0x080028a0                HAL_IncTick
 .text.HAL_GetTick
                0x080028b8        0xc build/stm32f4xx_hal.o
                0x080028b8                HAL_GetTick
 .text.HAL_Delay
                0x080028c4       0x28 build/stm32f4xx_hal.o
                0x080028c4                HAL_Delay
 .text.HAL_SPI_Init
                0x080028ec      0x25c build/stm32f4xx_hal_spi.o
                0x080028ec                HAL_SPI_Init
 .text.TIM_TI1_ConfigInputStage
                0x08002b48       0x26 build/stm32f4xx_hal_tim.o
 .text.TIM_TI2_ConfigInputStage
                0x08002b6e       0x28 build/stm32f4xx_hal_tim.o
 .text.TIM_ITRx_SetConfig
                0x08002b96       0x10 build/stm32f4xx_hal_tim.o
 *fill*         0x08002ba6        0x2 
 .text.TIM_OC1_SetConfig
                0x08002ba8       0xb4 build/stm32f4xx_hal_tim.o
 .text.TIM_OC3_SetConfig
                0x08002c5c       0xbc build/stm32f4xx_hal_tim.o
 .text.TIM_OC4_SetConfig
                0x08002d18       0x74 build/stm32f4xx_hal_tim.o
 .text.HAL_TIM_Base_Start_IT
                0x08002d8c      0x108 build/stm32f4xx_hal_tim.o
                0x08002d8c                HAL_TIM_Base_Start_IT
 .text.HAL_TIM_Base_Stop_IT
                0x08002e94       0xb8 build/stm32f4xx_hal_tim.o
                0x08002e94                HAL_TIM_Base_Stop_IT
 .text.TIM_Base_SetConfig
                0x08002f4c       0xd8 build/stm32f4xx_hal_tim.o
                0x08002f4c                TIM_Base_SetConfig
 .text.HAL_TIM_Base_Init
                0x08003024      0x168 build/stm32f4xx_hal_tim.o
                0x08003024                HAL_TIM_Base_Init
 .text.HAL_TIM_PWM_Init
                0x0800318c      0x168 build/stm32f4xx_hal_tim.o
                0x0800318c                HAL_TIM_PWM_Init
 .text.HAL_TIM_Encoder_Init
                0x080032f4      0x260 build/stm32f4xx_hal_tim.o
                0x080032f4                HAL_TIM_Encoder_Init
 .text.TIM_OC2_SetConfig
                0x08003554       0xc0 build/stm32f4xx_hal_tim.o
                0x08003554                TIM_OC2_SetConfig
 .text.HAL_TIM_PWM_ConfigChannel
                0x08003614      0x27c build/stm32f4xx_hal_tim.o
                0x08003614                HAL_TIM_PWM_ConfigChannel
 .text.TIM_ETR_SetConfig
                0x08003890       0x1a build/stm32f4xx_hal_tim.o
                0x08003890                TIM_ETR_SetConfig
 *fill*         0x080038aa        0x2 
 .text.HAL_TIM_ConfigClockSource
                0x080038ac      0x4fc build/stm32f4xx_hal_tim.o
                0x080038ac                HAL_TIM_ConfigClockSource
 .text.TIM_CCxChannelCmd
                0x08003da8       0xb0 build/stm32f4xx_hal_tim.o
                0x08003da8                TIM_CCxChannelCmd
 .text.HAL_TIM_Encoder_Start
                0x08003e58      0x128 build/stm32f4xx_hal_tim.o
                0x08003e58                HAL_TIM_Encoder_Start
 .text.HAL_TIMEx_MasterConfigSynchronization
                0x08003f80      0x118 build/stm32f4xx_hal_tim_ex.o
                0x08003f80                HAL_TIMEx_MasterConfigSynchronization
 .text.HAL_TIMEx_ConfigBreakDeadTime
                0x08004098      0x124 build/stm32f4xx_hal_tim_ex.o
                0x08004098                HAL_TIMEx_ConfigBreakDeadTime
 .text.SystemInit
                0x080041bc       0x14 build/system_stm32f4xx.o
                0x080041bc                SystemInit
 .text._getpid  0x080041d0        0x4 build/syscalls.o
                0x080041d0                _getpid
 .text._kill    0x080041d4       0x10 build/syscalls.o
                0x080041d4                _kill
 .text._exit    0x080041e4        0xc build/syscalls.o
                0x080041e4                _exit
 .text._ZN11GpioSTM32F4D2Ev
                0x080041f0       0x14 build/main.o
                0x080041f0                GpioSTM32F4::~GpioSTM32F4()
                0x080041f0                GpioSTM32F4::~GpioSTM32F4()
 .text._ZN10AdcSTM32F4D2Ev
                0x08004204       0x14 build/main.o
                0x08004204                AdcSTM32F4::~AdcSTM32F4()
                0x08004204                AdcSTM32F4::~AdcSTM32F4()
 .text._ZN12TimerSTM32F4D2Ev
                0x08004218       0x14 build/main.o
                0x08004218                TimerSTM32F4::~TimerSTM32F4()
                0x08004218                TimerSTM32F4::~TimerSTM32F4()
 .text._ZN14EncoderSTM32F4D2Ev
                0x0800422c       0x14 build/main.o
                0x0800422c                EncoderSTM32F4::~EncoderSTM32F4()
                0x0800422c                EncoderSTM32F4::~EncoderSTM32F4()
 .text._ZN11GpioSTM32F4D0Ev
                0x08004240       0x20 build/main.o
                0x08004240                GpioSTM32F4::~GpioSTM32F4()
 .text._ZN10AdcSTM32F4D0Ev
                0x08004260       0x20 build/main.o
                0x08004260                AdcSTM32F4::~AdcSTM32F4()
 .text._ZN12TimerSTM32F4D0Ev
                0x08004280       0x20 build/main.o
                0x08004280                TimerSTM32F4::~TimerSTM32F4()
 .text._ZN14EncoderSTM32F4D0Ev
                0x080042a0       0x20 build/main.o
                0x080042a0                EncoderSTM32F4::~EncoderSTM32F4()
 .text.Error_Handler
                0x080042c0        0x4 build/main.o
                0x080042c0                Error_Handler
 .text._Z18SystemClock_Configv
                0x080042c4       0xa4 build/main.o
                0x080042c4                SystemClock_Config()
 .text.main     0x08004368      0x9a4 build/main.o
                0x08004368                main
 .text.assert_failed
                0x08004d0c        0x2 build/main.o
                0x08004d0c                assert_failed
 .text._ZN10AdcSTM32F44readEh
                0x08004d0e       0x46 build/AdcSTM32F4.o
                0x08004d0e                AdcSTM32F4::read(unsigned char)
 .text._ZN10AdcSTM32F4C2EP17ADC_HandleTypeDef
                0x08004d54       0x14 build/AdcSTM32F4.o
                0x08004d54                AdcSTM32F4::AdcSTM32F4(ADC_HandleTypeDef*)
                0x08004d54                AdcSTM32F4::AdcSTM32F4(ADC_HandleTypeDef*)
 .text._ZNK14EncoderSTM32F48getCountEv
                0x08004d68        0x8 build/EncoderSTM32F4.o
                0x08004d68                EncoderSTM32F4::getCount() const
 .text._ZN14EncoderSTM32F410resetCountEv
                0x08004d70        0xa build/EncoderSTM32F4.o
                0x08004d70                EncoderSTM32F4::resetCount()
 *fill*         0x08004d7a        0x2 
 .text._ZN14EncoderSTM32F4C2EP17TIM_HandleTypeDef
                0x08004d7c       0x2c build/EncoderSTM32F4.o
                0x08004d7c                EncoderSTM32F4::EncoderSTM32F4(TIM_HandleTypeDef*)
                0x08004d7c                EncoderSTM32F4::EncoderSTM32F4(TIM_HandleTypeDef*)
 .text._ZN11GpioSTM32F47setHighEv
                0x08004da8        0xe build/GpioSTM32F4.o
                0x08004da8                GpioSTM32F4::setHigh()
 .text._ZN11GpioSTM32F46setLowEv
                0x08004db6        0xe build/GpioSTM32F4.o
                0x08004db6                GpioSTM32F4::setLow()
 .text._ZN11GpioSTM32F44readEv
                0x08004dc4       0x14 build/GpioSTM32F4.o
                0x08004dc4                GpioSTM32F4::read()
 .text._ZN11GpioSTM32F4C2EP12GPIO_TypeDeft
                0x08004dd8       0x1c build/GpioSTM32F4.o
                0x08004dd8                GpioSTM32F4::GpioSTM32F4(GPIO_TypeDef*, unsigned short)
                0x08004dd8                GpioSTM32F4::GpioSTM32F4(GPIO_TypeDef*, unsigned short)
 .text._ZN10PwmSTM32F4C2EP17TIM_HandleTypeDefm
                0x08004df4        0x6 build/PwmSTM32F4.o
                0x08004df4                PwmSTM32F4::PwmSTM32F4(TIM_HandleTypeDef*, unsigned long)
                0x08004df4                PwmSTM32F4::PwmSTM32F4(TIM_HandleTypeDef*, unsigned long)
 .text._ZN12TimerSTM32F411setCallbackEPFvvE
                0x08004dfa        0x4 build/TimerSTM32F4.o
                0x08004dfa                TimerSTM32F4::setCallback(void (*)())
 .text._ZN12TimerSTM32F45startEv
                0x08004dfe        0xa build/TimerSTM32F4.o
                0x08004dfe                TimerSTM32F4::start()
 .text._ZN12TimerSTM32F44stopEv
                0x08004e08        0xa build/TimerSTM32F4.o
                0x08004e08                TimerSTM32F4::stop()
 *fill*         0x08004e12        0x2 
 .text._ZN12TimerSTM32F4C2EP17TIM_HandleTypeDef
                0x08004e14       0x18 build/TimerSTM32F4.o
                0x08004e14                TimerSTM32F4::TimerSTM32F4(TIM_HandleTypeDef*)
                0x08004e14                TimerSTM32F4::TimerSTM32F4(TIM_HandleTypeDef*)
 .text._ZN6ButtonC2EP5IGpiom
                0x08004e2c        0x6 build/Button.o
                0x08004e2c                Button::Button(IGpio*, unsigned long)
                0x08004e2c                Button::Button(IGpio*, unsigned long)
 .text._ZN6Button10checkStateEv
                0x08004e32       0x38 build/Button.o
                0x08004e32                Button::checkState()
 .text._ZN11MotorDriverC2EP10PwmSTM32F4P11GpioSTM32F4S3_f
                0x08004e6a        0xc build/MotorDriver.o
                0x08004e6a                MotorDriver::MotorDriver(PwmSTM32F4*, GpioSTM32F4*, GpioSTM32F4*, float)
                0x08004e6a                MotorDriver::MotorDriver(PwmSTM32F4*, GpioSTM32F4*, GpioSTM32F4*, float)
 *fill*         0x08004e76        0x2 
 .text.Reset_Handler
                0x08004e78       0x50 build/startup_stm32f405xx.o
                0x08004e78                Reset_Handler
 .text.Default_Handler
                0x08004ec8        0x2 build/startup_stm32f405xx.o
                0x08004ec8                RTC_Alarm_IRQHandler
                0x08004ec8                HASH_RNG_IRQHandler
                0x08004ec8                EXTI2_IRQHandler
                0x08004ec8                TIM8_CC_IRQHandler
                0x08004ec8                TIM1_CC_IRQHandler
                0x08004ec8                DMA2_Stream5_IRQHandler
                0x08004ec8                DMA1_Stream5_IRQHandler
                0x08004ec8                PVD_IRQHandler
                0x08004ec8                SDIO_IRQHandler
                0x08004ec8                TAMP_STAMP_IRQHandler
                0x08004ec8                CAN2_RX1_IRQHandler
                0x08004ec8                EXTI3_IRQHandler
                0x08004ec8                TIM8_TRG_COM_TIM14_IRQHandler
                0x08004ec8                TIM1_UP_TIM10_IRQHandler
                0x08004ec8                TIM8_UP_TIM13_IRQHandler
                0x08004ec8                I2C3_ER_IRQHandler
                0x08004ec8                EXTI0_IRQHandler
                0x08004ec8                I2C2_EV_IRQHandler
                0x08004ec8                DMA1_Stream2_IRQHandler
                0x08004ec8                CAN1_RX0_IRQHandler
                0x08004ec8                FPU_IRQHandler
                0x08004ec8                OTG_HS_WKUP_IRQHandler
                0x08004ec8                CAN2_SCE_IRQHandler
                0x08004ec8                DMA2_Stream2_IRQHandler
                0x08004ec8                SPI1_IRQHandler
                0x08004ec8                TIM6_DAC_IRQHandler
                0x08004ec8                TIM1_BRK_TIM9_IRQHandler
                0x08004ec8                CAN2_RX0_IRQHandler
                0x08004ec8                DMA2_Stream3_IRQHandler
                0x08004ec8                USART6_IRQHandler
                0x08004ec8                USART3_IRQHandler
                0x08004ec8                CAN1_RX1_IRQHandler
                0x08004ec8                UART5_IRQHandler
                0x08004ec8                TIM4_IRQHandler
                0x08004ec8                I2C1_EV_IRQHandler
                0x08004ec8                DMA1_Stream6_IRQHandler
                0x08004ec8                DMA1_Stream1_IRQHandler
                0x08004ec8                UART4_IRQHandler
                0x08004ec8                TIM3_IRQHandler
                0x08004ec8                RCC_IRQHandler
                0x08004ec8                TIM8_BRK_TIM12_IRQHandler
                0x08004ec8                Default_Handler
                0x08004ec8                EXTI15_10_IRQHandler
                0x08004ec8                ADC_IRQHandler
                0x08004ec8                DMA1_Stream7_IRQHandler
                0x08004ec8                TIM7_IRQHandler
                0x08004ec8                CAN2_TX_IRQHandler
                0x08004ec8                TIM5_IRQHandler
                0x08004ec8                DMA2_Stream7_IRQHandler
                0x08004ec8                I2C3_EV_IRQHandler
                0x08004ec8                EXTI9_5_IRQHandler
                0x08004ec8                RTC_WKUP_IRQHandler
                0x08004ec8                SPI2_IRQHandler
                0x08004ec8                OTG_HS_EP1_IN_IRQHandler
                0x08004ec8                DMA1_Stream0_IRQHandler
                0x08004ec8                CAN1_TX_IRQHandler
                0x08004ec8                EXTI4_IRQHandler
                0x08004ec8                FSMC_IRQHandler
                0x08004ec8                OTG_HS_EP1_OUT_IRQHandler
                0x08004ec8                WWDG_IRQHandler
                0x08004ec8                TIM2_IRQHandler
                0x08004ec8                OTG_FS_WKUP_IRQHandler
                0x08004ec8                TIM1_TRG_COM_TIM11_IRQHandler
                0x08004ec8                OTG_HS_IRQHandler
                0x08004ec8                EXTI1_IRQHandler
                0x08004ec8                USART2_IRQHandler
                0x08004ec8                I2C2_ER_IRQHandler
                0x08004ec8                DMA2_Stream1_IRQHandler
                0x08004ec8                CAN1_SCE_IRQHandler
                0x08004ec8                FLASH_IRQHandler
                0x08004ec8                DMA2_Stream4_IRQHandler
                0x08004ec8                USART1_IRQHandler
                0x08004ec8                OTG_FS_IRQHandler
                0x08004ec8                SPI3_IRQHandler
                0x08004ec8                DMA1_Stream4_IRQHandler
                0x08004ec8                I2C1_ER_IRQHandler
                0x08004ec8                DMA2_Stream6_IRQHandler
                0x08004ec8                DMA1_Stream3_IRQHandler
 .text.__aeabi_atexit
                0x08004eca        0xa C:/Tools/arm-gnu-toolchain/bin/../lib/gcc/arm-none-eabi/13.2.1/thumb/v7e-m+fp/hard\libstdc++_nano.a(atexit_arm.o)
                0x08004eca                __aeabi_atexit
 .text._ZNK10__cxxabiv117__class_type_info11__do_upcastEPKS0_PPv
                0x08004ed4       0x32 C:/Tools/arm-gnu-toolchain/bin/../lib/gcc/arm-none-eabi/13.2.1/thumb/v7e-m+fp/hard\libstdc++_nano.a(class_type_info.o)
                0x08004ed4                __cxxabiv1::__class_type_info::__do_upcast(__cxxabiv1::__class_type_info const*, void**) const
 .text._ZNK10__cxxabiv117__class_type_info20__do_find_public_srcEiPKvPKS0_S2_
                0x08004f06        0xc C:/Tools/arm-gnu-toolchain/bin/../lib/gcc/arm-none-eabi/13.2.1/thumb/v7e-m+fp/hard\libstdc++_nano.a(class_type_info.o)
                0x08004f06                __cxxabiv1::__class_type_info::__do_find_public_src(int, void const*, __cxxabiv1::__class_type_info const*, void const*) const
 *fill*         0x08004f12        0x2 
 .text._ZN10__cxxabiv117__class_type_infoD2Ev
                0x08004f14       0x14 C:/Tools/arm-gnu-toolchain/bin/../lib/gcc/arm-none-eabi/13.2.1/thumb/v7e-m+fp/hard\libstdc++_nano.a(class_type_info.o)
                0x08004f14                __cxxabiv1::__class_type_info::~__class_type_info()
                0x08004f14                __cxxabiv1::__class_type_info::~__class_type_info()
 .text._ZN10__cxxabiv117__class_type_infoD0Ev
                0x08004f28       0x14 C:/Tools/arm-gnu-toolchain/bin/../lib/gcc/arm-none-eabi/13.2.1/thumb/v7e-m+fp/hard\libstdc++_nano.a(class_type_info.o)
                0x08004f28                __cxxabiv1::__class_type_info::~__class_type_info()
 .text._ZNK10__cxxabiv117__class_type_info12__do_dyncastEiNS0_10__sub_kindEPKS0_PKvS3_S5_RNS0_16__dyncast_resultE
                0x08004f3c       0x3e C:/Tools/arm-gnu-toolchain/bin/../lib/gcc/arm-none-eabi/13.2.1/thumb/v7e-m+fp/hard\libstdc++_nano.a(class_type_info.o)
                0x08004f3c                __cxxabiv1::__class_type_info::__do_dyncast(int, __cxxabiv1::__class_type_info::__sub_kind, __cxxabiv1::__class_type_info const*, void const*, __cxxabiv1::__class_type_info const*, void const*, __cxxabiv1::__class_type_info::__dyncast_result&) const
 .text._ZNK10__cxxabiv117__class_type_info11__do_upcastEPKS0_PKvRNS0_15__upcast_resultE
                0x08004f7a       0x18 C:/Tools/arm-gnu-toolchain/bin/../lib/gcc/arm-none-eabi/13.2.1/thumb/v7e-m+fp/hard\libstdc++_nano.a(class_type_info.o)
                0x08004f7a                __cxxabiv1::__class_type_info::__do_upcast(__cxxabiv1::__class_type_info const*, void const*, __cxxabiv1::__class_type_info::__upcast_result&) const
 .text._ZNK10__cxxabiv117__class_type_info10__do_catchEPKSt9type_infoPPvj
                0x08004f92       0x2a C:/Tools/arm-gnu-toolchain/bin/../lib/gcc/arm-none-eabi/13.2.1/thumb/v7e-m+fp/hard\libstdc++_nano.a(class_type_info.o)
                0x08004f92                __cxxabiv1::__class_type_info::__do_catch(std::type_info const*, void**, unsigned int) const
 .text._ZdlPvj  0x08004fbc        0x4 C:/Tools/arm-gnu-toolchain/bin/../lib/gcc/arm-none-eabi/13.2.1/thumb/v7e-m+fp/hard\libstdc++_nano.a(del_ops.o)
                0x08004fbc                operator delete(void*, unsigned int)
 .text.__cxa_end_cleanup
                0x08004fc0        0xc C:/Tools/arm-gnu-toolchain/bin/../lib/gcc/arm-none-eabi/13.2.1/thumb/v7e-m+fp/hard\libstdc++_nano.a(eh_arm.o)
                0x08004fc0                __cxa_end_cleanup
 .text._ZN10__cxxabiv1L24__is_gxx_exception_classEPc
                0x08004fcc       0x3a C:/Tools/arm-gnu-toolchain/bin/../lib/gcc/arm-none-eabi/13.2.1/thumb/v7e-m+fp/hard\libstdc++_nano.a(eh_arm.o)
 *fill*         0x08005006        0x2 
 .text.__cxa_type_match
                0x08005008       0xbc C:/Tools/arm-gnu-toolchain/bin/../lib/gcc/arm-none-eabi/13.2.1/thumb/v7e-m+fp/hard\libstdc++_nano.a(eh_arm.o)
                0x08005008                __cxa_type_match
 .text.__cxa_begin_cleanup
                0x080050c4       0x3a C:/Tools/arm-gnu-toolchain/bin/../lib/gcc/arm-none-eabi/13.2.1/thumb/v7e-m+fp/hard\libstdc++_nano.a(eh_arm.o)
                0x080050c4                __cxa_begin_cleanup
 .text.__gnu_end_cleanup
                0x080050fe       0x32 C:/Tools/arm-gnu-toolchain/bin/../lib/gcc/arm-none-eabi/13.2.1/thumb/v7e-m+fp/hard\libstdc++_nano.a(eh_arm.o)
                0x080050fe                __gnu_end_cleanup
 .text.__cxa_get_globals
                0x08005130        0x8 C:/Tools/arm-gnu-toolchain/bin/../lib/gcc/arm-none-eabi/13.2.1/thumb/v7e-m+fp/hard\libstdc++_nano.a(eh_globals.o)
                0x08005130                __cxa_get_globals
 .text._ZL12read_uleb128PKhPm
                0x08005138       0x1e C:/Tools/arm-gnu-toolchain/bin/../lib/gcc/arm-none-eabi/13.2.1/thumb/v7e-m+fp/hard\libstdc++_nano.a(eh_personality.o)
 .text._ZL12read_sleb128PKhPl
                0x08005156       0x30 C:/Tools/arm-gnu-toolchain/bin/../lib/gcc/arm-none-eabi/13.2.1/thumb/v7e-m+fp/hard\libstdc++_nano.a(eh_personality.o)
 .text._ZL28read_encoded_value_with_basehjPKhPj
                0x08005186       0x8c C:/Tools/arm-gnu-toolchain/bin/../lib/gcc/arm-none-eabi/13.2.1/thumb/v7e-m+fp/hard\libstdc++_nano.a(eh_personality.o)
 .text._ZL21base_of_encoded_valuehP15_Unwind_Context
                0x08005212       0x42 C:/Tools/arm-gnu-toolchain/bin/../lib/gcc/arm-none-eabi/13.2.1/thumb/v7e-m+fp/hard\libstdc++_nano.a(eh_personality.o)
 .text._ZL18read_encoded_valueP15_Unwind_ContexthPKhPj
                0x08005254       0x20 C:/Tools/arm-gnu-toolchain/bin/../lib/gcc/arm-none-eabi/13.2.1/thumb/v7e-m+fp/hard\libstdc++_nano.a(eh_personality.o)
 .text._ZL17parse_lsda_headerP15_Unwind_ContextPKhP16lsda_header_info
                0x08005274       0x5e C:/Tools/arm-gnu-toolchain/bin/../lib/gcc/arm-none-eabi/13.2.1/thumb/v7e-m+fp/hard\libstdc++_nano.a(eh_personality.o)
 .text._Unwind_GetGR
                0x080052d2       0x18 C:/Tools/arm-gnu-toolchain/bin/../lib/gcc/arm-none-eabi/13.2.1/thumb/v7e-m+fp/hard\libstdc++_nano.a(eh_personality.o)
 *fill*         0x080052ea        0x2 
 .text.__gxx_personality_v0
                0x080052ec      0x32c C:/Tools/arm-gnu-toolchain/bin/../lib/gcc/arm-none-eabi/13.2.1/thumb/v7e-m+fp/hard\libstdc++_nano.a(eh_personality.o)
                0x080052ec                __gxx_personality_v0
 .text._ZN10__cxxabiv111__terminateEPFvvE
                0x08005618        0x8 C:/Tools/arm-gnu-toolchain/bin/../lib/gcc/arm-none-eabi/13.2.1/thumb/v7e-m+fp/hard\libstdc++_nano.a(eh_terminate.o)
                0x08005618                __cxxabiv1::__terminate(void (*)())
 .text._ZSt13get_terminatev
                0x08005620       0x10 C:/Tools/arm-gnu-toolchain/bin/../lib/gcc/arm-none-eabi/13.2.1/thumb/v7e-m+fp/hard\libstdc++_nano.a(eh_terminate.o)
                0x08005620                std::get_terminate()
 .text._ZSt9terminatev
                0x08005630        0xa C:/Tools/arm-gnu-toolchain/bin/../lib/gcc/arm-none-eabi/13.2.1/thumb/v7e-m+fp/hard\libstdc++_nano.a(eh_terminate.o)
                0x08005630                std::terminate()
 .text._ZN10__cxxabiv112__unexpectedEPFvvE
                0x0800563a        0x8 C:/Tools/arm-gnu-toolchain/bin/../lib/gcc/arm-none-eabi/13.2.1/thumb/v7e-m+fp/hard\libstdc++_nano.a(eh_terminate.o)
                0x0800563a                __cxxabiv1::__unexpected(void (*)())
 *fill*         0x08005642        0x2 
 .text._ZSt14get_unexpectedv
                0x08005644       0x10 C:/Tools/arm-gnu-toolchain/bin/../lib/gcc/arm-none-eabi/13.2.1/thumb/v7e-m+fp/hard\libstdc++_nano.a(eh_terminate.o)
                0x08005644                std::get_unexpected()
 .text._ZSt10unexpectedv
                0x08005654        0xa C:/Tools/arm-gnu-toolchain/bin/../lib/gcc/arm-none-eabi/13.2.1/thumb/v7e-m+fp/hard\libstdc++_nano.a(eh_terminate.o)
                0x08005654                std::unexpected()
 .text.__cxa_guard_acquire
                0x0800565e       0x18 C:/Tools/arm-gnu-toolchain/bin/../lib/gcc/arm-none-eabi/13.2.1/thumb/v7e-m+fp/hard\libstdc++_nano.a(guard.o)
                0x0800565e                __cxa_guard_acquire
 .text.__cxa_guard_abort
                0x08005676        0x6 C:/Tools/arm-gnu-toolchain/bin/../lib/gcc/arm-none-eabi/13.2.1/thumb/v7e-m+fp/hard\libstdc++_nano.a(guard.o)
                0x08005676                __cxa_guard_abort
 .text.__cxa_guard_release
                0x0800567c        0x6 C:/Tools/arm-gnu-toolchain/bin/../lib/gcc/arm-none-eabi/13.2.1/thumb/v7e-m+fp/hard\libstdc++_nano.a(guard.o)
                0x0800567c                __cxa_guard_release
 *fill*         0x08005682        0x2 
 .text._ZN10__cxxabiv120__si_class_type_infoD2Ev
                0x08005684       0x14 C:/Tools/arm-gnu-toolchain/bin/../lib/gcc/arm-none-eabi/13.2.1/thumb/v7e-m+fp/hard\libstdc++_nano.a(si_class_type_info.o)
                0x08005684                __cxxabiv1::__si_class_type_info::~__si_class_type_info()
                0x08005684                __cxxabiv1::__si_class_type_info::~__si_class_type_info()
 .text._ZN10__cxxabiv120__si_class_type_infoD0Ev
                0x08005698       0x14 C:/Tools/arm-gnu-toolchain/bin/../lib/gcc/arm-none-eabi/13.2.1/thumb/v7e-m+fp/hard\libstdc++_nano.a(si_class_type_info.o)
                0x08005698                __cxxabiv1::__si_class_type_info::~__si_class_type_info()
 .text._ZNK10__cxxabiv120__si_class_type_info20__do_find_public_srcEiPKvPKNS_17__class_type_infoES2_
                0x080056ac       0x3c C:/Tools/arm-gnu-toolchain/bin/../lib/gcc/arm-none-eabi/13.2.1/thumb/v7e-m+fp/hard\libstdc++_nano.a(si_class_type_info.o)
                0x080056ac                __cxxabiv1::__si_class_type_info::__do_find_public_src(int, void const*, __cxxabiv1::__class_type_info const*, void const*) const
 .text._ZNK10__cxxabiv120__si_class_type_info12__do_dyncastEiNS_17__class_type_info10__sub_kindEPKS1_PKvS4_S6_RNS1_16__dyncast_resultE
                0x080056e8       0x74 C:/Tools/arm-gnu-toolchain/bin/../lib/gcc/arm-none-eabi/13.2.1/thumb/v7e-m+fp/hard\libstdc++_nano.a(si_class_type_info.o)
                0x080056e8                __cxxabiv1::__si_class_type_info::__do_dyncast(int, __cxxabiv1::__class_type_info::__sub_kind, __cxxabiv1::__class_type_info const*, void const*, __cxxabiv1::__class_type_info const*, void const*, __cxxabiv1::__class_type_info::__dyncast_result&) const
 .text._ZNK10__cxxabiv120__si_class_type_info11__do_upcastEPKNS_17__class_type_infoEPKvRNS1_15__upcast_resultE
                0x0800575c       0x2a C:/Tools/arm-gnu-toolchain/bin/../lib/gcc/arm-none-eabi/13.2.1/thumb/v7e-m+fp/hard\libstdc++_nano.a(si_class_type_info.o)
                0x0800575c                __cxxabiv1::__si_class_type_info::__do_upcast(__cxxabiv1::__class_type_info const*, void const*, __cxxabiv1::__class_type_info::__upcast_result&) const
 .text._ZNSt9type_infoD2Ev
                0x08005786        0x2 C:/Tools/arm-gnu-toolchain/bin/../lib/gcc/arm-none-eabi/13.2.1/thumb/v7e-m+fp/hard\libstdc++_nano.a(tinfo.o)
                0x08005786                std::type_info::~type_info()
                0x08005786                std::type_info::~type_info()
 .text._ZNKSt9type_info14__is_pointer_pEv
                0x08005788        0x4 C:/Tools/arm-gnu-toolchain/bin/../lib/gcc/arm-none-eabi/13.2.1/thumb/v7e-m+fp/hard\libstdc++_nano.a(tinfo.o)
                0x08005788                std::type_info::__is_pointer_p() const
                0x08005788                std::type_info::__is_function_p() const
 .text._ZNKSt9type_infoeqERKS_
                0x0800578c       0x2c C:/Tools/arm-gnu-toolchain/bin/../lib/gcc/arm-none-eabi/13.2.1/thumb/v7e-m+fp/hard\libstdc++_nano.a(tinfo.o)
                0x0800578c                std::type_info::operator==(std::type_info const&) const
                0x0800578c                std::type_info::__equal(std::type_info const&) const
 .text._ZdlPv   0x080057b8        0x4 C:/Tools/arm-gnu-toolchain/bin/../lib/gcc/arm-none-eabi/13.2.1/thumb/v7e-m+fp/hard\libstdc++_nano.a(del_op.o)
                0x080057b8                operator delete(void*)
 .text._ZN10__cxxabiv1L24__is_gxx_exception_classEPc
                0x080057bc       0x3a C:/Tools/arm-gnu-toolchain/bin/../lib/gcc/arm-none-eabi/13.2.1/thumb/v7e-m+fp/hard\libstdc++_nano.a(eh_call.o)
 .text.__cxa_call_terminate
                0x080057f6       0x1e C:/Tools/arm-gnu-toolchain/bin/../lib/gcc/arm-none-eabi/13.2.1/thumb/v7e-m+fp/hard\libstdc++_nano.a(eh_call.o)
                0x080057f6                __cxa_call_terminate
 .text.__cxa_call_unexpected
                0x08005814       0x28 C:/Tools/arm-gnu-toolchain/bin/../lib/gcc/arm-none-eabi/13.2.1/thumb/v7e-m+fp/hard\libstdc++_nano.a(eh_call.o)
                0x08005814                __cxa_call_unexpected
 .text._ZN10__cxxabiv1L24__is_gxx_exception_classEPc
                0x0800583c       0x3a C:/Tools/arm-gnu-toolchain/bin/../lib/gcc/arm-none-eabi/13.2.1/thumb/v7e-m+fp/hard\libstdc++_nano.a(eh_catch.o)
 .text.__cxa_begin_catch
                0x08005876       0x52 C:/Tools/arm-gnu-toolchain/bin/../lib/gcc/arm-none-eabi/13.2.1/thumb/v7e-m+fp/hard\libstdc++_nano.a(eh_catch.o)
                0x08005876                __cxa_begin_catch
 .text.abort    0x080058c8        0xe C:/Tools/arm-gnu-toolchain/bin/../lib/gcc/arm-none-eabi/13.2.1/thumb/v7e-m+fp/hard\libc_nano.a(libc_a-abort.o)
                0x080058c8                abort
 *fill*         0x080058d6        0x2 
 .text.free     0x080058d8       0x10 C:/Tools/arm-gnu-toolchain/bin/../lib/gcc/arm-none-eabi/13.2.1/thumb/v7e-m+fp/hard\libc_nano.a(libc_a-malloc.o)
                0x080058d8                free
 .text.__malloc_lock
                0x080058e8        0xc C:/Tools/arm-gnu-toolchain/bin/../lib/gcc/arm-none-eabi/13.2.1/thumb/v7e-m+fp/hard\libc_nano.a(libc_a-mlock.o)
                0x080058e8                __malloc_lock
 .text.__malloc_unlock
                0x080058f4        0xc C:/Tools/arm-gnu-toolchain/bin/../lib/gcc/arm-none-eabi/13.2.1/thumb/v7e-m+fp/hard\libc_nano.a(libc_a-mlock.o)
                0x080058f4                __malloc_unlock
 .text.__cxa_atexit
                0x08005900       0x1c C:/Tools/arm-gnu-toolchain/bin/../lib/gcc/arm-none-eabi/13.2.1/thumb/v7e-m+fp/hard\libc_nano.a(libc_a-cxa_atexit.o)
                0x08005900                __cxa_atexit
 .text.memset   0x0800591c       0x10 C:/Tools/arm-gnu-toolchain/bin/../lib/gcc/arm-none-eabi/13.2.1/thumb/v7e-m+fp/hard\libc_nano.a(libc_a-memset.o)
                0x0800591c                memset
 .text._raise_r
                0x0800592c       0x50 C:/Tools/arm-gnu-toolchain/bin/../lib/gcc/arm-none-eabi/13.2.1/thumb/v7e-m+fp/hard\libc_nano.a(libc_a-signal.o)
                0x0800592c                _raise_r
 .text.raise    0x0800597c       0x10 C:/Tools/arm-gnu-toolchain/bin/../lib/gcc/arm-none-eabi/13.2.1/thumb/v7e-m+fp/hard\libc_nano.a(libc_a-signal.o)
                0x0800597c                raise
 .text._kill_r  0x0800598c       0x24 C:/Tools/arm-gnu-toolchain/bin/../lib/gcc/arm-none-eabi/13.2.1/thumb/v7e-m+fp/hard\libc_nano.a(libc_a-signalr.o)
                0x0800598c                _kill_r
 .text._getpid_r
                0x080059b0        0x4 C:/Tools/arm-gnu-toolchain/bin/../lib/gcc/arm-none-eabi/13.2.1/thumb/v7e-m+fp/hard\libc_nano.a(libc_a-signalr.o)
                0x080059b0                _getpid_r
 .text.__errno  0x080059b4        0xc C:/Tools/arm-gnu-toolchain/bin/../lib/gcc/arm-none-eabi/13.2.1/thumb/v7e-m+fp/hard\libc_nano.a(libc_a-errno.o)
                0x080059b4                __errno
 .text.__libc_init_array
                0x080059c0       0x48 C:/Tools/arm-gnu-toolchain/bin/../lib/gcc/arm-none-eabi/13.2.1/thumb/v7e-m+fp/hard\libc_nano.a(libc_a-init.o)
                0x080059c0                __libc_init_array
 .text.__retarget_lock_acquire_recursive
                0x08005a08        0x2 C:/Tools/arm-gnu-toolchain/bin/../lib/gcc/arm-none-eabi/13.2.1/thumb/v7e-m+fp/hard\libc_nano.a(libc_a-lock.o)
                0x08005a08                __retarget_lock_acquire_recursive
 .text.__retarget_lock_release_recursive
                0x08005a0a        0x2 C:/Tools/arm-gnu-toolchain/bin/../lib/gcc/arm-none-eabi/13.2.1/thumb/v7e-m+fp/hard\libc_nano.a(libc_a-lock.o)
                0x08005a0a                __retarget_lock_release_recursive
 .text._free_r  0x08005a0c       0x94 C:/Tools/arm-gnu-toolchain/bin/../lib/gcc/arm-none-eabi/13.2.1/thumb/v7e-m+fp/hard\libc_nano.a(libc_a-freer.o)
                0x08005a0c                _free_r
 .text.__udivmoddi4
                0x08005aa0      0x2bc C:/Tools/arm-gnu-toolchain/bin/../lib/gcc/arm-none-eabi/13.2.1/thumb/v7e-m+fp/hard\libgcc.a(_udivmoddi4.o)
                0x08005aa0                __udivmoddi4
 .text.selfrel_offset31
                0x08005d5c       0x14 C:/Tools/arm-gnu-toolchain/bin/../lib/gcc/arm-none-eabi/13.2.1/thumb/v7e-m+fp/hard\libgcc.a(unwind-arm.o)
 .text.search_EIT_table
                0x08005d70       0x68 C:/Tools/arm-gnu-toolchain/bin/../lib/gcc/arm-none-eabi/13.2.1/thumb/v7e-m+fp/hard\libgcc.a(unwind-arm.o)
 .text.__gnu_unwind_get_pr_addr
                0x08005dd8       0x28 C:/Tools/arm-gnu-toolchain/bin/../lib/gcc/arm-none-eabi/13.2.1/thumb/v7e-m+fp/hard\libgcc.a(unwind-arm.o)
 .text.get_eit_entry
                0x08005e00       0x98 C:/Tools/arm-gnu-toolchain/bin/../lib/gcc/arm-none-eabi/13.2.1/thumb/v7e-m+fp/hard\libgcc.a(unwind-arm.o)
 .text.restore_non_core_regs
                0x08005e98       0x58 C:/Tools/arm-gnu-toolchain/bin/../lib/gcc/arm-none-eabi/13.2.1/thumb/v7e-m+fp/hard\libgcc.a(unwind-arm.o)
 .text._Unwind_decode_typeinfo_ptr.constprop.0
                0x08005ef0        0xc C:/Tools/arm-gnu-toolchain/bin/../lib/gcc/arm-none-eabi/13.2.1/thumb/v7e-m+fp/hard\libgcc.a(unwind-arm.o)
 .text._Unwind_DebugHook
                0x08005efc        0x4 C:/Tools/arm-gnu-toolchain/bin/../lib/gcc/arm-none-eabi/13.2.1/thumb/v7e-m+fp/hard\libgcc.a(unwind-arm.o)
 .text.unwind_phase2
                0x08005f00       0x3c C:/Tools/arm-gnu-toolchain/bin/../lib/gcc/arm-none-eabi/13.2.1/thumb/v7e-m+fp/hard\libgcc.a(unwind-arm.o)
 .text.unwind_phase2_forced
                0x08005f3c       0xd8 C:/Tools/arm-gnu-toolchain/bin/../lib/gcc/arm-none-eabi/13.2.1/thumb/v7e-m+fp/hard\libgcc.a(unwind-arm.o)
 .text.__gnu_Unwind_RaiseException
                0x08006014       0x68 C:/Tools/arm-gnu-toolchain/bin/../lib/gcc/arm-none-eabi/13.2.1/thumb/v7e-m+fp/hard\libgcc.a(unwind-arm.o)
                0x08006014                __gnu_Unwind_RaiseException
 .text.__gnu_Unwind_ForcedUnwind
                0x0800607c       0x10 C:/Tools/arm-gnu-toolchain/bin/../lib/gcc/arm-none-eabi/13.2.1/thumb/v7e-m+fp/hard\libgcc.a(unwind-arm.o)
                0x0800607c                __gnu_Unwind_ForcedUnwind
 .text.__gnu_Unwind_Resume
                0x0800608c       0x44 C:/Tools/arm-gnu-toolchain/bin/../lib/gcc/arm-none-eabi/13.2.1/thumb/v7e-m+fp/hard\libgcc.a(unwind-arm.o)
                0x0800608c                __gnu_Unwind_Resume
 .text.__gnu_Unwind_Resume_or_Rethrow
                0x080060d0       0x14 C:/Tools/arm-gnu-toolchain/bin/../lib/gcc/arm-none-eabi/13.2.1/thumb/v7e-m+fp/hard\libgcc.a(unwind-arm.o)
                0x080060d0                __gnu_Unwind_Resume_or_Rethrow
 .text._Unwind_Complete
                0x080060e4        0x4 C:/Tools/arm-gnu-toolchain/bin/../lib/gcc/arm-none-eabi/13.2.1/thumb/v7e-m+fp/hard\libgcc.a(unwind-arm.o)
                0x080060e4                _Unwind_Complete
 .text._Unwind_VRS_Get
                0x080060e8       0x34 C:/Tools/arm-gnu-toolchain/bin/../lib/gcc/arm-none-eabi/13.2.1/thumb/v7e-m+fp/hard\libgcc.a(unwind-arm.o)
                0x080060e8                _Unwind_VRS_Get
 .text._Unwind_GetGR
                0x0800611c       0x1c C:/Tools/arm-gnu-toolchain/bin/../lib/gcc/arm-none-eabi/13.2.1/thumb/v7e-m+fp/hard\libgcc.a(unwind-arm.o)
 .text._Unwind_VRS_Set
                0x08006138       0x34 C:/Tools/arm-gnu-toolchain/bin/../lib/gcc/arm-none-eabi/13.2.1/thumb/v7e-m+fp/hard\libgcc.a(unwind-arm.o)
                0x08006138                _Unwind_VRS_Set
 .text._Unwind_SetGR
                0x0800616c       0x18 C:/Tools/arm-gnu-toolchain/bin/../lib/gcc/arm-none-eabi/13.2.1/thumb/v7e-m+fp/hard\libgcc.a(unwind-arm.o)
 .text.__gnu_Unwind_Backtrace
                0x08006184       0x84 C:/Tools/arm-gnu-toolchain/bin/../lib/gcc/arm-none-eabi/13.2.1/thumb/v7e-m+fp/hard\libgcc.a(unwind-arm.o)
                0x08006184                __gnu_Unwind_Backtrace
 .text.__gnu_unwind_pr_common
                0x08006208      0x2a4 C:/Tools/arm-gnu-toolchain/bin/../lib/gcc/arm-none-eabi/13.2.1/thumb/v7e-m+fp/hard\libgcc.a(unwind-arm.o)
 .text.__aeabi_unwind_cpp_pr0
                0x080064ac        0x8 C:/Tools/arm-gnu-toolchain/bin/../lib/gcc/arm-none-eabi/13.2.1/thumb/v7e-m+fp/hard\libgcc.a(unwind-arm.o)
                0x080064ac                __aeabi_unwind_cpp_pr0
 .text.__aeabi_unwind_cpp_pr1
                0x080064b4        0x8 C:/Tools/arm-gnu-toolchain/bin/../lib/gcc/arm-none-eabi/13.2.1/thumb/v7e-m+fp/hard\libgcc.a(unwind-arm.o)
                0x080064b4                __aeabi_unwind_cpp_pr1
 .text.__aeabi_unwind_cpp_pr2
                0x080064bc        0x8 C:/Tools/arm-gnu-toolchain/bin/../lib/gcc/arm-none-eabi/13.2.1/thumb/v7e-m+fp/hard\libgcc.a(unwind-arm.o)
                0x080064bc                __aeabi_unwind_cpp_pr2
 .text._Unwind_VRS_Pop
                0x080064c4      0x2f0 C:/Tools/arm-gnu-toolchain/bin/../lib/gcc/arm-none-eabi/13.2.1/thumb/v7e-m+fp/hard\libgcc.a(unwind-arm.o)
                0x080064c4                _Unwind_VRS_Pop
 .text.next_unwind_byte
                0x080067b4       0x38 C:/Tools/arm-gnu-toolchain/bin/../lib/gcc/arm-none-eabi/13.2.1/thumb/v7e-m+fp/hard\libgcc.a(pr-support.o)
 .text._Unwind_GetGR.constprop.0
                0x080067ec       0x1c C:/Tools/arm-gnu-toolchain/bin/../lib/gcc/arm-none-eabi/13.2.1/thumb/v7e-m+fp/hard\libgcc.a(pr-support.o)
 .text.unwind_UCB_from_context
                0x08006808        0x4 C:/Tools/arm-gnu-toolchain/bin/../lib/gcc/arm-none-eabi/13.2.1/thumb/v7e-m+fp/hard\libgcc.a(pr-support.o)
 .text.__gnu_unwind_execute
                0x0800680c      0x2fc C:/Tools/arm-gnu-toolchain/bin/../lib/gcc/arm-none-eabi/13.2.1/thumb/v7e-m+fp/hard\libgcc.a(pr-support.o)
                0x0800680c                __gnu_unwind_execute
 .text.__gnu_unwind_frame
                0x08006b08       0x2c C:/Tools/arm-gnu-toolchain/bin/../lib/gcc/arm-none-eabi/13.2.1/thumb/v7e-m+fp/hard\libgcc.a(pr-support.o)
                0x08006b08                __gnu_unwind_frame
 .text._Unwind_GetRegionStart
                0x08006b34        0xc C:/Tools/arm-gnu-toolchain/bin/../lib/gcc/arm-none-eabi/13.2.1/thumb/v7e-m+fp/hard\libgcc.a(pr-support.o)
                0x08006b34                _Unwind_GetRegionStart
 .text._Unwind_GetLanguageSpecificData
                0x08006b40       0x14 C:/Tools/arm-gnu-toolchain/bin/../lib/gcc/arm-none-eabi/13.2.1/thumb/v7e-m+fp/hard\libgcc.a(pr-support.o)
                0x08006b40                _Unwind_GetLanguageSpecificData
 .text.unlikely._Unwind_GetDataRelBase
                0x08006b54        0x6 C:/Tools/arm-gnu-toolchain/bin/../lib/gcc/arm-none-eabi/13.2.1/thumb/v7e-m+fp/hard\libgcc.a(pr-support.o)
                0x08006b54                _Unwind_GetDataRelBase
 .text.unlikely._Unwind_GetTextRelBase
                0x08006b5a        0x6 C:/Tools/arm-gnu-toolchain/bin/../lib/gcc/arm-none-eabi/13.2.1/thumb/v7e-m+fp/hard\libgcc.a(pr-support.o)
                0x08006b5a                _Unwind_GetTextRelBase
 .text.memcpy   0x08006b60       0x1c C:/Tools/arm-gnu-toolchain/bin/../lib/gcc/arm-none-eabi/13.2.1/thumb/v7e-m+fp/hard\libc_nano.a(libc_a-memcpy-stub.o)
                0x08006b60                memcpy
 *(.glue_7)
 .glue_7        0x08006b7c        0x0 linker stubs
 *(.glue_7t)
 .glue_7t       0x08006b7c        0x0 linker stubs
 *(.eh_frame)
 .eh_frame      0x08006b7c        0x0 C:/Tools/arm-gnu-toolchain/bin/../lib/gcc/arm-none-eabi/13.2.1/thumb/v7e-m+fp/hard/crtbegin.o
 *(.init)
 .init          0x08006b7c        0x4 C:/Tools/arm-gnu-toolchain/bin/../lib/gcc/arm-none-eabi/13.2.1/thumb/v7e-m+fp/hard/crti.o
                0x08006b7c                _init
 .init          0x08006b80        0x8 C:/Tools/arm-gnu-toolchain/bin/../lib/gcc/arm-none-eabi/13.2.1/thumb/v7e-m+fp/hard/crtn.o
 *(.fini)
 .fini          0x08006b88        0x4 C:/Tools/arm-gnu-toolchain/bin/../lib/gcc/arm-none-eabi/13.2.1/thumb/v7e-m+fp/hard/crti.o
                0x08006b88                _fini
 .fini          0x08006b8c        0x8 C:/Tools/arm-gnu-toolchain/bin/../lib/gcc/arm-none-eabi/13.2.1/thumb/v7e-m+fp/hard/crtn.o
                0x08006b94                        . = ALIGN (0x4)
                0x08006b94                        _etext = .

.vfp11_veneer   0x08006b94        0x0
 .vfp11_veneer  0x08006b94        0x0 linker stubs

.v4_bx          0x08006b94        0x0
 .v4_bx         0x08006b94        0x0 linker stubs

.iplt           0x08006b94        0x0
 .iplt          0x08006b94        0x0 C:/Tools/arm-gnu-toolchain/bin/../lib/gcc/arm-none-eabi/13.2.1/thumb/v7e-m+fp/hard/crtbegin.o

.rodata         0x08006b94      0x480
                0x08006b94                        . = ALIGN (0x4)
 *(.rodata)
 *(.rodata*)
 .rodata.ADC_Init.str1.4
                0x08006b94      0x1c0 build/stm32f4xx_hal_adc.o
                                 0x35 (size before relaxing)
 .rodata.HAL_RCC_OscConfig.str1.4
                0x08006d54       0x35 build/stm32f4xx_hal_rcc.o
 .rodata.HAL_GPIO_Init.str1.4
                0x08006d54       0x36 build/stm32f4xx_hal_gpio.o
 .rodata.HAL_DMA_Init.str1.4
                0x08006d54       0x35 build/stm32f4xx_hal_dma.o
 .rodata.flagBitshiftOffset.0
                0x08006d54        0x8 build/stm32f4xx_hal_dma.o
 .rodata.HAL_NVIC_SetPriorityGrouping.str1.4
                0x08006d5c       0x38 build/stm32f4xx_hal_cortex.o
 .rodata.HAL_SPI_Init.str1.4
                0x08006d5c       0x35 build/stm32f4xx_hal_spi.o
 .rodata.TIM_OC1_SetConfig.str1.4
                0x08006d5c       0x35 build/stm32f4xx_hal_tim.o
 .rodata.HAL_TIMEx_HallSensor_Init.str1.4
                0x08006d5c       0x38 build/stm32f4xx_hal_tim_ex.o
 .rodata.AHBPrescTable
                0x08006d5c       0x10 build/system_stm32f4xx.o
                0x08006d5c                AHBPrescTable
 .rodata._ZTS4IAdc
                0x08006d6c        0x6 build/main.o
                0x08006d6c                typeinfo name for IAdc
 *fill*         0x08006d72        0x2 
 .rodata._ZTI4IAdc
                0x08006d74        0x8 build/main.o
                0x08006d74                typeinfo for IAdc
 .rodata._ZTS6ITimer
                0x08006d7c        0x8 build/main.o
                0x08006d7c                typeinfo name for ITimer
 .rodata._ZTI6ITimer
                0x08006d84        0x8 build/main.o
                0x08006d84                typeinfo for ITimer
 .rodata._ZTS5IGpio
                0x08006d8c        0x7 build/main.o
                0x08006d8c                typeinfo name for IGpio
 *fill*         0x08006d93        0x1 
 .rodata._ZTI5IGpio
                0x08006d94        0x8 build/main.o
                0x08006d94                typeinfo for IGpio
 .rodata._ZTS8IEncoder
                0x08006d9c        0xa build/main.o
                0x08006d9c                typeinfo name for IEncoder
 *fill*         0x08006da6        0x2 
 .rodata._ZTI8IEncoder
                0x08006da8        0x8 build/main.o
                0x08006da8                typeinfo for IEncoder
 .rodata._ZTV4IAdc
                0x08006db0       0x14 build/main.o
                0x08006db0                vtable for IAdc
 .rodata._ZTV6ITimer
                0x08006dc4       0x1c build/main.o
                0x08006dc4                vtable for ITimer
 .rodata._ZTV5IGpio
                0x08006de0       0x1c build/main.o
                0x08006de0                vtable for IGpio
 .rodata._ZTV8IEncoder
                0x08006dfc       0x18 build/main.o
                0x08006dfc                vtable for IEncoder
 .rodata._ZTS10AdcSTM32F4
                0x08006e14        0xd build/AdcSTM32F4.o
                0x08006e14                typeinfo name for AdcSTM32F4
 *fill*         0x08006e21        0x3 
 .rodata._ZTI10AdcSTM32F4
                0x08006e24        0xc build/AdcSTM32F4.o
                0x08006e24                typeinfo for AdcSTM32F4
 .rodata._ZTV10AdcSTM32F4
                0x08006e30       0x14 build/AdcSTM32F4.o
                0x08006e30                vtable for AdcSTM32F4
 .rodata._ZTS14EncoderSTM32F4
                0x08006e44       0x11 build/EncoderSTM32F4.o
                0x08006e44                typeinfo name for EncoderSTM32F4
 *fill*         0x08006e55        0x3 
 .rodata._ZTI14EncoderSTM32F4
                0x08006e58        0xc build/EncoderSTM32F4.o
                0x08006e58                typeinfo for EncoderSTM32F4
 .rodata._ZTV14EncoderSTM32F4
                0x08006e64       0x18 build/EncoderSTM32F4.o
                0x08006e64                vtable for EncoderSTM32F4
 .rodata._ZTS11GpioSTM32F4
                0x08006e7c        0xe build/GpioSTM32F4.o
                0x08006e7c                typeinfo name for GpioSTM32F4
 *fill*         0x08006e8a        0x2 
 .rodata._ZTI11GpioSTM32F4
                0x08006e8c        0xc build/GpioSTM32F4.o
                0x08006e8c                typeinfo for GpioSTM32F4
 .rodata._ZTV11GpioSTM32F4
                0x08006e98       0x1c build/GpioSTM32F4.o
                0x08006e98                vtable for GpioSTM32F4
 .rodata._ZTS12TimerSTM32F4
                0x08006eb4        0xf build/TimerSTM32F4.o
                0x08006eb4                typeinfo name for TimerSTM32F4
 *fill*         0x08006ec3        0x1 
 .rodata._ZTI12TimerSTM32F4
                0x08006ec4        0xc build/TimerSTM32F4.o
                0x08006ec4                typeinfo for TimerSTM32F4
 .rodata._ZTV12TimerSTM32F4
                0x08006ed0       0x1c build/TimerSTM32F4.o
                0x08006ed0                vtable for TimerSTM32F4
 .rodata._ZTSN10__cxxabiv117__class_type_infoE
                0x08006eec       0x22 C:/Tools/arm-gnu-toolchain/bin/../lib/gcc/arm-none-eabi/13.2.1/thumb/v7e-m+fp/hard\libstdc++_nano.a(class_type_info.o)
                0x08006eec                typeinfo name for __cxxabiv1::__class_type_info
 *fill*         0x08006f0e        0x2 
 .rodata._ZTIN10__cxxabiv117__class_type_infoE
                0x08006f10        0xc C:/Tools/arm-gnu-toolchain/bin/../lib/gcc/arm-none-eabi/13.2.1/thumb/v7e-m+fp/hard\libstdc++_nano.a(class_type_info.o)
                0x08006f10                typeinfo for __cxxabiv1::__class_type_info
 .rodata._ZTVN10__cxxabiv117__class_type_infoE
                0x08006f1c       0x2c C:/Tools/arm-gnu-toolchain/bin/../lib/gcc/arm-none-eabi/13.2.1/thumb/v7e-m+fp/hard\libstdc++_nano.a(class_type_info.o)
                0x08006f1c                vtable for __cxxabiv1::__class_type_info
 .rodata._ZTSN10__cxxabiv115__forced_unwindE
                0x08006f48       0x20 C:/Tools/arm-gnu-toolchain/bin/../lib/gcc/arm-none-eabi/13.2.1/thumb/v7e-m+fp/hard\libstdc++_nano.a(eh_exception.o)
                0x08006f48                typeinfo name for __cxxabiv1::__forced_unwind
 .rodata._ZTIN10__cxxabiv115__forced_unwindE
                0x08006f68        0x8 C:/Tools/arm-gnu-toolchain/bin/../lib/gcc/arm-none-eabi/13.2.1/thumb/v7e-m+fp/hard\libstdc++_nano.a(eh_exception.o)
                0x08006f68                typeinfo for __cxxabiv1::__forced_unwind
 .rodata._ZTSN10__cxxabiv119__foreign_exceptionE
                0x08006f70       0x24 C:/Tools/arm-gnu-toolchain/bin/../lib/gcc/arm-none-eabi/13.2.1/thumb/v7e-m+fp/hard\libstdc++_nano.a(eh_exception.o)
                0x08006f70                typeinfo name for __cxxabiv1::__foreign_exception
 .rodata._ZTIN10__cxxabiv119__foreign_exceptionE
                0x08006f94        0x8 C:/Tools/arm-gnu-toolchain/bin/../lib/gcc/arm-none-eabi/13.2.1/thumb/v7e-m+fp/hard\libstdc++_nano.a(eh_exception.o)
                0x08006f94                typeinfo for __cxxabiv1::__foreign_exception
 .rodata._ZTSN10__cxxabiv120__si_class_type_infoE
                0x08006f9c       0x25 C:/Tools/arm-gnu-toolchain/bin/../lib/gcc/arm-none-eabi/13.2.1/thumb/v7e-m+fp/hard\libstdc++_nano.a(si_class_type_info.o)
                0x08006f9c                typeinfo name for __cxxabiv1::__si_class_type_info
 *fill*         0x08006fc1        0x3 
 .rodata._ZTIN10__cxxabiv120__si_class_type_infoE
                0x08006fc4        0xc C:/Tools/arm-gnu-toolchain/bin/../lib/gcc/arm-none-eabi/13.2.1/thumb/v7e-m+fp/hard\libstdc++_nano.a(si_class_type_info.o)
                0x08006fc4                typeinfo for __cxxabiv1::__si_class_type_info
 .rodata._ZTVN10__cxxabiv120__si_class_type_infoE
                0x08006fd0       0x2c C:/Tools/arm-gnu-toolchain/bin/../lib/gcc/arm-none-eabi/13.2.1/thumb/v7e-m+fp/hard\libstdc++_nano.a(si_class_type_info.o)
                0x08006fd0                vtable for __cxxabiv1::__si_class_type_info
 .rodata._ZTSSt9type_info
                0x08006ffc        0xd C:/Tools/arm-gnu-toolchain/bin/../lib/gcc/arm-none-eabi/13.2.1/thumb/v7e-m+fp/hard\libstdc++_nano.a(tinfo.o)
                0x08006ffc                typeinfo name for std::type_info
 *fill*         0x08007009        0x3 
 .rodata._ZTISt9type_info
                0x0800700c        0x8 C:/Tools/arm-gnu-toolchain/bin/../lib/gcc/arm-none-eabi/13.2.1/thumb/v7e-m+fp/hard\libstdc++_nano.a(tinfo.o)
                0x0800700c                typeinfo for std::type_info
                0x08007014                        . = ALIGN (0x4)

.ARM.extab      0x08007014      0x134
 *(.ARM.extab* .gnu.linkonce.armextab.*)
 .ARM.extab.text._ZN11GpioSTM32F4D2Ev
                0x08007014        0x0 build/main.o
 .ARM.extab.text._ZN10AdcSTM32F4D2Ev
                0x08007014        0x0 build/main.o
 .ARM.extab.text._ZN12TimerSTM32F4D2Ev
                0x08007014        0x0 build/main.o
 .ARM.extab.text._ZN14EncoderSTM32F4D2Ev
                0x08007014        0x0 build/main.o
 .ARM.extab.text._ZN11GpioSTM32F4D0Ev
                0x08007014        0x0 build/main.o
 .ARM.extab.text._ZN10AdcSTM32F4D0Ev
                0x08007014        0x0 build/main.o
 .ARM.extab.text._ZN12TimerSTM32F4D0Ev
                0x08007014        0x0 build/main.o
 .ARM.extab.text._ZN14EncoderSTM32F4D0Ev
                0x08007014        0x0 build/main.o
 .ARM.extab.text.main
                0x08007014       0xc9 build/main.o
 *fill*         0x080070dd        0x3 
 .ARM.extab.text._ZN14EncoderSTM32F4C2EP17TIM_HandleTypeDef
                0x080070e0       0x14 build/EncoderSTM32F4.o
 .ARM.extab.text._ZN11GpioSTM32F47setHighEv
                0x080070f4        0xc build/GpioSTM32F4.o
 .ARM.extab.text._ZN11GpioSTM32F46setLowEv
                0x08007100        0xc build/GpioSTM32F4.o
 .ARM.extab.text._ZN11GpioSTM32F44readEv
                0x0800710c        0xc build/GpioSTM32F4.o
 .ARM.extab.text._ZN12TimerSTM32F45startEv
                0x08007118        0xc build/TimerSTM32F4.o
 .ARM.extab.text._ZN12TimerSTM32F44stopEv
                0x08007124        0xc build/TimerSTM32F4.o
 .ARM.extab.text._Unwind_GetRegionStart
                0x08007130        0xc C:/Tools/arm-gnu-toolchain/bin/../lib/gcc/arm-none-eabi/13.2.1/thumb/v7e-m+fp/hard\libgcc.a(pr-support.o)
 .ARM.extab.text._Unwind_GetLanguageSpecificData
                0x0800713c        0xc C:/Tools/arm-gnu-toolchain/bin/../lib/gcc/arm-none-eabi/13.2.1/thumb/v7e-m+fp/hard\libgcc.a(pr-support.o)

.ARM            0x08007148      0x128
                0x08007148                        __exidx_start = .
 *(.ARM.exidx*)
 .ARM.exidx     0x08007148        0x8 C:/Tools/arm-gnu-toolchain/bin/../lib/gcc/arm-none-eabi/13.2.1/thumb/v7e-m+fp/hard\libc_nano.a(libc_a-strcmp.o)
 .ARM.exidx.text._ZN11GpioSTM32F4D2Ev
                0x08007150        0x0 build/main.o
                                  0x8 (size before relaxing)
 .ARM.exidx.text._ZN10AdcSTM32F4D2Ev
                0x08007150        0x0 build/main.o
                                  0x8 (size before relaxing)
 .ARM.exidx.text._ZN12TimerSTM32F4D2Ev
                0x08007150        0x0 build/main.o
                                  0x8 (size before relaxing)
 .ARM.exidx.text._ZN14EncoderSTM32F4D2Ev
                0x08007150        0x0 build/main.o
                                  0x8 (size before relaxing)
 .ARM.exidx.text._ZN11GpioSTM32F4D0Ev
                0x08007150        0x0 build/main.o
                                  0x8 (size before relaxing)
 .ARM.exidx.text._ZN10AdcSTM32F4D0Ev
                0x08007150        0x0 build/main.o
                                  0x8 (size before relaxing)
 .ARM.exidx.text._ZN12TimerSTM32F4D0Ev
                0x08007150        0x0 build/main.o
                                  0x8 (size before relaxing)
 .ARM.exidx.text._ZN14EncoderSTM32F4D0Ev
                0x08007150        0x0 build/main.o
                                  0x8 (size before relaxing)
 .ARM.exidx.text.Error_Handler
                0x08007150        0x0 build/main.o
                                  0x8 (size before relaxing)
 .ARM.exidx.text._Z18SystemClock_Configv
                0x08007150        0x8 build/main.o
 .ARM.exidx.text.main
                0x08007158        0x8 build/main.o
 .ARM.exidx.text.assert_failed
                0x08007160        0x8 build/main.o
 .ARM.exidx.text._ZN10AdcSTM32F44readEh
                0x08007168        0x8 build/AdcSTM32F4.o
 .ARM.exidx.text._ZN10AdcSTM32F4C2EP17ADC_HandleTypeDef
                0x08007170        0x8 build/AdcSTM32F4.o
 .ARM.exidx.text._ZNK14EncoderSTM32F48getCountEv
                0x08007178        0x0 build/EncoderSTM32F4.o
                                  0x8 (size before relaxing)
 .ARM.exidx.text._ZN14EncoderSTM32F410resetCountEv
                0x08007178        0x0 build/EncoderSTM32F4.o
                                  0x8 (size before relaxing)
 .ARM.exidx.text._ZN14EncoderSTM32F4C2EP17TIM_HandleTypeDef
                0x08007178        0x8 build/EncoderSTM32F4.o
 .ARM.exidx.text._ZN11GpioSTM32F47setHighEv
                0x08007180        0x8 build/GpioSTM32F4.o
 .ARM.exidx.text._ZN11GpioSTM32F46setLowEv
                0x08007188        0x8 build/GpioSTM32F4.o
 .ARM.exidx.text._ZN11GpioSTM32F44readEv
                0x08007190        0x8 build/GpioSTM32F4.o
 .ARM.exidx.text._ZN11GpioSTM32F4C2EP12GPIO_TypeDeft
                0x08007198        0x8 build/GpioSTM32F4.o
 .ARM.exidx.text._ZN10PwmSTM32F4C2EP17TIM_HandleTypeDefm
                0x080071a0        0x0 build/PwmSTM32F4.o
                                  0x8 (size before relaxing)
 .ARM.exidx.text._ZN12TimerSTM32F411setCallbackEPFvvE
                0x080071a0        0x0 build/TimerSTM32F4.o
                                  0x8 (size before relaxing)
 .ARM.exidx.text._ZN12TimerSTM32F45startEv
                0x080071a0        0x8 build/TimerSTM32F4.o
 .ARM.exidx.text._ZN12TimerSTM32F44stopEv
                0x080071a8        0x8 build/TimerSTM32F4.o
 .ARM.exidx.text._ZN12TimerSTM32F4C2EP17TIM_HandleTypeDef
                0x080071b0        0x8 build/TimerSTM32F4.o
 .ARM.exidx.text._ZN6ButtonC2EP5IGpiom
                0x080071b8        0x0 build/Button.o
                                  0x8 (size before relaxing)
 .ARM.exidx.text._ZN6Button10checkStateEv
                0x080071b8        0x8 build/Button.o
 .ARM.exidx.text._ZN11MotorDriverC2EP10PwmSTM32F4P11GpioSTM32F4S3_f
                0x080071c0        0x8 build/MotorDriver.o
 .ARM.exidx.text.__udivmoddi4
                0x080071c8        0x0 C:/Tools/arm-gnu-toolchain/bin/../lib/gcc/arm-none-eabi/13.2.1/thumb/v7e-m+fp/hard\libgcc.a(_udivmoddi4.o)
                                  0x8 (size before relaxing)
 .ARM.exidx.text.selfrel_offset31
                0x080071c8        0x0 C:/Tools/arm-gnu-toolchain/bin/../lib/gcc/arm-none-eabi/13.2.1/thumb/v7e-m+fp/hard\libgcc.a(unwind-arm.o)
                                  0x8 (size before relaxing)
 .ARM.exidx.text.search_EIT_table
                0x080071c8        0x0 C:/Tools/arm-gnu-toolchain/bin/../lib/gcc/arm-none-eabi/13.2.1/thumb/v7e-m+fp/hard\libgcc.a(unwind-arm.o)
                                  0x8 (size before relaxing)
 .ARM.exidx.text.__gnu_unwind_get_pr_addr
                0x080071c8        0x0 C:/Tools/arm-gnu-toolchain/bin/../lib/gcc/arm-none-eabi/13.2.1/thumb/v7e-m+fp/hard\libgcc.a(unwind-arm.o)
                                  0x8 (size before relaxing)
 .ARM.exidx.text.get_eit_entry
                0x080071c8        0x8 C:/Tools/arm-gnu-toolchain/bin/../lib/gcc/arm-none-eabi/13.2.1/thumb/v7e-m+fp/hard\libgcc.a(unwind-arm.o)
 .ARM.exidx.text.restore_non_core_regs
                0x080071d0        0x8 C:/Tools/arm-gnu-toolchain/bin/../lib/gcc/arm-none-eabi/13.2.1/thumb/v7e-m+fp/hard\libgcc.a(unwind-arm.o)
 .ARM.exidx.text._Unwind_decode_typeinfo_ptr.constprop.0
                0x080071d8        0x8 C:/Tools/arm-gnu-toolchain/bin/../lib/gcc/arm-none-eabi/13.2.1/thumb/v7e-m+fp/hard\libgcc.a(unwind-arm.o)
 .ARM.exidx.text._Unwind_DebugHook
                0x080071e0        0x0 C:/Tools/arm-gnu-toolchain/bin/../lib/gcc/arm-none-eabi/13.2.1/thumb/v7e-m+fp/hard\libgcc.a(unwind-arm.o)
                                  0x8 (size before relaxing)
 .ARM.exidx.text.unwind_phase2
                0x080071e0        0x8 C:/Tools/arm-gnu-toolchain/bin/../lib/gcc/arm-none-eabi/13.2.1/thumb/v7e-m+fp/hard\libgcc.a(unwind-arm.o)
 .ARM.exidx.text.unwind_phase2_forced
                0x080071e8        0x8 C:/Tools/arm-gnu-toolchain/bin/../lib/gcc/arm-none-eabi/13.2.1/thumb/v7e-m+fp/hard\libgcc.a(unwind-arm.o)
 .ARM.exidx.text.__gnu_Unwind_RaiseException
                0x080071f0        0x8 C:/Tools/arm-gnu-toolchain/bin/../lib/gcc/arm-none-eabi/13.2.1/thumb/v7e-m+fp/hard\libgcc.a(unwind-arm.o)
 .ARM.exidx.text.__gnu_Unwind_ForcedUnwind
                0x080071f8        0x8 C:/Tools/arm-gnu-toolchain/bin/../lib/gcc/arm-none-eabi/13.2.1/thumb/v7e-m+fp/hard\libgcc.a(unwind-arm.o)
 .ARM.exidx.text.__gnu_Unwind_Resume
                0x08007200        0x8 C:/Tools/arm-gnu-toolchain/bin/../lib/gcc/arm-none-eabi/13.2.1/thumb/v7e-m+fp/hard\libgcc.a(unwind-arm.o)
 .ARM.exidx.text.__gnu_Unwind_Resume_or_Rethrow
                0x08007208        0x8 C:/Tools/arm-gnu-toolchain/bin/../lib/gcc/arm-none-eabi/13.2.1/thumb/v7e-m+fp/hard\libgcc.a(unwind-arm.o)
 .ARM.exidx.text._Unwind_Complete
                0x08007210        0x0 C:/Tools/arm-gnu-toolchain/bin/../lib/gcc/arm-none-eabi/13.2.1/thumb/v7e-m+fp/hard\libgcc.a(unwind-arm.o)
                                  0x8 (size before relaxing)
 .ARM.exidx.text._Unwind_VRS_Get
                0x08007210        0x0 C:/Tools/arm-gnu-toolchain/bin/../lib/gcc/arm-none-eabi/13.2.1/thumb/v7e-m+fp/hard\libgcc.a(unwind-arm.o)
                                  0x8 (size before relaxing)
 .ARM.exidx.text._Unwind_GetGR
                0x08007210        0x0 C:/Tools/arm-gnu-toolchain/bin/../lib/gcc/arm-none-eabi/13.2.1/thumb/v7e-m+fp/hard\libgcc.a(unwind-arm.o)
                                  0x8 (size before relaxing)
 .ARM.exidx.text._Unwind_VRS_Set
                0x08007210        0x0 C:/Tools/arm-gnu-toolchain/bin/../lib/gcc/arm-none-eabi/13.2.1/thumb/v7e-m+fp/hard\libgcc.a(unwind-arm.o)
                                  0x8 (size before relaxing)
 .ARM.exidx.text._Unwind_SetGR
                0x08007210        0x0 C:/Tools/arm-gnu-toolchain/bin/../lib/gcc/arm-none-eabi/13.2.1/thumb/v7e-m+fp/hard\libgcc.a(unwind-arm.o)
                                  0x8 (size before relaxing)
 .ARM.exidx.text.__gnu_Unwind_Backtrace
                0x08007210        0x8 C:/Tools/arm-gnu-toolchain/bin/../lib/gcc/arm-none-eabi/13.2.1/thumb/v7e-m+fp/hard\libgcc.a(unwind-arm.o)
 .ARM.exidx.text.__gnu_unwind_pr_common
                0x08007218        0x8 C:/Tools/arm-gnu-toolchain/bin/../lib/gcc/arm-none-eabi/13.2.1/thumb/v7e-m+fp/hard\libgcc.a(unwind-arm.o)
 .ARM.exidx.text.__aeabi_unwind_cpp_pr0
                0x08007220        0x8 C:/Tools/arm-gnu-toolchain/bin/../lib/gcc/arm-none-eabi/13.2.1/thumb/v7e-m+fp/hard\libgcc.a(unwind-arm.o)
 .ARM.exidx.text.__aeabi_unwind_cpp_pr1
                0x08007228        0x0 C:/Tools/arm-gnu-toolchain/bin/../lib/gcc/arm-none-eabi/13.2.1/thumb/v7e-m+fp/hard\libgcc.a(unwind-arm.o)
                                  0x8 (size before relaxing)
 .ARM.exidx.text.__aeabi_unwind_cpp_pr2
                0x08007228        0x0 C:/Tools/arm-gnu-toolchain/bin/../lib/gcc/arm-none-eabi/13.2.1/thumb/v7e-m+fp/hard\libgcc.a(unwind-arm.o)
                                  0x8 (size before relaxing)
 .ARM.exidx.text._Unwind_VRS_Pop
                0x08007228        0x8 C:/Tools/arm-gnu-toolchain/bin/../lib/gcc/arm-none-eabi/13.2.1/thumb/v7e-m+fp/hard\libgcc.a(unwind-arm.o)
 .ARM.exidx.text.next_unwind_byte
                0x08007230        0x8 C:/Tools/arm-gnu-toolchain/bin/../lib/gcc/arm-none-eabi/13.2.1/thumb/v7e-m+fp/hard\libgcc.a(pr-support.o)
 .ARM.exidx.text._Unwind_GetGR.constprop.0
                0x08007238        0x8 C:/Tools/arm-gnu-toolchain/bin/../lib/gcc/arm-none-eabi/13.2.1/thumb/v7e-m+fp/hard\libgcc.a(pr-support.o)
 .ARM.exidx.text.unwind_UCB_from_context
                0x08007240        0x8 C:/Tools/arm-gnu-toolchain/bin/../lib/gcc/arm-none-eabi/13.2.1/thumb/v7e-m+fp/hard\libgcc.a(pr-support.o)
 .ARM.exidx.text.__gnu_unwind_execute
                0x08007248        0x8 C:/Tools/arm-gnu-toolchain/bin/../lib/gcc/arm-none-eabi/13.2.1/thumb/v7e-m+fp/hard\libgcc.a(pr-support.o)
 .ARM.exidx.text.__gnu_unwind_frame
                0x08007250        0x8 C:/Tools/arm-gnu-toolchain/bin/../lib/gcc/arm-none-eabi/13.2.1/thumb/v7e-m+fp/hard\libgcc.a(pr-support.o)
 .ARM.exidx.text._Unwind_GetRegionStart
                0x08007258        0x8 C:/Tools/arm-gnu-toolchain/bin/../lib/gcc/arm-none-eabi/13.2.1/thumb/v7e-m+fp/hard\libgcc.a(pr-support.o)
 .ARM.exidx.text._Unwind_GetLanguageSpecificData
                0x08007260        0x8 C:/Tools/arm-gnu-toolchain/bin/../lib/gcc/arm-none-eabi/13.2.1/thumb/v7e-m+fp/hard\libgcc.a(pr-support.o)
 .ARM.exidx.text.unlikely._Unwind_GetDataRelBase
                0x08007268        0x8 C:/Tools/arm-gnu-toolchain/bin/../lib/gcc/arm-none-eabi/13.2.1/thumb/v7e-m+fp/hard\libgcc.a(pr-support.o)
 .ARM.exidx.text.unlikely._Unwind_GetTextRelBase
                0x08007270        0x0 C:/Tools/arm-gnu-toolchain/bin/../lib/gcc/arm-none-eabi/13.2.1/thumb/v7e-m+fp/hard\libgcc.a(pr-support.o)
                                  0x8 (size before relaxing)
                0x08007270                        __exidx_end = .

.rel.dyn        0x08007270        0x0
 .rel.iplt      0x08007270        0x0 C:/Tools/arm-gnu-toolchain/bin/../lib/gcc/arm-none-eabi/13.2.1/thumb/v7e-m+fp/hard/crtbegin.o

.preinit_array  0x08007270        0x0
                0x08007270                        PROVIDE (__preinit_array_start = .)
 *(.preinit_array*)
                0x08007270                        PROVIDE (__preinit_array_end = .)

.init_array     0x08007270        0x4
                0x08007270                        PROVIDE (__init_array_start = .)
 *(SORT_BY_NAME(.init_array.*))
 *(.init_array*)
 .init_array    0x08007270        0x4 C:/Tools/arm-gnu-toolchain/bin/../lib/gcc/arm-none-eabi/13.2.1/thumb/v7e-m+fp/hard/crtbegin.o
                0x08007274                        PROVIDE (__init_array_end = .)

.fini_array     0x08007274        0x4
                [!provide]                        PROVIDE (__fini_array_start = .)
 *(SORT_BY_NAME(.fini_array.*))
 *(.fini_array*)
 .fini_array    0x08007274        0x4 C:/Tools/arm-gnu-toolchain/bin/../lib/gcc/arm-none-eabi/13.2.1/thumb/v7e-m+fp/hard/crtbegin.o
                [!provide]                        PROVIDE (__fini_array_end = .)
                0x08007278                        _sidata = LOADADDR (.data)

.data           0x20000000       0x68 load address 0x08007278
                0x20000000                        . = ALIGN (0x4)
                0x20000000                        _sdata = .
 *(.data)
 *(.data*)
 .data.__dso_handle
                0x20000000        0x4 C:/Tools/arm-gnu-toolchain/bin/../lib/gcc/arm-none-eabi/13.2.1/thumb/v7e-m+fp/hard/crtbegin.o
                0x20000000                __dso_handle
 .data.uwTickFreq
                0x20000004        0x1 build/stm32f4xx_hal.o
                0x20000004                uwTickFreq
 *fill*         0x20000005        0x3 
 .data.uwTickPrio
                0x20000008        0x4 build/stm32f4xx_hal.o
                0x20000008                uwTickPrio
 .data.SystemCoreClock
                0x2000000c        0x4 build/system_stm32f4xx.o
                0x2000000c                SystemCoreClock
 .data._ZN10__cxxabiv120__unexpected_handlerE
                0x20000010        0x4 C:/Tools/arm-gnu-toolchain/bin/../lib/gcc/arm-none-eabi/13.2.1/thumb/v7e-m+fp/hard\libstdc++_nano.a(eh_unex_handler.o)
                0x20000010                __cxxabiv1::__unexpected_handler
 .data._ZN10__cxxabiv119__terminate_handlerE
                0x20000014        0x4 C:/Tools/arm-gnu-toolchain/bin/../lib/gcc/arm-none-eabi/13.2.1/thumb/v7e-m+fp/hard\libstdc++_nano.a(eh_term_handler.o)
                0x20000014                __cxxabiv1::__terminate_handler
 .data._impure_ptr
                0x20000018        0x4 C:/Tools/arm-gnu-toolchain/bin/../lib/gcc/arm-none-eabi/13.2.1/thumb/v7e-m+fp/hard\libc_nano.a(libc_a-impure.o)
                0x20000018                _impure_ptr
 .data._impure_data
                0x2000001c       0x4c C:/Tools/arm-gnu-toolchain/bin/../lib/gcc/arm-none-eabi/13.2.1/thumb/v7e-m+fp/hard\libc_nano.a(libc_a-impure.o)
                0x2000001c                _impure_data
                0x20000068                        . = ALIGN (0x4)
                0x20000068                        _edata = .
                0x080072e0                        _siccmram = LOADADDR (.ccmram)

.tm_clone_table
                0x20000068        0x0 load address 0x080072e0
 .tm_clone_table
                0x20000068        0x0 C:/Tools/arm-gnu-toolchain/bin/../lib/gcc/arm-none-eabi/13.2.1/thumb/v7e-m+fp/hard/crtbegin.o
 .tm_clone_table
                0x20000068        0x0 C:/Tools/arm-gnu-toolchain/bin/../lib/gcc/arm-none-eabi/13.2.1/thumb/v7e-m+fp/hard/crtend.o

.igot.plt       0x20000068        0x0 load address 0x080072e0
 .igot.plt      0x20000068        0x0 C:/Tools/arm-gnu-toolchain/bin/../lib/gcc/arm-none-eabi/13.2.1/thumb/v7e-m+fp/hard/crtbegin.o

.ccmram         0x10000000        0x0 load address 0x080072e0
                0x10000000                        . = ALIGN (0x4)
                0x10000000                        _sccmram = .
 *(.ccmram)
 *(.ccmram*)
                0x10000000                        . = ALIGN (0x4)
                0x10000000                        _eccmram = .
                0x10000000                        . = ALIGN (0x4)

.bss            0x20000068      0x6b0
                0x20000068                        _sbss = .
                0x20000068                        __bss_start__ = _sbss
 *(.bss)
 *(.bss*)
 .bss.completed.1
                0x20000068        0x1 C:/Tools/arm-gnu-toolchain/bin/../lib/gcc/arm-none-eabi/13.2.1/thumb/v7e-m+fp/hard/crtbegin.o
 *fill*         0x20000069        0x3 
 .bss.object.0  0x2000006c       0x18 C:/Tools/arm-gnu-toolchain/bin/../lib/gcc/arm-none-eabi/13.2.1/thumb/v7e-m+fp/hard/crtbegin.o
 .bss.hdma_adc1
                0x20000084       0x60 build/adc.o
                0x20000084                hdma_adc1
 .bss.hadc3     0x200000e4       0x48 build/adc.o
                0x200000e4                hadc3
 .bss.hadc2     0x2000012c       0x48 build/adc.o
                0x2000012c                hadc2
 .bss.hadc1     0x20000174       0x48 build/adc.o
                0x20000174                hadc1
 .bss.hspi3     0x200001bc       0x58 build/spi.o
                0x200001bc                hspi3
 .bss.htim11    0x20000214       0x48 build/tim.o
                0x20000214                htim11
 .bss.htim10    0x2000025c       0x48 build/tim.o
                0x2000025c                htim10
 .bss.htim5     0x200002a4       0x48 build/tim.o
                0x200002a4                htim5
 .bss.htim4     0x200002ec       0x48 build/tim.o
                0x200002ec                htim4
 .bss.htim3     0x20000334       0x48 build/tim.o
                0x20000334                htim3
 .bss.htim2     0x2000037c       0x48 build/tim.o
                0x2000037c                htim2
 .bss.htim1     0x200003c4       0x48 build/tim.o
                0x200003c4                htim1
 .bss.uwTick    0x2000040c        0x4 build/stm32f4xx_hal.o
                0x2000040c                uwTick
 .bss._ZGVZ4mainE9LeftMotor
                0x20000410        0x4 build/main.o
 .bss._ZZ4mainE9LeftMotor
                0x20000414       0x14 build/main.o
 .bss._ZGVZ4mainE10RightMotor
                0x20000428        0x4 build/main.o
 .bss._ZZ4mainE10RightMotor
                0x2000042c       0x14 build/main.o
 .bss._ZGVZ4mainE16ModeChangeButton
                0x20000440        0x4 build/main.o
 .bss._ZZ4mainE16ModeChangeButton
                0x20000444        0x8 build/main.o
 .bss._ZGVZ4mainE11EncoderLeft
                0x2000044c        0x4 build/main.o
 .bss._ZZ4mainE11EncoderLeft
                0x20000450        0x8 build/main.o
 .bss._ZGVZ4mainE12EncoderRight
                0x20000458        0x4 build/main.o
 .bss._ZZ4mainE12EncoderRight
                0x2000045c        0x8 build/main.o
 .bss._ZGVZ4mainE12CalcDynamics
                0x20000464        0x4 build/main.o
 .bss._ZZ4mainE12CalcDynamics
                0x20000468        0xc build/main.o
 .bss._ZGVZ4mainE6Buzzer
                0x20000474        0x4 build/main.o
 .bss._ZZ4mainE6Buzzer
                0x20000478        0x8 build/main.o
 .bss._ZGVZ4mainE12SuctionMotor
                0x20000480        0x4 build/main.o
 .bss._ZZ4mainE12SuctionMotor
                0x20000484        0x8 build/main.o
 .bss._ZGVZ4mainE7pwmLeft
                0x2000048c        0x4 build/main.o
 .bss._ZZ4mainE7pwmLeft
                0x20000490        0x8 build/main.o
 .bss._ZGVZ4mainE8pwmRight
                0x20000498        0x4 build/main.o
 .bss._ZZ4mainE8pwmRight
                0x2000049c        0x8 build/main.o
 .bss._ZGVZ4mainE4Adc3
                0x200004a4        0x4 build/main.o
 .bss._ZZ4mainE4Adc3
                0x200004a8        0x8 build/main.o
 .bss._ZGVZ4mainE4Adc2
                0x200004b0        0x4 build/main.o
 .bss._ZZ4mainE4Adc2
                0x200004b4        0x8 build/main.o
 .bss._ZGVZ4mainE4Adc1
                0x200004bc        0x4 build/main.o
 .bss._ZZ4mainE4Adc1
                0x200004c0        0x8 build/main.o
 .bss._ZGVZ4mainE10gpioButton
                0x200004c8        0x4 build/main.o
 .bss._ZZ4mainE10gpioButton
                0x200004cc        0xc build/main.o
 .bss._ZGVZ4mainE8ModeLED3
                0x200004d8        0x4 build/main.o
 .bss._ZZ4mainE8ModeLED3
                0x200004dc        0xc build/main.o
 .bss._ZGVZ4mainE8ModeLED2
                0x200004e8        0x4 build/main.o
 .bss._ZZ4mainE8ModeLED2
                0x200004ec        0xc build/main.o
 .bss._ZGVZ4mainE8ModeLED1
                0x200004f8        0x4 build/main.o
 .bss._ZZ4mainE8ModeLED1
                0x200004fc        0xc build/main.o
 .bss._ZGVZ4mainE5LED_L
                0x20000508        0x4 build/main.o
 .bss._ZZ4mainE5LED_L
                0x2000050c        0xc build/main.o
 .bss._ZGVZ4mainE5LED_R
                0x20000518        0x4 build/main.o
 .bss._ZZ4mainE5LED_R
                0x2000051c        0xc build/main.o
 .bss._ZGVZ4mainE6LED_FR
                0x20000528        0x4 build/main.o
 .bss._ZZ4mainE6LED_FR
                0x2000052c        0xc build/main.o
 .bss._ZGVZ4mainE6LED_FL
                0x20000538        0x4 build/main.o
 .bss._ZZ4mainE6LED_FL
                0x2000053c        0xc build/main.o
 .bss._ZGVZ4mainE11SensorLED_L
                0x20000548        0x4 build/main.o
 .bss._ZZ4mainE11SensorLED_L
                0x2000054c        0xc build/main.o
 .bss._ZGVZ4mainE11SensorLED_R
                0x20000558        0x4 build/main.o
 .bss._ZZ4mainE11SensorLED_R
                0x2000055c        0xc build/main.o
 .bss._ZGVZ4mainE12SensorLED_FR
                0x20000568        0x4 build/main.o
 .bss._ZZ4mainE12SensorLED_FR
                0x2000056c        0xc build/main.o
 .bss._ZGVZ4mainE12SensorLED_FL
                0x20000578        0x4 build/main.o
 .bss._ZZ4mainE12SensorLED_FL
                0x2000057c        0xc build/main.o
 .bss._ZGVZ4mainE4BIN2
                0x20000588        0x4 build/main.o
 .bss._ZZ4mainE4BIN2
                0x2000058c        0xc build/main.o
 .bss._ZGVZ4mainE4BIN1
                0x20000598        0x4 build/main.o
 .bss._ZZ4mainE4BIN1
                0x2000059c        0xc build/main.o
 .bss._ZGVZ4mainE4AIN2
                0x200005a8        0x4 build/main.o
 .bss._ZZ4mainE4AIN2
                0x200005ac        0xc build/main.o
 .bss._ZGVZ4mainE4AIN1
                0x200005b8        0x4 build/main.o
 .bss._ZZ4mainE4AIN1
                0x200005bc        0xc build/main.o
 .bss._ZN12_GLOBAL__N_110eh_globalsE
                0x200005c8        0xc C:/Tools/arm-gnu-toolchain/bin/../lib/gcc/arm-none-eabi/13.2.1/thumb/v7e-m+fp/hard\libstdc++_nano.a(eh_globals.o)
 .bss.__malloc_free_list
                0x200005d4        0x4 C:/Tools/arm-gnu-toolchain/bin/../lib/gcc/arm-none-eabi/13.2.1/thumb/v7e-m+fp/hard\libc_nano.a(libc_a-mallocr.o)
                0x200005d4                __malloc_free_list
 .bss.__sf      0x200005d8      0x138 C:/Tools/arm-gnu-toolchain/bin/../lib/gcc/arm-none-eabi/13.2.1/thumb/v7e-m+fp/hard\libc_nano.a(libc_a-findfp.o)
                0x200005d8                __sf
 .bss.errno     0x20000710        0x4 C:/Tools/arm-gnu-toolchain/bin/../lib/gcc/arm-none-eabi/13.2.1/thumb/v7e-m+fp/hard\libc_nano.a(libc_a-reent.o)
                0x20000710                errno
 .bss.__lock___malloc_recursive_mutex
                0x20000714        0x1 C:/Tools/arm-gnu-toolchain/bin/../lib/gcc/arm-none-eabi/13.2.1/thumb/v7e-m+fp/hard\libc_nano.a(libc_a-lock.o)
                0x20000714                __lock___malloc_recursive_mutex
 *(COMMON)
                0x20000718                        . = ALIGN (0x4)
 *fill*         0x20000715        0x3 
                0x20000718                        _ebss = .
                0x20000718                        __bss_end__ = _ebss

._user_heap_stack
                0x20000718      0x600
                0x20000718                        . = ALIGN (0x8)
                [!provide]                        PROVIDE (end = .)
                0x20000718                        PROVIDE (_end = .)
                0x20000918                        . = (. + _Min_Heap_Size)
 *fill*         0x20000718      0x200 
                0x20000d18                        . = (. + _Min_Stack_Size)
 *fill*         0x20000918      0x400 
                0x20000d18                        . = ALIGN (0x8)

/DISCARD/
 libc.a(*)
 libm.a(*)
 libgcc.a(*)

.ARM.attributes
                0x00000000       0x30
 *(.ARM.attributes)
 .ARM.attributes
                0x00000000       0x22 C:/Tools/arm-gnu-toolchain/bin/../lib/gcc/arm-none-eabi/13.2.1/thumb/v7e-m+fp/hard/crti.o
 .ARM.attributes
                0x00000022       0x34 C:/Tools/arm-gnu-toolchain/bin/../lib/gcc/arm-none-eabi/13.2.1/thumb/v7e-m+fp/hard/crtbegin.o
 .ARM.attributes
                0x00000056       0x34 build/gpio.o
 .ARM.attributes
                0x0000008a       0x34 build/adc.o
 .ARM.attributes
                0x000000be       0x34 build/dma.o
 .ARM.attributes
                0x000000f2       0x34 build/spi.o
 .ARM.attributes
                0x00000126       0x34 build/tim.o
 .ARM.attributes
                0x0000015a       0x34 build/stm32f4xx_it.o
 .ARM.attributes
                0x0000018e       0x34 build/stm32f4xx_hal_msp.o
 .ARM.attributes
                0x000001c2       0x34 build/stm32f4xx_hal_adc.o
 .ARM.attributes
                0x000001f6       0x34 build/stm32f4xx_hal_rcc.o
 .ARM.attributes
                0x0000022a       0x34 build/stm32f4xx_hal_gpio.o
 .ARM.attributes
                0x0000025e       0x34 build/stm32f4xx_hal_dma.o
 .ARM.attributes
                0x00000292       0x34 build/stm32f4xx_hal_cortex.o
 .ARM.attributes
                0x000002c6       0x34 build/stm32f4xx_hal.o
 .ARM.attributes
                0x000002fa       0x34 build/stm32f4xx_hal_spi.o
 .ARM.attributes
                0x0000032e       0x34 build/stm32f4xx_hal_tim.o
 .ARM.attributes
                0x00000362       0x34 build/stm32f4xx_hal_tim_ex.o
 .ARM.attributes
                0x00000396       0x34 build/system_stm32f4xx.o
 .ARM.attributes
                0x000003ca       0x34 build/syscalls.o
 .ARM.attributes
                0x000003fe       0x34 build/main.o
 .ARM.attributes
                0x00000432       0x34 build/AdcSTM32F4.o
 .ARM.attributes
                0x00000466       0x34 build/EncoderSTM32F4.o
 .ARM.attributes
                0x0000049a       0x34 build/GpioSTM32F4.o
 .ARM.attributes
                0x000004ce       0x34 build/PwmSTM32F4.o
 .ARM.attributes
                0x00000502       0x34 build/TimerSTM32F4.o
 .ARM.attributes
                0x00000536       0x34 build/Button.o
 .ARM.attributes
                0x0000056a       0x34 build/MotorDriver.o
 .ARM.attributes
                0x0000059e       0x21 build/startup_stm32f405xx.o
 .ARM.attributes
                0x000005bf       0x34 C:/Tools/arm-gnu-toolchain/bin/../lib/gcc/arm-none-eabi/13.2.1/thumb/v7e-m+fp/hard\libstdc++_nano.a(atexit_arm.o)
 .ARM.attributes
                0x000005f3       0x34 C:/Tools/arm-gnu-toolchain/bin/../lib/gcc/arm-none-eabi/13.2.1/thumb/v7e-m+fp/hard\libstdc++_nano.a(class_type_info.o)
 .ARM.attributes
                0x00000627       0x34 C:/Tools/arm-gnu-toolchain/bin/../lib/gcc/arm-none-eabi/13.2.1/thumb/v7e-m+fp/hard\libstdc++_nano.a(del_ops.o)
 .ARM.attributes
                0x0000065b       0x34 C:/Tools/arm-gnu-toolchain/bin/../lib/gcc/arm-none-eabi/13.2.1/thumb/v7e-m+fp/hard\libstdc++_nano.a(eh_arm.o)
 .ARM.attributes
                0x0000068f       0x34 C:/Tools/arm-gnu-toolchain/bin/../lib/gcc/arm-none-eabi/13.2.1/thumb/v7e-m+fp/hard\libstdc++_nano.a(eh_exception.o)
 .ARM.attributes
                0x000006c3       0x34 C:/Tools/arm-gnu-toolchain/bin/../lib/gcc/arm-none-eabi/13.2.1/thumb/v7e-m+fp/hard\libstdc++_nano.a(eh_globals.o)
 .ARM.attributes
                0x000006f7       0x34 C:/Tools/arm-gnu-toolchain/bin/../lib/gcc/arm-none-eabi/13.2.1/thumb/v7e-m+fp/hard\libstdc++_nano.a(eh_personality.o)
 .ARM.attributes
                0x0000072b       0x34 C:/Tools/arm-gnu-toolchain/bin/../lib/gcc/arm-none-eabi/13.2.1/thumb/v7e-m+fp/hard\libstdc++_nano.a(eh_terminate.o)
 .ARM.attributes
                0x0000075f       0x34 C:/Tools/arm-gnu-toolchain/bin/../lib/gcc/arm-none-eabi/13.2.1/thumb/v7e-m+fp/hard\libstdc++_nano.a(eh_unex_handler.o)
 .ARM.attributes
                0x00000793       0x34 C:/Tools/arm-gnu-toolchain/bin/../lib/gcc/arm-none-eabi/13.2.1/thumb/v7e-m+fp/hard\libstdc++_nano.a(guard.o)
 .ARM.attributes
                0x000007c7       0x34 C:/Tools/arm-gnu-toolchain/bin/../lib/gcc/arm-none-eabi/13.2.1/thumb/v7e-m+fp/hard\libstdc++_nano.a(si_class_type_info.o)
 .ARM.attributes
                0x000007fb       0x34 C:/Tools/arm-gnu-toolchain/bin/../lib/gcc/arm-none-eabi/13.2.1/thumb/v7e-m+fp/hard\libstdc++_nano.a(tinfo.o)
 .ARM.attributes
                0x0000082f       0x34 C:/Tools/arm-gnu-toolchain/bin/../lib/gcc/arm-none-eabi/13.2.1/thumb/v7e-m+fp/hard\libstdc++_nano.a(del_op.o)
 .ARM.attributes
                0x00000863       0x34 C:/Tools/arm-gnu-toolchain/bin/../lib/gcc/arm-none-eabi/13.2.1/thumb/v7e-m+fp/hard\libstdc++_nano.a(eh_call.o)
 .ARM.attributes
                0x00000897       0x34 C:/Tools/arm-gnu-toolchain/bin/../lib/gcc/arm-none-eabi/13.2.1/thumb/v7e-m+fp/hard\libstdc++_nano.a(eh_catch.o)
 .ARM.attributes
                0x000008cb       0x34 C:/Tools/arm-gnu-toolchain/bin/../lib/gcc/arm-none-eabi/13.2.1/thumb/v7e-m+fp/hard\libstdc++_nano.a(eh_term_handler.o)
 .ARM.attributes
                0x000008ff       0x34 C:/Tools/arm-gnu-toolchain/bin/../lib/gcc/arm-none-eabi/13.2.1/thumb/v7e-m+fp/hard\libc_nano.a(libc_a-abort.o)
 .ARM.attributes
                0x00000933       0x34 C:/Tools/arm-gnu-toolchain/bin/../lib/gcc/arm-none-eabi/13.2.1/thumb/v7e-m+fp/hard\libc_nano.a(libc_a-malloc.o)
 .ARM.attributes
                0x00000967       0x34 C:/Tools/arm-gnu-toolchain/bin/../lib/gcc/arm-none-eabi/13.2.1/thumb/v7e-m+fp/hard\libc_nano.a(libc_a-mallocr.o)
 .ARM.attributes
                0x0000099b       0x34 C:/Tools/arm-gnu-toolchain/bin/../lib/gcc/arm-none-eabi/13.2.1/thumb/v7e-m+fp/hard\libc_nano.a(libc_a-mlock.o)
 .ARM.attributes
                0x000009cf       0x34 C:/Tools/arm-gnu-toolchain/bin/../lib/gcc/arm-none-eabi/13.2.1/thumb/v7e-m+fp/hard\libc_nano.a(libc_a-cxa_atexit.o)
 .ARM.attributes
                0x00000a03       0x34 C:/Tools/arm-gnu-toolchain/bin/../lib/gcc/arm-none-eabi/13.2.1/thumb/v7e-m+fp/hard\libc_nano.a(libc_a-findfp.o)
 .ARM.attributes
                0x00000a37       0x34 C:/Tools/arm-gnu-toolchain/bin/../lib/gcc/arm-none-eabi/13.2.1/thumb/v7e-m+fp/hard\libc_nano.a(libc_a-memset.o)
 .ARM.attributes
                0x00000a6b       0x34 C:/Tools/arm-gnu-toolchain/bin/../lib/gcc/arm-none-eabi/13.2.1/thumb/v7e-m+fp/hard\libc_nano.a(libc_a-signal.o)
 .ARM.attributes
                0x00000a9f       0x34 C:/Tools/arm-gnu-toolchain/bin/../lib/gcc/arm-none-eabi/13.2.1/thumb/v7e-m+fp/hard\libc_nano.a(libc_a-reent.o)
 .ARM.attributes
                0x00000ad3       0x34 C:/Tools/arm-gnu-toolchain/bin/../lib/gcc/arm-none-eabi/13.2.1/thumb/v7e-m+fp/hard\libc_nano.a(libc_a-impure.o)
 .ARM.attributes
                0x00000b07       0x34 C:/Tools/arm-gnu-toolchain/bin/../lib/gcc/arm-none-eabi/13.2.1/thumb/v7e-m+fp/hard\libc_nano.a(libc_a-signalr.o)
 .ARM.attributes
                0x00000b3b       0x34 C:/Tools/arm-gnu-toolchain/bin/../lib/gcc/arm-none-eabi/13.2.1/thumb/v7e-m+fp/hard\libc_nano.a(libc_a-errno.o)
 .ARM.attributes