Archive member included to satisfy reference by file (symbol)

C:/Tools/arm-gnu-toolchain/bin/../lib/gcc/arm-none-eabi/13.2.1/thumb/v7e-m+fp/hard\libstdc++_nano.a(atexit_arm.o)
                              build/main.o (__aeabi_atexit)
C:/Tools/arm-gnu-toolchain/bin/../lib/gcc/arm-none-eabi/13.2.1/thumb/v7e-m+fp/hard\libstdc++_nano.a(class_type_info.o)
                              build/main.o (vtable for __cxxabiv1::__class_type_info)
C:/Tools/arm-gnu-toolchain/bin/../lib/gcc/arm-none-eabi/13.2.1/thumb/v7e-m+fp/hard\libstdc++_nano.a(del_ops.o)
                              build/main.o (operator delete(void*, unsigned int))
C:/Tools/arm-gnu-toolchain/bin/../lib/gcc/arm-none-eabi/13.2.1/thumb/v7e-m+fp/hard\libstdc++_nano.a(del_opv.o)
                              build/Maze.o (operator delete[](void*))
C:/Tools/arm-gnu-toolchain/bin/../lib/gcc/arm-none-eabi/13.2.1/thumb/v7e-m+fp/hard\libstdc++_nano.a(eh_arm.o)
                              build/main.o (__cxa_end_cleanup)
C:/Tools/arm-gnu-toolchain/bin/../lib/gcc/arm-none-eabi/13.2.1/thumb/v7e-m+fp/hard\libstdc++_nano.a(eh_aux_runtime.o)
                              build/Maze.o (__cxa_throw_bad_array_new_length)
C:/Tools/arm-gnu-toolchain/bin/../lib/gcc/arm-none-eabi/13.2.1/thumb/v7e-m+fp/hard\libstdc++_nano.a(eh_exception.o)
                              C:/Tools/arm-gnu-toolchain/bin/../lib/gcc/arm-none-eabi/13.2.1/thumb/v7e-m+fp/hard\libstdc++_nano.a(eh_arm.o) (typeinfo for __cxxabiv1::__forced_unwind)
C:/Tools/arm-gnu-toolchain/bin/../lib/gcc/arm-none-eabi/13.2.1/thumb/v7e-m+fp/hard\libstdc++_nano.a(eh_globals.o)
                              C:/Tools/arm-gnu-toolchain/bin/../lib/gcc/arm-none-eabi/13.2.1/thumb/v7e-m+fp/hard\libstdc++_nano.a(eh_arm.o) (__cxa_get_globals)
C:/Tools/arm-gnu-toolchain/bin/../lib/gcc/arm-none-eabi/13.2.1/thumb/v7e-m+fp/hard\libstdc++_nano.a(eh_personality.o)
                              build/main.o (__gxx_personality_v0)
C:/Tools/arm-gnu-toolchain/bin/../lib/gcc/arm-none-eabi/13.2.1/thumb/v7e-m+fp/hard\libstdc++_nano.a(eh_terminate.o)
                              C:/Tools/arm-gnu-toolchain/bin/../lib/gcc/arm-none-eabi/13.2.1/thumb/v7e-m+fp/hard\libstdc++_nano.a(eh_arm.o) (std::terminate())
C:/Tools/arm-gnu-toolchain/bin/../lib/gcc/arm-none-eabi/13.2.1/thumb/v7e-m+fp/hard\libstdc++_nano.a(eh_unex_handler.o)
                              C:/Tools/arm-gnu-toolchain/bin/../lib/gcc/arm-none-eabi/13.2.1/thumb/v7e-m+fp/hard\libstdc++_nano.a(eh_terminate.o) (__cxxabiv1::__unexpected_handler)
C:/Tools/arm-gnu-toolchain/bin/../lib/gcc/arm-none-eabi/13.2.1/thumb/v7e-m+fp/hard\libstdc++_nano.a(guard.o)
                              build/main.o (__cxa_guard_acquire)
C:/Tools/arm-gnu-toolchain/bin/../lib/gcc/arm-none-eabi/13.2.1/thumb/v7e-m+fp/hard\libstdc++_nano.a(new_op.o)
                              build/Path.o (operator new(unsigned int))
C:/Tools/arm-gnu-toolchain/bin/../lib/gcc/arm-none-eabi/13.2.1/thumb/v7e-m+fp/hard\libstdc++_nano.a(new_opv.o)
                              build/Maze.o (operator new[](unsigned int))
C:/Tools/arm-gnu-toolchain/bin/../lib/gcc/arm-none-eabi/13.2.1/thumb/v7e-m+fp/hard\libstdc++_nano.a(si_class_type_info.o)
                              build/main.o (vtable for __cxxabiv1::__si_class_type_info)
C:/Tools/arm-gnu-toolchain/bin/../lib/gcc/arm-none-eabi/13.2.1/thumb/v7e-m+fp/hard\libstdc++_nano.a(tinfo.o)
                              C:/Tools/arm-gnu-toolchain/bin/../lib/gcc/arm-none-eabi/13.2.1/thumb/v7e-m+fp/hard\libstdc++_nano.a(class_type_info.o) (std::type_info::~type_info())
C:/Tools/arm-gnu-toolchain/bin/../lib/gcc/arm-none-eabi/13.2.1/thumb/v7e-m+fp/hard\libstdc++_nano.a(functexcept.o)
                              build/Path.o (std::__throw_bad_alloc())
C:/Tools/arm-gnu-toolchain/bin/../lib/gcc/arm-none-eabi/13.2.1/thumb/v7e-m+fp/hard\libstdc++_nano.a(del_op.o)
                              C:/Tools/arm-gnu-toolchain/bin/../lib/gcc/arm-none-eabi/13.2.1/thumb/v7e-m+fp/hard\libstdc++_nano.a(del_ops.o) (operator delete(void*))
C:/Tools/arm-gnu-toolchain/bin/../lib/gcc/arm-none-eabi/13.2.1/thumb/v7e-m+fp/hard\libstdc++_nano.a(eh_call.o)
                              C:/Tools/arm-gnu-toolchain/bin/../lib/gcc/arm-none-eabi/13.2.1/thumb/v7e-m+fp/hard\libstdc++_nano.a(eh_personality.o) (__cxa_call_terminate)
C:/Tools/arm-gnu-toolchain/bin/../lib/gcc/arm-none-eabi/13.2.1/thumb/v7e-m+fp/hard\libstdc++_nano.a(eh_catch.o)
                              C:/Tools/arm-gnu-toolchain/bin/../lib/gcc/arm-none-eabi/13.2.1/thumb/v7e-m+fp/hard\libstdc++_nano.a(eh_call.o) (__cxa_begin_catch)
C:/Tools/arm-gnu-toolchain/bin/../lib/gcc/arm-none-eabi/13.2.1/thumb/v7e-m+fp/hard\libstdc++_nano.a(eh_term_handler.o)
                              C:/Tools/arm-gnu-toolchain/bin/../lib/gcc/arm-none-eabi/13.2.1/thumb/v7e-m+fp/hard\libstdc++_nano.a(eh_terminate.o) (__cxxabiv1::__terminate_handler)
C:/Tools/arm-gnu-toolchain/bin/../lib/gcc/arm-none-eabi/13.2.1/thumb/v7e-m+fp/hard\libstdc++_nano.a(new_handler.o)
[...]
Memory Configuration

Name             Origin             Length             Attributes
RAM              0x20000000         0x00020000         xrw
CCMRAM           0x10000000         0x00010000         xrw
FLASH            0x08000000         0x00100000         xr
*default*        0x00000000         0xffffffff

Linker script and memory map

LOAD C:/Tools/arm-gnu-toolchain/bin/../lib/gcc/arm-none-eabi/13.2.1/thumb/v7e-m+fp/hard/crti.o
LOAD C:/Tools/arm-gnu-toolchain/bin/../lib/gcc/arm-none-eabi/13.2.1/thumb/v7e-m+fp/hard/crtbegin.o
LOAD C:/Tools/arm-gnu-toolchain/bin/../lib/gcc/arm-none-eabi/13.2.1/thumb/v7e-m+fp/hard/crt0.o
LOAD build/gpio.o
LOAD build/adc.o
LOAD build/dma.o
LOAD build/spi.o
LOAD build/tim.o
LOAD build/system_stm32f4xx.o
LOAD build/sysmem.o
LOAD build/syscalls.o
LOAD build/stm32f4xx_it.o
LOAD build/stm32f4xx_hal_msp.o
LOAD build/stm32f4xx_hal_adc.o
LOAD build/stm32f4xx_hal_adc_ex.o
LOAD build/stm32f4xx_ll_adc.o
LOAD build/stm32f4xx_hal_rcc.o
LOAD build/stm32f4xx_hal_rcc_ex.o
LOAD build/stm32f4xx_hal_flash.o
LOAD build/stm32f4xx_hal_flash_ex.o
LOAD build/stm32f4xx_hal_flash_ramfunc.o
LOAD build/stm32f4xx_hal_gpio.o
LOAD build/stm32f4xx_hal_dma_ex.o
LOAD build/stm32f4xx_hal_dma.o
LOAD build/stm32f4xx_hal_pwr.o
LOAD build/stm32f4xx_hal_pwr_ex.o
LOAD build/stm32f4xx_hal_cortex.o
LOAD build/stm32f4xx_hal.o
LOAD build/stm32f4xx_hal_exti.o
LOAD build/stm32f4xx_hal_spi.o
LOAD build/stm32f4xx_hal_tim.o
LOAD build/stm32f4xx_hal_tim_ex.o
LOAD build/main.o
LOAD build/AdcSTM32F4.o
LOAD build/EncoderSTM32F4.o
LOAD build/GpioSTM32F4.o
LOAD build/PwmSTM32F4.o
LOAD build/SPISTM32F4.o
LOAD build/TimerSTM32F4.o
LOAD build/Button.o
LOAD build/MotorDriver.o
LOAD build/EncoderDriver.o
LOAD build/IMUDriver.o
LOAD build/LEDController.o
LOAD build/PhotoSensor.o
LOAD build/RobotController.o
LOAD build/Path.o
LOAD build/Maze.o
LOAD build/MazeSolver.o
LOAD build/Interrupt.o
LOAD build/DynamicsController.o
LOAD build/startup_stm32f405xx.o
LOAD C:/Tools/arm-gnu-toolchain/bin/../lib/gcc/arm-none-eabi/13.2.1/thumb/v7e-m+fp/hard\libnosys.a
LOAD C:/Tools/arm-gnu-toolchain/bin/../lib/gcc/arm-none-eabi/13.2.1/thumb/v7e-m+fp/hard\libstdc++_nano.a
LOAD C:/Tools/arm-gnu-toolchain/bin/../lib/gcc/arm-none-eabi/13.2.1/thumb/v7e-m+fp/hard\libm.a
LOAD C:/Tools/arm-gnu-toolchain/bin/../lib/gcc/arm-none-eabi/13.2.1/thumb/v7e-m+fp/hard\libc_nano.a
START GROUP
LOAD C:/Tools/arm-gnu-toolchain/bin/../lib/gcc/arm-none-eabi/13.2.1/thumb/v7e-m+fp/hard\libgcc.a
LOAD C:/Tools/arm-gnu-toolchain/bin/../lib/gcc/arm-none-eabi/13.2.1/thumb/v7e-m+fp/hard\libc_nano.a
END GROUP
START GROUP
LOAD C:/Tools/arm-gnu-toolchain/bin/../lib/gcc/arm-none-eabi/13.2.1/thumb/v7e-m+fp/hard\libgcc.a
LOAD C:/Tools/arm-gnu-toolchain/bin/../lib/gcc/arm-none-eabi/13.2.1/thumb/v7e-m+fp/hard\libc_nano.a
END GROUP
LOAD C:/Tools/arm-gnu-toolchain/bin/../lib/gcc/arm-none-eabi/13.2.1/thumb/v7e-m+fp/hard/crtend.o
LOAD C:/Tools/arm-gnu-toolchain/bin/../lib/gcc/arm-none-eabi/13.2.1/thumb/v7e-m+fp/hard/crtn.o
                0x20020000                        _estack = (ORIGIN (RAM) + LENGTH (RAM))
                0x00000200                        _Min_Heap_Size = 0x200
                0x00000400                        _Min_Stack_Size = 0x400

.isr_vector     0x08000000      0x188
                0x08000000                        . = ALIGN (0x4)
 *(.isr_vector)
 .isr_vector    0x08000000      0x188 build/startup_stm32f405xx.o
                0x08000000                g_pfnVectors
                0x08000188                        . = ALIGN (0x4)

.text           0x08000190     0xa56c
                0x08000190                        . = ALIGN (0x4)
 *(.text)
 .text          0x08000190       0x14 C:/Tools/arm-gnu-toolchain/bin/../lib/gcc/arm-none-eabi/13.2.1/thumb/v7e-m+fp/hard\libc_nano.a(libc_a-strcmp.o)
                0x08000190                strcmp
 *fill*         0x080001a4        0xc 
 .text          0x080001b0       0xa0 C:/Tools/arm-gnu-toolchain/bin/../lib/gcc/arm-none-eabi/13.2.1/thumb/v7e-m+fp/hard\libc_nano.a(libc_a-memchr.o)
                0x080001b0                memchr
 .text          0x08000250       0x10 C:/Tools/arm-gnu-toolchain/bin/../lib/gcc/arm-none-eabi/13.2.1/thumb/v7e-m+fp/hard\libc_nano.a(libc_a-strlen.o)
                0x08000250                strlen
 .text          0x08000260      0x378 C:/Tools/arm-gnu-toolchain/bin/../lib/gcc/arm-none-eabi/13.2.1/thumb/v7e-m+fp/hard\libgcc.a(_arm_addsubdf3.o)
                0x08000260                __aeabi_drsub
                0x08000268                __aeabi_dsub
                0x08000268                __subdf3
                0x0800026c                __aeabi_dadd
                0x0800026c                __adddf3
                0x080004e4                __floatunsidf
                0x080004e4                __aeabi_ui2d
                0x08000504                __floatsidf
                0x08000504                __aeabi_i2d
                0x08000528                __aeabi_f2d
                0x08000528                __extendsfdf2
                0x0800056c                __floatundidf
                0x0800056c                __aeabi_ul2d
                0x0800057c                __floatdidf
                0x0800057c                __aeabi_l2d
 .text          0x080005d8      0x424 C:/Tools/arm-gnu-toolchain/bin/../lib/gcc/arm-none-eabi/13.2.1/thumb/v7e-m+fp/hard\libgcc.a(_arm_muldivdf3.o)
                0x080005d8                __aeabi_dmul
                0x080005d8                __muldf3
                0x0800082c                __divdf3
                0x0800082c                __aeabi_ddiv
 .text          0x080009fc      0x110 C:/Tools/arm-gnu-toolchain/bin/../lib/gcc/arm-none-eabi/13.2.1/thumb/v7e-m+fp/hard\libgcc.a(_arm_cmpdf2.o)
                0x080009fc                __gtdf2
                0x080009fc                __gedf2
                0x08000a04                __ltdf2
                0x08000a04                __ledf2
                0x08000a0c                __nedf2
                0x08000a0c                __eqdf2
                0x08000a0c                __cmpdf2
                0x08000a88                __aeabi_cdrcmple
                0x08000a98                __aeabi_cdcmpeq
                0x08000a98                __aeabi_cdcmple
                0x08000aa8                __aeabi_dcmpeq
                0x08000abc                __aeabi_dcmplt
                0x08000ad0                __aeabi_dcmple
                0x08000ae4                __aeabi_dcmpge
                0x08000af8                __aeabi_dcmpgt
 .text          0x08000b0c       0x2c C:/Tools/arm-gnu-toolchain/bin/../lib/gcc/arm-none-eabi/13.2.1/thumb/v7e-m+fp/hard\libgcc.a(_arm_unorddf2.o)
                0x08000b0c                __unorddf2
                0x08000b0c                __aeabi_dcmpun
 .text          0x08000b38       0x50 C:/Tools/arm-gnu-toolchain/bin/../lib/gcc/arm-none-eabi/13.2.1/thumb/v7e-m+fp/hard\libgcc.a(_arm_fixdfsi.o)
                0x08000b38                __aeabi_d2iz
                0x08000b38                __fixdfsi
 .text          0x08000b88       0x30 C:/Tools/arm-gnu-toolchain/bin/../lib/gcc/arm-none-eabi/13.2.1/thumb/v7e-m+fp/hard\libgcc.a(_aeabi_uldivmod.o)
                0x08000b88                __aeabi_uldivmod
 .text          0x08000bb8      0x1ac C:/Tools/arm-gnu-toolchain/bin/../lib/gcc/arm-none-eabi/13.2.1/thumb/v7e-m+fp/hard\libgcc.a(libunwind.o)
                0x08000bb8                __restore_core_regs
                0x08000bb8                restore_core_regs
                0x08000bd0                __gnu_Unwind_Restore_VFP
                0x08000bd8                __gnu_Unwind_Save_VFP
                0x08000be0                __gnu_Unwind_Restore_VFP_D
                0x08000be8                __gnu_Unwind_Save_VFP_D
                0x08000bf0                __gnu_Unwind_Restore_VFP_D_16_to_31
                0x08000bf8                __gnu_Unwind_Save_VFP_D_16_to_31
                0x08000c00                __gnu_Unwind_Restore_WMMXD
                0x08000c44                __gnu_Unwind_Save_WMMXD
                0x08000c88                __gnu_Unwind_Restore_WMMXC
                0x08000c9c                __gnu_Unwind_Save_WMMXC
                0x08000cb0                ___Unwind_RaiseException
                0x08000cb0                _Unwind_RaiseException
                0x08000cd4                _Unwind_Resume
                0x08000cd4                ___Unwind_Resume
                0x08000cf8                _Unwind_Resume_or_Rethrow
                0x08000cf8                ___Unwind_Resume_or_Rethrow
                0x08000d1c                _Unwind_ForcedUnwind
                0x08000d1c                ___Unwind_ForcedUnwind
                0x08000d40                ___Unwind_Backtrace
                0x08000d40                _Unwind_Backtrace
 .text          0x08000d64        0x4 C:/Tools/arm-gnu-toolchain/bin/../lib/gcc/arm-none-eabi/13.2.1/thumb/v7e-m+fp/hard\libgcc.a(_dvmd_tls.o)
                0x08000d64                __aeabi_idiv0
                0x08000d64                __aeabi_ldiv0
 *(.text*)
 .text.deregister_tm_clones
                0x08000d68       0x1c C:/Tools/arm-gnu-toolchain/bin/../lib/gcc/arm-none-eabi/13.2.1/thumb/v7e-m+fp/hard/crtbegin.o
 .text.register_tm_clones
                0x08000d84       0x24 C:/Tools/arm-gnu-toolchain/bin/../lib/gcc/arm-none-eabi/13.2.1/thumb/v7e-m+fp/hard/crtbegin.o
 .text.__do_global_dtors_aux
                0x08000da8       0x28 C:/Tools/arm-gnu-toolchain/bin/../lib/gcc/arm-none-eabi/13.2.1/thumb/v7e-m+fp/hard/crtbegin.o
 .text.frame_dummy
                0x08000dd0       0x24 C:/Tools/arm-gnu-toolchain/bin/../lib/gcc/arm-none-eabi/13.2.1/thumb/v7e-m+fp/hard/crtbegin.o
 .text.MX_GPIO_Init
                0x08000df4      0x168 build/gpio.o
                0x08000df4                MX_GPIO_Init
 .text.MX_ADC1_Init
                0x08000f5c       0xbc build/adc.o
                0x08000f5c                MX_ADC1_Init
 .text.MX_ADC2_Init
                0x08001018       0x70 build/adc.o
                0x08001018                MX_ADC2_Init
 .text.MX_ADC3_Init
                0x08001088       0x70 build/adc.o
                0x08001088                MX_ADC3_Init
 .text.HAL_ADC_MspInit
                0x080010f8      0x13c build/adc.o
                0x080010f8                HAL_ADC_MspInit
 .text.MX_DMA_Init
                0x08001234       0x34 build/dma.o
                0x08001234                MX_DMA_Init
 .text.MX_SPI3_Init
                0x08001268       0x40 build/spi.o
                0x08001268                MX_SPI3_Init
 .text.HAL_SPI_MspInit
                0x080012a8       0x70 build/spi.o
                0x080012a8                HAL_SPI_MspInit
 .text.MX_TIM3_Init
                0x08001318       0x64 build/tim.o
                0x08001318                MX_TIM3_Init
 .text.MX_TIM4_Init
                0x0800137c       0x64 build/tim.o
                0x0800137c                MX_TIM4_Init
 .text.MX_TIM5_Init
                0x080013e0       0x70 build/tim.o
                0x080013e0                MX_TIM5_Init
 .text.HAL_TIM_PWM_MspInit
                0x08001450       0x50 build/tim.o
                0x08001450                HAL_TIM_PWM_MspInit
 .text.HAL_TIM_Encoder_MspInit
                0x080014a0       0xb8 build/tim.o
                0x080014a0                HAL_TIM_Encoder_MspInit
 .text.HAL_TIM_Base_MspInit
                0x08001558       0x78 build/tim.o
                0x08001558                HAL_TIM_Base_MspInit
 .text.HAL_TIM_MspPostInit
                0x080015d0      0x108 build/tim.o
                0x080015d0                HAL_TIM_MspPostInit
 .text.MX_TIM1_Init
                0x080016d8       0xb8 build/tim.o
                0x080016d8                MX_TIM1_Init
 .text.MX_TIM2_Init
                0x08001790       0x7c build/tim.o
                0x08001790                MX_TIM2_Init
 .text.MX_TIM10_Init
                0x0800180c       0x74 build/tim.o
                0x0800180c                MX_TIM10_Init
 .text.MX_TIM11_Init
                0x08001880       0x74 build/tim.o
                0x08001880                MX_TIM11_Init
 .text.SystemInit
                0x080018f4       0x14 build/system_stm32f4xx.o
                0x080018f4                SystemInit
 .text._sbrk    0x08001908       0x48 build/sysmem.o
                0x08001908                _sbrk
 .text._getpid  0x08001950        0x4 build/syscalls.o
                0x08001950                _getpid
 .text._kill    0x08001954       0x10 build/syscalls.o
                0x08001954                _kill
 .text._exit    0x08001964        0xc build/syscalls.o
                0x08001964                _exit
 .text._read    0x08001970       0x20 build/syscalls.o
                0x08001970                _read
 .text._write   0x08001990       0x1c build/syscalls.o
                0x08001990                _write
 .text._close   0x080019ac        0x6 build/syscalls.o
                0x080019ac                _close
 .text._fstat   0x080019b2        0xa build/syscalls.o
                0x080019b2                _fstat
 .text._isatty  0x080019bc        0x4 build/syscalls.o
                0x080019bc                _isatty
 .text._lseek   0x080019c0        0x4 build/syscalls.o
                0x080019c0                _lseek
 .text.NMI_Handler
                0x080019c4        0x2 build/stm32f4xx_it.o
                0x080019c4                NMI_Handler
 .text.HardFault_Handler
                0x080019c6        0x2 build/stm32f4xx_it.o
                0x080019c6                HardFault_Handler
 .text.MemManage_Handler
                0x080019c8        0x2 build/stm32f4xx_it.o
                0x080019c8                MemManage_Handler
 .text.BusFault_Handler
                0x080019ca        0x2 build/stm32f4xx_it.o
                0x080019ca                BusFault_Handler
 .text.UsageFault_Handler
                0x080019cc        0x2 build/stm32f4xx_it.o
                0x080019cc                UsageFault_Handler
 .text.SVC_Handler
                0x080019ce        0x2 build/stm32f4xx_it.o
                0x080019ce                SVC_Handler
 .text.DebugMon_Handler
                0x080019d0        0x2 build/stm32f4xx_it.o
                0x080019d0                DebugMon_Handler
 .text.PendSV_Handler
                0x080019d2        0x2 build/stm32f4xx_it.o
                0x080019d2                PendSV_Handler
 .text.SysTick_Handler
                0x080019d4        0x8 build/stm32f4xx_it.o
                0x080019d4                SysTick_Handler
 .text.DMA2_Stream0_IRQHandler
                0x080019dc       0x10 build/stm32f4xx_it.o
                0x080019dc                DMA2_Stream0_IRQHandler
 .text.HAL_MspInit
                0x080019ec       0x38 build/stm32f4xx_hal_msp.o
                0x080019ec                HAL_MspInit
 .text.ADC_Init
                0x08001a24      0x150 build/stm32f4xx_hal_adc.o
 .text.HAL_ADC_Init
                0x08001b74      0x1f4 build/stm32f4xx_hal_adc.o
                0x08001b74                HAL_ADC_Init
 .text.HAL_ADC_Start
                0x08001d68      0x180 build/stm32f4xx_hal_adc.o
                0x08001d68                HAL_ADC_Start
 .text.HAL_ADC_PollForConversion
                0x08001ee8       0xb8 build/stm32f4xx_hal_adc.o
                0x08001ee8                HAL_ADC_PollForConversion
 .text.HAL_ADC_GetValue
                0x08001fa0        0x6 build/stm32f4xx_hal_adc.o
                0x08001fa0                HAL_ADC_GetValue
 *fill*         0x08001fa6        0x2 
 .text.HAL_ADC_ConfigChannel
                0x08001fa8      0x1c8 build/stm32f4xx_hal_adc.o
                0x08001fa8                HAL_ADC_ConfigChannel
 .text.HAL_RCC_OscConfig
                0x08002170      0x4fc build/stm32f4xx_hal_rcc.o
                0x08002170                HAL_RCC_OscConfig
 .text.HAL_RCC_GetSysClockFreq
                0x0800266c       0xa8 build/stm32f4xx_hal_rcc.o
                0x0800266c                HAL_RCC_GetSysClockFreq
 .text.HAL_RCC_ClockConfig
                0x08002714      0x224 build/stm32f4xx_hal_rcc.o
                0x08002714                HAL_RCC_ClockConfig
 .text.HAL_GPIO_Init
                0x08002938      0x2c0 build/stm32f4xx_hal_gpio.o
                0x08002938                HAL_GPIO_Init
 .text.HAL_GPIO_ReadPin
                0x08002bf8       0x28 build/stm32f4xx_hal_gpio.o
                0x08002bf8                HAL_GPIO_ReadPin
 .text.HAL_GPIO_WritePin
                0x08002c20       0x38 build/stm32f4xx_hal_gpio.o
                0x08002c20                HAL_GPIO_WritePin
 .text.DMA_CalcBaseAndBitshift
                0x08002c58       0x3c build/stm32f4xx_hal_dma.o
 .text.DMA_CheckFifoParam
                0x08002c94       0x8e build/stm32f4xx_hal_dma.o
 *fill*         0x08002d22        0x2 
 .text.HAL_DMA_Init
                0x08002d24      0x290 build/stm32f4xx_hal_dma.o
                0x08002d24                HAL_DMA_Init
 .text.HAL_DMA_IRQHandler
                0x08002fb4      0x1dc build/stm32f4xx_hal_dma.o
                0x08002fb4                HAL_DMA_IRQHandler
 .text.__NVIC_EnableIRQ
                0x08003190       0x1c build/stm32f4xx_hal_cortex.o
 .text.__NVIC_SetPriority
                0x080031ac       0x28 build/stm32f4xx_hal_cortex.o
 .text.NVIC_EncodePriority
                0x080031d4       0x3e build/stm32f4xx_hal_cortex.o
 *fill*         0x08003212        0x2 
 .text.HAL_NVIC_SetPriorityGrouping
                0x08003214       0x3c build/stm32f4xx_hal_cortex.o
                0x08003214                HAL_NVIC_SetPriorityGrouping
 .text.HAL_NVIC_SetPriority
                0x08003250       0x48 build/stm32f4xx_hal_cortex.o
                0x08003250                HAL_NVIC_SetPriority
 .text.HAL_NVIC_EnableIRQ
                0x08003298       0x1c build/stm32f4xx_hal_cortex.o
                0x08003298                HAL_NVIC_EnableIRQ
 .text.HAL_SYSTICK_Config
                0x080032b4       0x28 build/stm32f4xx_hal_cortex.o
                0x080032b4                HAL_SYSTICK_Config
 .text.HAL_InitTick
                0x080032dc       0x4c build/stm32f4xx_hal.o
                0x080032dc                HAL_InitTick
 .text.HAL_Init
                0x08003328       0x34 build/stm32f4xx_hal.o
                0x08003328                HAL_Init
 .text.HAL_IncTick
                0x0800335c       0x18 build/stm32f4xx_hal.o
                0x0800335c                HAL_IncTick
 .text.HAL_GetTick
                0x08003374        0xc build/stm32f4xx_hal.o
                0x08003374                HAL_GetTick
 .text.HAL_Delay
                0x08003380       0x28 build/stm32f4xx_hal.o
                0x08003380                HAL_Delay
 .text.SPI_WaitFlagStateUntilTimeout
                0x080033a8       0xc8 build/stm32f4xx_hal_spi.o
 .text.SPI_EndRxTxTransaction
                0x08003470       0x80 build/stm32f4xx_hal_spi.o
 .text.HAL_SPI_Init
                0x080034f0      0x25c build/stm32f4xx_hal_spi.o
                0x080034f0                HAL_SPI_Init
 .text.HAL_SPI_TransmitReceive
                0x0800374c      0x26c build/stm32f4xx_hal_spi.o
                0x0800374c                HAL_SPI_TransmitReceive
 .text.TIM_TI1_ConfigInputStage
                0x080039b8       0x26 build/stm32f4xx_hal_tim.o
 .text.TIM_TI2_ConfigInputStage
                0x080039de       0x28 build/stm32f4xx_hal_tim.o
 .text.TIM_ITRx_SetConfig
                0x08003a06       0x10 build/stm32f4xx_hal_tim.o
 *fill*         0x08003a16        0x2 
 .text.TIM_OC1_SetConfig
                0x08003a18       0xb4 build/stm32f4xx_hal_tim.o
 .text.TIM_OC3_SetConfig
                0x08003acc       0xbc build/stm32f4xx_hal_tim.o
 .text.TIM_OC4_SetConfig
                0x08003b88       0x74 build/stm32f4xx_hal_tim.o
 .text.HAL_TIM_Base_Start_IT
                0x08003bfc      0x108 build/stm32f4xx_hal_tim.o
                0x08003bfc                HAL_TIM_Base_Start_IT
 .text.HAL_TIM_Base_Stop_IT
                0x08003d04       0xb8 build/stm32f4xx_hal_tim.o
                0x08003d04                HAL_TIM_Base_Stop_IT
 .text.TIM_Base_SetConfig
                0x08003dbc       0xd8 build/stm32f4xx_hal_tim.o
                0x08003dbc                TIM_Base_SetConfig
 .text.HAL_TIM_Base_Init
                0x08003e94      0x168 build/stm32f4xx_hal_tim.o
                0x08003e94                HAL_TIM_Base_Init
 .text.HAL_TIM_PWM_Init
                0x08003ffc      0x168 build/stm32f4xx_hal_tim.o
                0x08003ffc                HAL_TIM_PWM_Init
 .text.HAL_TIM_Encoder_Init
                0x08004164      0x260 build/stm32f4xx_hal_tim.o
                0x08004164                HAL_TIM_Encoder_Init
 .text.TIM_OC2_SetConfig
                0x080043c4       0xc0 build/stm32f4xx_hal_tim.o
                0x080043c4                TIM_OC2_SetConfig
 .text.HAL_TIM_PWM_ConfigChannel
                0x08004484      0x27c build/stm32f4xx_hal_tim.o
                0x08004484                HAL_TIM_PWM_ConfigChannel
 .text.TIM_ETR_SetConfig
                0x08004700       0x1a build/stm32f4xx_hal_tim.o
                0x08004700                TIM_ETR_SetConfig
 *fill*         0x0800471a        0x2 
 .text.HAL_TIM_ConfigClockSource
                0x0800471c      0x4fc build/stm32f4xx_hal_tim.o
                0x0800471c                HAL_TIM_ConfigClockSource
 .text.TIM_CCxChannelCmd
                0x08004c18       0xb0 build/stm32f4xx_hal_tim.o
                0x08004c18                TIM_CCxChannelCmd
 .text.HAL_TIM_Encoder_Start
                0x08004cc8      0x128 build/stm32f4xx_hal_tim.o
                0x08004cc8                HAL_TIM_Encoder_Start
 .text.HAL_TIMEx_MasterConfigSynchronization
                0x08004df0      0x118 build/stm32f4xx_hal_tim_ex.o
                0x08004df0                HAL_TIMEx_MasterConfigSynchronization
 .text.HAL_TIMEx_ConfigBreakDeadTime
                0x08004f08      0x124 build/stm32f4xx_hal_tim_ex.o
                0x08004f08                HAL_TIMEx_ConfigBreakDeadTime
 .text._ZN12AdachiSolver9solveMazeERK4Mazett
                0x0800502c        0xc build/main.o
                0x0800502c                AdachiSolver::solveMaze(Maze const&, unsigned short, unsigned short)
 .text._ZN14DijkstraSolver9solveMazeERK4Mazett
                0x08005038        0xc build/main.o
                0x08005038                DijkstraSolver::solveMaze(Maze const&, unsigned short, unsigned short)
 .text._ZN11GpioSTM32F4D2Ev
                0x08005044       0x14 build/main.o
                0x08005044                GpioSTM32F4::~GpioSTM32F4()
                0x08005044                GpioSTM32F4::~GpioSTM32F4()
 .text._ZN10AdcSTM32F4D2Ev
                0x08005058       0x14 build/main.o
                0x08005058                AdcSTM32F4::~AdcSTM32F4()
                0x08005058                AdcSTM32F4::~AdcSTM32F4()
 .text._ZN12TimerSTM32F4D2Ev
                0x0800506c       0x14 build/main.o
                0x0800506c                TimerSTM32F4::~TimerSTM32F4()
                0x0800506c                TimerSTM32F4::~TimerSTM32F4()
 .text._ZN14EncoderSTM32F4D2Ev
                0x08005080       0x14 build/main.o
                0x08005080                EncoderSTM32F4::~EncoderSTM32F4()
                0x08005080                EncoderSTM32F4::~EncoderSTM32F4()
 .text._ZN10SPISTM32F4D2Ev
                0x08005094       0x14 build/main.o
                0x08005094                SPISTM32F4::~SPISTM32F4()
                0x08005094                SPISTM32F4::~SPISTM32F4()
 .text._ZN12AdachiSolverD2Ev
                0x080050a8       0x14 build/main.o
                0x080050a8                AdachiSolver::~AdachiSolver()
                0x080050a8                AdachiSolver::~AdachiSolver()
 .text._ZN14DijkstraSolverD2Ev
                0x080050bc       0x14 build/main.o
                0x080050bc                DijkstraSolver::~DijkstraSolver()
                0x080050bc                DijkstraSolver::~DijkstraSolver()
 .text._ZN14DijkstraSolverD0Ev
                0x080050d0       0x20 build/main.o
                0x080050d0                DijkstraSolver::~DijkstraSolver()
 .text._ZN12AdachiSolverD0Ev
                0x080050f0       0x20 build/main.o
                0x080050f0                AdachiSolver::~AdachiSolver()
 .text._ZN11GpioSTM32F4D0Ev
                0x08005110       0x20 build/main.o
                0x08005110                GpioSTM32F4::~GpioSTM32F4()
 .text._ZN10AdcSTM32F4D0Ev
                0x08005130       0x20 build/main.o
                0x08005130                AdcSTM32F4::~AdcSTM32F4()
 .text._ZN12TimerSTM32F4D0Ev
                0x08005150       0x20 build/main.o
                0x08005150                TimerSTM32F4::~TimerSTM32F4()
 .text._ZN14EncoderSTM32F4D0Ev
                0x08005170       0x20 build/main.o
                0x08005170                EncoderSTM32F4::~EncoderSTM32F4()
 .text._ZN10SPISTM32F4D0Ev
                0x08005190       0x20 build/main.o
                0x08005190                SPISTM32F4::~SPISTM32F4()
 .text.Error_Handler
                0x080051b0        0x4 build/main.o
                0x080051b0                Error_Handler
 .text._Z18SystemClock_Configv
                0x080051b4       0xa4 build/main.o
                0x080051b4                SystemClock_Config()
 .text.main     0x08005258      0xcd8 build/main.o
                0x08005258                main
 .text.assert_failed
                0x08005f30        0x2 build/main.o
                0x08005f30                assert_failed
 .text._ZNSt15__new_allocatorI8PathStepE10deallocateEPS0_j
                0x08005f32       0x10 build/main.o
                0x08005f32                std::__new_allocator<PathStep>::deallocate(PathStep*, unsigned int)
 *fill*         0x08005f42        0x2 
 .text._ZNSt12_Vector_baseI8PathStepSaIS0_EED2Ev
                0x08005f44       0x20 build/main.o
                0x08005f44                std::_Vector_base<PathStep, std::allocator<PathStep> >::~_Vector_base()
                0x08005f44                std::_Vector_base<PathStep, std::allocator<PathStep> >::~_Vector_base()
 .text._ZNSt6vectorI8PathStepSaIS0_EED2Ev
                0x08005f64        0xc build/main.o
                0x08005f64                std::vector<PathStep, std::allocator<PathStep> >::~vector()
                0x08005f64                std::vector<PathStep, std::allocator<PathStep> >::~vector()
 .text._ZN15RobotControllerD2Ev
                0x08005f70       0x16 build/main.o
                0x08005f70                RobotController::~RobotController()
                0x08005f70                RobotController::~RobotController()
 .text._ZN10AdcSTM32F44readEh
                0x08005f86       0x46 build/AdcSTM32F4.o
                0x08005f86                AdcSTM32F4::read(unsigned char)
 .text._ZN10AdcSTM32F4C2EP17ADC_HandleTypeDef
                0x08005fcc       0x30 build/AdcSTM32F4.o
                0x08005fcc                AdcSTM32F4::AdcSTM32F4(ADC_HandleTypeDef*)
                0x08005fcc                AdcSTM32F4::AdcSTM32F4(ADC_HandleTypeDef*)
 .text._ZNK14EncoderSTM32F48getCountEv
                0x08005ffc        0x8 build/EncoderSTM32F4.o
                0x08005ffc                EncoderSTM32F4::getCount() const
 .text._ZN14EncoderSTM32F410resetCountEv
                0x08006004        0xa build/EncoderSTM32F4.o
                0x08006004                EncoderSTM32F4::resetCount()
 *fill*         0x0800600e        0x2 
 .text._ZN14EncoderSTM32F4C2EP17TIM_HandleTypeDef
                0x08006010       0x2c build/EncoderSTM32F4.o
                0x08006010                EncoderSTM32F4::EncoderSTM32F4(TIM_HandleTypeDef*)
                0x08006010                EncoderSTM32F4::EncoderSTM32F4(TIM_HandleTypeDef*)
 .text._ZN11GpioSTM32F47setHighEv
                0x0800603c        0xe build/GpioSTM32F4.o
                0x0800603c                GpioSTM32F4::setHigh()
 .text._ZN11GpioSTM32F46setLowEv
                0x0800604a        0xe build/GpioSTM32F4.o
                0x0800604a                GpioSTM32F4::setLow()
 .text._ZN11GpioSTM32F44readEv
                0x08006058       0x14 build/GpioSTM32F4.o
                0x08006058                GpioSTM32F4::read()
 .text._ZN11GpioSTM32F4C2EP12GPIO_TypeDeft
                0x0800606c       0x1c build/GpioSTM32F4.o
                0x0800606c                GpioSTM32F4::GpioSTM32F4(GPIO_TypeDef*, unsigned short)
                0x0800606c                GpioSTM32F4::GpioSTM32F4(GPIO_TypeDef*, unsigned short)
 .text._ZN10PwmSTM32F4C2EP17TIM_HandleTypeDefm
                0x08006088        0x6 build/PwmSTM32F4.o
                0x08006088                PwmSTM32F4::PwmSTM32F4(TIM_HandleTypeDef*, unsigned long)
                0x08006088                PwmSTM32F4::PwmSTM32F4(TIM_HandleTypeDef*, unsigned long)
 .text._ZN10SPISTM32F415resetChipSelectEv
                0x0800608e        0xe build/SPISTM32F4.o
                0x0800608e                SPISTM32F4::resetChipSelect()
 .text._ZN10SPISTM32F413setChipSelectEv
                0x0800609c        0xe build/SPISTM32F4.o
                0x0800609c                SPISTM32F4::setChipSelect()
 .text._ZN10SPISTM32F415transmitReceiveEPhS0_tm
                0x080060aa       0x12 build/SPISTM32F4.o
                0x080060aa                SPISTM32F4::transmitReceive(unsigned char*, unsigned char*, unsigned short, unsigned long)
 .text._ZN10SPISTM32F4C2EP19__SPI_HandleTypeDefP12GPIO_TypeDeft
                0x080060bc       0x20 build/SPISTM32F4.o
                0x080060bc                SPISTM32F4::SPISTM32F4(__SPI_HandleTypeDef*, GPIO_TypeDef*, unsigned short)
                0x080060bc                SPISTM32F4::SPISTM32F4(__SPI_HandleTypeDef*, GPIO_TypeDef*, unsigned short)
 .text._ZN12TimerSTM32F411setCallbackEPFvvE
                0x080060dc        0x4 build/TimerSTM32F4.o
                0x080060dc                TimerSTM32F4::setCallback(void (*)())
 .text._ZN12TimerSTM32F45startEv
                0x080060e0        0xa build/TimerSTM32F4.o
                0x080060e0                TimerSTM32F4::start()
 .text._ZN12TimerSTM32F44stopEv
                0x080060ea        0xa build/TimerSTM32F4.o
                0x080060ea                TimerSTM32F4::stop()
 .text._ZN12TimerSTM32F4C2EP17TIM_HandleTypeDef
                0x080060f4       0x18 build/TimerSTM32F4.o
                0x080060f4                TimerSTM32F4::TimerSTM32F4(TIM_HandleTypeDef*)
                0x080060f4                TimerSTM32F4::TimerSTM32F4(TIM_HandleTypeDef*)
 .text._ZN6ButtonC2EP5IGpiom
                0x0800610c        0x6 build/Button.o
                0x0800610c                Button::Button(IGpio*, unsigned long)
                0x0800610c                Button::Button(IGpio*, unsigned long)
 .text._ZN6Button10checkStateEv
                0x08006112       0x38 build/Button.o
                0x08006112                Button::checkState()
 .text._ZN11MotorDriverC2EP10PwmSTM32F4P11GpioSTM32F4S3_f
                0x0800614a        0xc build/MotorDriver.o
                0x0800614a                MotorDriver::MotorDriver(PwmSTM32F4*, GpioSTM32F4*, GpioSTM32F4*, float)
                0x0800614a                MotorDriver::MotorDriver(PwmSTM32F4*, GpioSTM32F4*, GpioSTM32F4*, float)
 .text._ZN13EncoderDriverC2EP14EncoderSTM32F4b
                0x08006156       0x16 build/EncoderDriver.o
                0x08006156                EncoderDriver::EncoderDriver(EncoderSTM32F4*, bool)
                0x08006156                EncoderDriver::EncoderDriver(EncoderSTM32F4*, bool)
 .text._ZN3ImuC2EP10SPISTM32F4
                0x0800616c        0x8 build/IMUDriver.o
                0x0800616c                Imu::Imu(SPISTM32F4*)
                0x0800616c                Imu::Imu(SPISTM32F4*)
 .text._ZN13LEDControllerC2EP11GpioSTM32F4S1_S1_S1_S1_S1_S1_S1_S1_S1_S1_
                0x08006174       0x28 build/LEDController.o
                0x08006174                LEDController::LEDController(GpioSTM32F4*, GpioSTM32F4*, GpioSTM32F4*, GpioSTM32F4*, GpioSTM32F4*, GpioSTM32F4*, GpioSTM32F4*, GpioSTM32F4*, GpioSTM32F4*, GpioSTM32F4*, GpioSTM32F4*)
                0x08006174                LEDController::LEDController(GpioSTM32F4*, GpioSTM32F4*, GpioSTM32F4*, GpioSTM32F4*, GpioSTM32F4*, GpioSTM32F4*, GpioSTM32F4*, GpioSTM32F4*, GpioSTM32F4*, GpioSTM32F4*, GpioSTM32F4*)
 .text._ZN11PhotoSensorC2EP17ADC_HandleTypeDefPtm
                0x0800619c        0x8 build/PhotoSensor.o
                0x0800619c                PhotoSensor::PhotoSensor(ADC_HandleTypeDef*, unsigned short*, unsigned long)
                0x0800619c                PhotoSensor::PhotoSensor(ADC_HandleTypeDef*, unsigned short*, unsigned long)
 .text._ZN15RobotControllerC2EP6ButtonP13LEDControllerP3ImuP11PhotoSensorP13EncoderDriverS9_P11MotorDriverSB_P10MazeSolver
                0x080061a4       0x6c build/RobotController.o
                0x080061a4                RobotController::RobotController(Button*, LEDController*, Imu*, PhotoSensor*, EncoderDriver*, EncoderDriver*, MotorDriver*, MotorDriver*, MazeSolver*)
                0x080061a4                RobotController::RobotController(Button*, LEDController*, Imu*, PhotoSensor*, EncoderDriver*, EncoderDriver*, MotorDriver*, MotorDriver*, MazeSolver*)
 .text._ZN4MazeC2Ejj
                0x08006210       0x5c build/Maze.o
                0x08006210                Maze::Maze(unsigned int, unsigned int)
                0x08006210                Maze::Maze(unsigned int, unsigned int)
 .text._ZN4MazeD2Ev
                0x0800626c       0x10 build/Maze.o
                0x0800626c                Maze::~Maze()
                0x0800626c                Maze::~Maze()
 .text._ZN18DynamicsControllerC2Eff
                0x0800627c       0x12 build/DynamicsController.o
                0x0800627c                DynamicsController::DynamicsController(float, float)
                0x0800627c                DynamicsController::DynamicsController(float, float)
 *fill*         0x0800628e        0x2 
 .text.Reset_Handler
                0x08006290       0x50 build/startup_stm32f405xx.o
                0x08006290                Reset_Handler
 .text.Default_Handler
                0x080062e0        0x2 build/startup_stm32f405xx.o
                0x080062e0                RTC_Alarm_IRQHandler
                0x080062e0                HASH_RNG_IRQHandler
                0x080062e0                EXTI2_IRQHandler
                0x080062e0                TIM8_CC_IRQHandler
                0x080062e0                TIM1_CC_IRQHandler
                0x080062e0                DMA2_Stream5_IRQHandler
                0x080062e0                DMA1_Stream5_IRQHandler
                0x080062e0                PVD_IRQHandler
                0x080062e0                SDIO_IRQHandler
                0x080062e0                TAMP_STAMP_IRQHandler
                0x080062e0                CAN2_RX1_IRQHandler
                0x080062e0                EXTI3_IRQHandler
                0x080062e0                TIM8_TRG_COM_TIM14_IRQHandler
                0x080062e0                TIM1_UP_TIM10_IRQHandler
                0x080062e0                TIM8_UP_TIM13_IRQHandler
                0x080062e0                I2C3_ER_IRQHandler
                0x080062e0                EXTI0_IRQHandler
                0x080062e0                I2C2_EV_IRQHandler
                0x080062e0                DMA1_Stream2_IRQHandler
                0x080062e0                CAN1_RX0_IRQHandler
                0x080062e0                FPU_IRQHandler
                0x080062e0                OTG_HS_WKUP_IRQHandler
                0x080062e0                CAN2_SCE_IRQHandler
                0x080062e0                DMA2_Stream2_IRQHandler
                0x080062e0                SPI1_IRQHandler
                0x080062e0                TIM6_DAC_IRQHandler
                0x080062e0                TIM1_BRK_TIM9_IRQHandler
                0x080062e0                CAN2_RX0_IRQHandler
                0x080062e0                DMA2_Stream3_IRQHandler
                0x080062e0                USART6_IRQHandler
                0x080062e0                USART3_IRQHandler
                0x080062e0                CAN1_RX1_IRQHandler
                0x080062e0                UART5_IRQHandler
                0x080062e0                TIM4_IRQHandler
                0x080062e0                I2C1_EV_IRQHandler
                0x080062e0                DMA1_Stream6_IRQHandler
                0x080062e0                DMA1_Stream1_IRQHandler
                0x080062e0                UART4_IRQHandler
                0x080062e0                TIM3_IRQHandler
                0x080062e0                RCC_IRQHandler
                0x080062e0                TIM8_BRK_TIM12_IRQHandler
                0x080062e0                Default_Handler
                0x080062e0                EXTI15_10_IRQHandler
                0x080062e0                ADC_IRQHandler
                0x080062e0                DMA1_Stream7_IRQHandler
                0x080062e0                TIM7_IRQHandler
                0x080062e0                CAN2_TX_IRQHandler
                0x080062e0                TIM5_IRQHandler
                0x080062e0                DMA2_Stream7_IRQHandler
                0x080062e0                I2C3_EV_IRQHandler
                0x080062e0                EXTI9_5_IRQHandler
                0x080062e0                RTC_WKUP_IRQHandler
                0x080062e0                SPI2_IRQHandler
                0x080062e0                OTG_HS_EP1_IN_IRQHandler
                0x080062e0                DMA1_Stream0_IRQHandler
                0x080062e0                CAN1_TX_IRQHandler
                0x080062e0                EXTI4_IRQHandler
                0x080062e0                FSMC_IRQHandler
                0x080062e0                OTG_HS_EP1_OUT_IRQHandler
                0x080062e0                WWDG_IRQHandler
                0x080062e0                TIM2_IRQHandler
                0x080062e0                OTG_FS_WKUP_IRQHandler
                0x080062e0                TIM1_TRG_COM_TIM11_IRQHandler
                0x080062e0                OTG_HS_IRQHandler
                0x080062e0                EXTI1_IRQHandler
                0x080062e0                USART2_IRQHandler
                0x080062e0                I2C2_ER_IRQHandler
                0x080062e0                DMA2_Stream1_IRQHandler
                0x080062e0                CAN1_SCE_IRQHandler
                0x080062e0                FLASH_IRQHandler
                0x080062e0                DMA2_Stream4_IRQHandler
                0x080062e0                USART1_IRQHandler
                0x080062e0                OTG_FS_IRQHandler
                0x080062e0                SPI3_IRQHandler
                0x080062e0                DMA1_Stream4_IRQHandler
                0x080062e0                I2C1_ER_IRQHandler
                0x080062e0                DMA2_Stream6_IRQHandler
                0x080062e0                DMA1_Stream3_IRQHandler
 .text.__aeabi_atexit
                0x080062e2        0xa C:/Tools/arm-gnu-toolchain/bin/../lib/gcc/arm-none-eabi/13.2.1/thumb/v7e-m+fp/hard\libstdc++_nano.a(atexit_arm.o)
                0x080062e2                __aeabi_atexit
 .text._ZNK10__cxxabiv117__class_type_info11__do_upcastEPKS0_PPv
                0x080062ec       0x32 C:/Tools/arm-gnu-toolchain/bin/../lib/gcc/arm-none-eabi/13.2.1/thumb/v7e-m+fp/hard\libstdc++_nano.a(class_type_info.o)
                0x080062ec                __cxxabiv1::__class_type_info::__do_upcast(__cxxabiv1::__class_type_info const*, void**) const
 .text._ZNK10__cxxabiv117__class_type_info20__do_find_public_srcEiPKvPKS0_S2_
                0x0800631e        0xc C:/Tools/arm-gnu-toolchain/bin/../lib/gcc/arm-none-eabi/13.2.1/thumb/v7e-m+fp/hard\libstdc++_nano.a(class_type_info.o)
                0x0800631e                __cxxabiv1::__class_type_info::__do_find_public_src(int, void const*, __cxxabiv1::__class_type_info const*, void const*) const
 *fill*         0x0800632a        0x2 
 .text._ZN10__cxxabiv117__class_type_infoD2Ev
                0x0800632c       0x14 C:/Tools/arm-gnu-toolchain/bin/../lib/gcc/arm-none-eabi/13.2.1/thumb/v7e-m+fp/hard\libstdc++_nano.a(class_type_info.o)
                0x0800632c                __cxxabiv1::__class_type_info::~__class_type_info()
                0x0800632c                __cxxabiv1::__class_type_info::~__class_type_info()
 .text._ZN10__cxxabiv117__class_type_infoD0Ev
                0x08006340       0x14 C:/Tools/arm-gnu-toolchain/bin/../lib/gcc/arm-none-eabi/13.2.1/thumb/v7e-m+fp/hard\libstdc++_nano.a(class_type_info.o)
                0x08006340                __cxxabiv1::__class_type_info::~__class_type_info()
 .text._ZNK10__cxxabiv117__class_type_info12__do_dyncastEiNS0_10__sub_kindEPKS0_PKvS3_S5_RNS0_16__dyncast_resultE
                0x08006354       0x3e C:/Tools/arm-gnu-toolchain/bin/../lib/gcc/arm-none-eabi/13.2.1/thumb/v7e-m+fp/hard\libstdc++_nano.a(class_type_info.o)
                0x08006354                __cxxabiv1::__class_type_info::__do_dyncast(int, __cxxabiv1::__class_type_info::__sub_kind, __cxxabiv1::__class_type_info const*, void const*, __cxxabiv1::__class_type_info const*, void const*, __cxxabiv1::__class_type_info::__dyncast_result&) const
 .text._ZNK10__cxxabiv117__class_type_info11__do_upcastEPKS0_PKvRNS0_15__upcast_resultE
                0x08006392       0x18 C:/Tools/arm-gnu-toolchain/bin/../lib/gcc/arm-none-eabi/13.2.1/thumb/v7e-m+fp/hard\libstdc++_nano.a(class_type_info.o)
                0x08006392                __cxxabiv1::__class_type_info::__do_upcast(__cxxabiv1::__class_type_info const*, void const*, __cxxabiv1::__class_type_info::__upcast_result&) const
 .text._ZNK10__cxxabiv117__class_type_info10__do_catchEPKSt9type_infoPPvj
                0x080063aa       0x2a C:/Tools/arm-gnu-toolchain/bin/../lib/gcc/arm-none-eabi/13.2.1/thumb/v7e-m+fp/hard\libstdc++_nano.a(class_type_info.o)
                0x080063aa                __cxxabiv1::__class_type_info::__do_catch(std::type_info const*, void**, unsigned int) const
 .text._ZdlPvj  0x080063d4        0x4 C:/Tools/arm-gnu-toolchain/bin/../lib/gcc/arm-none-eabi/13.2.1/thumb/v7e-m+fp/hard\libstdc++_nano.a(del_ops.o)
                0x080063d4                operator delete(void*, unsigned int)
 .text._ZdaPv   0x080063d8        0x4 C:/Tools/arm-gnu-toolchain/bin/../lib/gcc/arm-none-eabi/13.2.1/thumb/v7e-m+fp/hard\libstdc++_nano.a(del_opv.o)
                0x080063d8                operator delete[](void*)
 .text.__cxa_end_cleanup
                0x080063dc        0xc C:/Tools/arm-gnu-toolchain/bin/../lib/gcc/arm-none-eabi/13.2.1/thumb/v7e-m+fp/hard\libstdc++_nano.a(eh_arm.o)
                0x080063dc                __cxa_end_cleanup
 .text._ZN10__cxxabiv1L24__is_gxx_exception_classEPc
                0x080063e8       0x3a C:/Tools/arm-gnu-toolchain/bin/../lib/gcc/arm-none-eabi/13.2.1/thumb/v7e-m+fp/hard\libstdc++_nano.a(eh_arm.o)
 *fill*         0x08006422        0x2 
 .text.__cxa_type_match
                0x08006424       0xbc C:/Tools/arm-gnu-toolchain/bin/../lib/gcc/arm-none-eabi/13.2.1/thumb/v7e-m+fp/hard\libstdc++_nano.a(eh_arm.o)
                0x08006424                __cxa_type_match
 .text.__cxa_begin_cleanup
                0x080064e0       0x3a C:/Tools/arm-gnu-toolchain/bin/../lib/gcc/arm-none-eabi/13.2.1/thumb/v7e-m+fp/hard\libstdc++_nano.a(eh_arm.o)
                0x080064e0                __cxa_begin_cleanup
 .text.__gnu_end_cleanup
                0x0800651a       0x32 C:/Tools/arm-gnu-toolchain/bin/../lib/gcc/arm-none-eabi/13.2.1/thumb/v7e-m+fp/hard\libstdc++_nano.a(eh_arm.o)
                0x0800651a                __gnu_end_cleanup
 .text.unlikely.__cxa_throw_bad_array_new_length
                0x0800654c        0x6 C:/Tools/arm-gnu-toolchain/bin/../lib/gcc/arm-none-eabi/13.2.1/thumb/v7e-m+fp/hard\libstdc++_nano.a(eh_aux_runtime.o)
                0x0800654c                __cxa_throw_bad_array_new_length
 *fill*         0x08006552        0x2 
 .text.__cxa_get_globals
                0x08006554        0x8 C:/Tools/arm-gnu-toolchain/bin/../lib/gcc/arm-none-eabi/13.2.1/thumb/v7e-m+fp/hard\libstdc++_nano.a(eh_globals.o)
                0x08006554                __cxa_get_globals
 .text._ZL12read_uleb128PKhPm
                0x0800655c       0x1e C:/Tools/arm-gnu-toolchain/bin/../lib/gcc/arm-none-eabi/13.2.1/thumb/v7e-m+fp/hard\libstdc++_nano.a(eh_personality.o)
 .text._ZL12read_sleb128PKhPl
                0x0800657a       0x30 C:/Tools/arm-gnu-toolchain/bin/../lib/gcc/arm-none-eabi/13.2.1/thumb/v7e-m+fp/hard\libstdc++_nano.a(eh_personality.o)
 .text._ZL28read_encoded_value_with_basehjPKhPj
                0x080065aa       0x8c C:/Tools/arm-gnu-toolchain/bin/../lib/gcc/arm-none-eabi/13.2.1/thumb/v7e-m+fp/hard\libstdc++_nano.a(eh_personality.o)
 .text._ZL21base_of_encoded_valuehP15_Unwind_Context
                0x08006636       0x42 C:/Tools/arm-gnu-toolchain/bin/../lib/gcc/arm-none-eabi/13.2.1/thumb/v7e-m+fp/hard\libstdc++_nano.a(eh_personality.o)
 .text._ZL18read_encoded_valueP15_Unwind_ContexthPKhPj
                0x08006678       0x20 C:/Tools/arm-gnu-toolchain/bin/../lib/gcc/arm-none-eabi/13.2.1/thumb/v7e-m+fp/hard\libstdc++_nano.a(eh_personality.o)
 .text._ZL17parse_lsda_headerP15_Unwind_ContextPKhP16lsda_header_info
                0x08006698       0x5e C:/Tools/arm-gnu-toolchain/bin/../lib/gcc/arm-none-eabi/13.2.1/thumb/v7e-m+fp/hard\libstdc++_nano.a(eh_personality.o)
 .text._Unwind_GetGR
                0x080066f6       0x18 C:/Tools/arm-gnu-toolchain/bin/../lib/gcc/arm-none-eabi/13.2.1/thumb/v7e-m+fp/hard\libstdc++_nano.a(eh_personality.o)
 *fill*         0x0800670e        0x2 
 .text.__gxx_personality_v0
                0x08006710      0x32c C:/Tools/arm-gnu-toolchain/bin/../lib/gcc/arm-none-eabi/13.2.1/thumb/v7e-m+fp/hard\libstdc++_nano.a(eh_personality.o)
                0x08006710                __gxx_personality_v0
 .text._ZN10__cxxabiv111__terminateEPFvvE
                0x08006a3c        0x8 C:/Tools/arm-gnu-toolchain/bin/../lib/gcc/arm-none-eabi/13.2.1/thumb/v7e-m+fp/hard\libstdc++_nano.a(eh_terminate.o)
                0x08006a3c                __cxxabiv1::__terminate(void (*)())
 .text._ZSt13get_terminatev
                0x08006a44       0x10 C:/Tools/arm-gnu-toolchain/bin/../lib/gcc/arm-none-eabi/13.2.1/thumb/v7e-m+fp/hard\libstdc++_nano.a(eh_terminate.o)
                0x08006a44                std::get_terminate()
 .text._ZSt9terminatev
                0x08006a54        0xa C:/Tools/arm-gnu-toolchain/bin/../lib/gcc/arm-none-eabi/13.2.1/thumb/v7e-m+fp/hard\libstdc++_nano.a(eh_terminate.o)
                0x08006a54                std::terminate()
 .text._ZN10__cxxabiv112__unexpectedEPFvvE
                0x08006a5e        0x8 C:/Tools/arm-gnu-toolchain/bin/../lib/gcc/arm-none-eabi/13.2.1/thumb/v7e-m+fp/hard\libstdc++_nano.a(eh_terminate.o)
                0x08006a5e                __cxxabiv1::__unexpected(void (*)())
 *fill*         0x08006a66        0x2 
 .text._ZSt14get_unexpectedv
                0x08006a68       0x10 C:/Tools/arm-gnu-toolchain/bin/../lib/gcc/arm-none-eabi/13.2.1/thumb/v7e-m+fp/hard\libstdc++_nano.a(eh_terminate.o)
                0x08006a68                std::get_unexpected()
 .text._ZSt10unexpectedv
                0x08006a78        0xa C:/Tools/arm-gnu-toolchain/bin/../lib/gcc/arm-none-eabi/13.2.1/thumb/v7e-m+fp/hard\libstdc++_nano.a(eh_terminate.o)
                0x08006a78                std::unexpected()
 .text.__cxa_guard_acquire
                0x08006a82       0x18 C:/Tools/arm-gnu-toolchain/bin/../lib/gcc/arm-none-eabi/13.2.1/thumb/v7e-m+fp/hard\libstdc++_nano.a(guard.o)
                0x08006a82                __cxa_guard_acquire
 .text.__cxa_guard_abort
                0x08006a9a        0x6 C:/Tools/arm-gnu-toolchain/bin/../lib/gcc/arm-none-eabi/13.2.1/thumb/v7e-m+fp/hard\libstdc++_nano.a(guard.o)
                0x08006a9a                __cxa_guard_abort
 .text.__cxa_guard_release
                0x08006aa0        0x6 C:/Tools/arm-gnu-toolchain/bin/../lib/gcc/arm-none-eabi/13.2.1/thumb/v7e-m+fp/hard\libstdc++_nano.a(guard.o)
                0x08006aa0                __cxa_guard_release
 .text._Znwj    0x08006aa6       0x22 C:/Tools/arm-gnu-toolchain/bin/../lib/gcc/arm-none-eabi/13.2.1/thumb/v7e-m+fp/hard\libstdc++_nano.a(new_op.o)
                0x08006aa6                operator new(unsigned int)
 .text._Znaj    0x08006ac8        0x4 C:/Tools/arm-gnu-toolchain/bin/../lib/gcc/arm-none-eabi/13.2.1/thumb/v7e-m+fp/hard\libstdc++_nano.a(new_opv.o)
                0x08006ac8                operator new[](unsigned int)
 .text._ZN10__cxxabiv120__si_class_type_infoD2Ev
                0x08006acc       0x14 C:/Tools/arm-gnu-toolchain/bin/../lib/gcc/arm-none-eabi/13.2.1/thumb/v7e-m+fp/hard\libstdc++_nano.a(si_class_type_info.o)
                0x08006acc                __cxxabiv1::__si_class_type_info::~__si_class_type_info()
                0x08006acc                __cxxabiv1::__si_class_type_info::~__si_class_type_info()
 .text._ZN10__cxxabiv120__si_class_type_infoD0Ev
                0x08006ae0       0x14 C:/Tools/arm-gnu-toolchain/bin/../lib/gcc/arm-none-eabi/13.2.1/thumb/v7e-m+fp/hard\libstdc++_nano.a(si_class_type_info.o)
                0x08006ae0                __cxxabiv1::__si_class_type_info::~__si_class_type_info()
 .text._ZNK10__cxxabiv120__si_class_type_info20__do_find_public_srcEiPKvPKNS_17__class_type_infoES2_
                0x08006af4       0x3c C:/Tools/arm-gnu-toolchain/bin/../lib/gcc/arm-none-eabi/13.2.1/thumb/v7e-m+fp/hard\libstdc++_nano.a(si_class_type_info.o)
                0x08006af4                __cxxabiv1::__si_class_type_info::__do_find_public_src(int, void const*, __cxxabiv1::__class_type_info const*, void const*) const
 .text._ZNK10__cxxabiv120__si_class_type_info12__do_dyncastEiNS_17__class_type_info10__sub_kindEPKS1_PKvS4_S6_RNS1_16__dyncast_resultE
                0x08006b30       0x74 C:/Tools/arm-gnu-toolchain/bin/../lib/gcc/arm-none-eabi/13.2.1/thumb/v7e-m+fp/hard\libstdc++_nano.a(si_class_type_info.o)
                0x08006b30                __cxxabiv1::__si_class_type_info::__do_dyncast(int, __cxxabiv1::__class_type_info::__sub_kind, __cxxabiv1::__class_type_info const*, void const*, __cxxabiv1::__class_type_info const*, void const*, __cxxabiv1::__class_type_info::__dyncast_result&) const
 .text._ZNK10__cxxabiv120__si_class_type_info11__do_upcastEPKNS_17__class_type_infoEPKvRNS1_15__upcast_resultE
                0x08006ba4       0x2a C:/Tools/arm-gnu-toolchain/bin/../lib/gcc/arm-none-eabi/13.2.1/thumb/v7e-m+fp/hard\libstdc++_nano.a(si_class_type_info.o)
                0x08006ba4                __cxxabiv1::__si_class_type_info::__do_upcast(__cxxabiv1::__class_type_info const*, void const*, __cxxabiv1::__class_type_info::__upcast_result&) const
 .text._ZNSt9type_infoD2Ev
                0x08006bce        0x2 C:/Tools/arm-gnu-toolchain/bin/../lib/gcc/arm-none-eabi/13.2.1/thumb/v7e-m+fp/hard\libstdc++_nano.a(tinfo.o)
                0x08006bce                std::type_info::~type_info()
                0x08006bce                std::type_info::~type_info()
 .text._ZNKSt9type_info14__is_pointer_pEv
                0x08006bd0        0x4 C:/Tools/arm-gnu-toolchain/bin/../lib/gcc/arm-none-eabi/13.2.1/thumb/v7e-m+fp/hard\libstdc++_nano.a(tinfo.o)
                0x08006bd0                std::type_info::__is_pointer_p() const
                0x08006bd0                std::type_info::__is_function_p() const
 .text._ZNKSt9type_infoeqERKS_
                0x08006bd4       0x2c C:/Tools/arm-gnu-toolchain/bin/../lib/gcc/arm-none-eabi/13.2.1/thumb/v7e-m+fp/hard\libstdc++_nano.a(tinfo.o)
                0x08006bd4                std::type_info::operator==(std::type_info const&) const
                0x08006bd4                std::type_info::__equal(std::type_info const&) const
 .text._ZdlPv   0x08006c00        0x4 C:/Tools/arm-gnu-toolchain/bin/../lib/gcc/arm-none-eabi/13.2.1/thumb/v7e-m+fp/hard\libstdc++_nano.a(del_op.o)
                0x08006c00                operator delete(void*)
 .text._ZN10__cxxabiv1L24__is_gxx_exception_classEPc
                0x08006c04       0x3a C:/Tools/arm-gnu-toolchain/bin/../lib/gcc/arm-none-eabi/13.2.1/thumb/v7e-m+fp/hard\libstdc++_nano.a(eh_call.o)
 .text.__cxa_call_terminate
                0x08006c3e       0x1e C:/Tools/arm-gnu-toolchain/bin/../lib/gcc/arm-none-eabi/13.2.1/thumb/v7e-m+fp/hard\libstdc++_nano.a(eh_call.o)
                0x08006c3e                __cxa_call_terminate
 .text.__cxa_call_unexpected
                0x08006c5c       0x28 C:/Tools/arm-gnu-toolchain/bin/../lib/gcc/arm-none-eabi/13.2.1/thumb/v7e-m+fp/hard\libstdc++_nano.a(eh_call.o)
                0x08006c5c                __cxa_call_unexpected
 .text._ZN10__cxxabiv1L24__is_gxx_exception_classEPc
                0x08006c84       0x3a C:/Tools/arm-gnu-toolchain/bin/../lib/gcc/arm-none-eabi/13.2.1/thumb/v7e-m+fp/hard\libstdc++_nano.a(eh_catch.o)
 .text.__cxa_begin_catch
                0x08006cbe       0x52 C:/Tools/arm-gnu-toolchain/bin/../lib/gcc/arm-none-eabi/13.2.1/thumb/v7e-m+fp/hard\libstdc++_nano.a(eh_catch.o)
                0x08006cbe                __cxa_begin_catch
 .text._ZSt15get_new_handlerv
                0x08006d10       0x10 C:/Tools/arm-gnu-toolchain/bin/../lib/gcc/arm-none-eabi/13.2.1/thumb/v7e-m+fp/hard\libstdc++_nano.a(new_handler.o)
                0x08006d10                std::get_new_handler()
 .text.abort    0x08006d20        0xe C:/Tools/arm-gnu-toolchain/bin/../lib/gcc/arm-none-eabi/13.2.1/thumb/v7e-m+fp/hard\libc_nano.a(libc_a-abort.o)
                0x08006d20                abort
 *fill*         0x08006d2e        0x2 
 .text.malloc   0x08006d30       0x10 C:/Tools/arm-gnu-toolchain/bin/../lib/gcc/arm-none-eabi/13.2.1/thumb/v7e-m+fp/hard\libc_nano.a(libc_a-malloc.o)
                0x08006d30                malloc
 .text.free     0x08006d40       0x10 C:/Tools/arm-gnu-toolchain/bin/../lib/gcc/arm-none-eabi/13.2.1/thumb/v7e-m+fp/hard\libc_nano.a(libc_a-malloc.o)
                0x08006d40                free
 .text.sbrk_aligned
                0x08006d50       0x44 C:/Tools/arm-gnu-toolchain/bin/../lib/gcc/arm-none-eabi/13.2.1/thumb/v7e-m+fp/hard\libc_nano.a(libc_a-mallocr.o)
 .text._malloc_r
                0x08006d94      0x100 C:/Tools/arm-gnu-toolchain/bin/../lib/gcc/arm-none-eabi/13.2.1/thumb/v7e-m+fp/hard\libc_nano.a(libc_a-mallocr.o)
                0x08006d94                _malloc_r
 .text.__malloc_lock
                0x08006e94        0xc C:/Tools/arm-gnu-toolchain/bin/../lib/gcc/arm-none-eabi/13.2.1/thumb/v7e-m+fp/hard\libc_nano.a(libc_a-mlock.o)
                0x08006e94                __malloc_lock
 .text.__malloc_unlock
                0x08006ea0        0xc C:/Tools/arm-gnu-toolchain/bin/../lib/gcc/arm-none-eabi/13.2.1/thumb/v7e-m+fp/hard\libc_nano.a(libc_a-mlock.o)
                0x08006ea0                __malloc_unlock
 .text.__cxa_atexit
                0x08006eac       0x1c C:/Tools/arm-gnu-toolchain/bin/../lib/gcc/arm-none-eabi/13.2.1/thumb/v7e-m+fp/hard\libc_nano.a(libc_a-cxa_atexit.o)
                0x08006eac                __cxa_atexit
 .text.__cvt    0x08006ec8       0xca C:/Tools/arm-gnu-toolchain/bin/../lib/gcc/arm-none-eabi/13.2.1/thumb/v7e-m+fp/hard\libc_nano.a(libc_a-nano-vfprintf_float.o)
                0x08006ec8                __cvt
 .text.__exponent
                0x08006f92       0x74 C:/Tools/arm-gnu-toolchain/bin/../lib/gcc/arm-none-eabi/13.2.1/thumb/v7e-m+fp/hard\libc_nano.a(libc_a-nano-vfprintf_float.o)
                0x08006f92                __exponent
 *fill*         0x08007006        0x2 
 .text._printf_float
                0x08007008      0x454 C:/Tools/arm-gnu-toolchain/bin/../lib/gcc/arm-none-eabi/13.2.1/thumb/v7e-m+fp/hard\libc_nano.a(libc_a-nano-vfprintf_float.o)
                0x08007008                _printf_float
 .text._printf_common
                0x0800745c       0xda C:/Tools/arm-gnu-toolchain/bin/../lib/gcc/arm-none-eabi/13.2.1/thumb/v7e-m+fp/hard\libc_nano.a(libc_a-nano-vfprintf_i.o)
                0x0800745c                _printf_common
 *fill*         0x08007536        0x2 
 .text._printf_i
                0x08007538      0x23c C:/Tools/arm-gnu-toolchain/bin/../lib/gcc/arm-none-eabi/13.2.1/thumb/v7e-m+fp/hard\libc_nano.a(libc_a-nano-vfprintf_i.o)
                0x08007538                _printf_i
 .text.std      0x08007774       0x6c C:/Tools/arm-gnu-toolchain/bin/../lib/gcc/arm-none-eabi/13.2.1/thumb/v7e-m+fp/hard\libc_nano.a(libc_a-findfp.o)
 .text.stdio_exit_handler
                0x080077e0       0x18 C:/Tools/arm-gnu-toolchain/bin/../lib/gcc/arm-none-eabi/13.2.1/thumb/v7e-m+fp/hard\libc_nano.a(libc_a-findfp.o)
 .text.cleanup_stdio
                0x080077f8       0x40 C:/Tools/arm-gnu-toolchain/bin/../lib/gcc/arm-none-eabi/13.2.1/thumb/v7e-m+fp/hard\libc_nano.a(libc_a-findfp.o)
 .text.global_stdio_init.part.0
                0x08007838       0x3c C:/Tools/arm-gnu-toolchain/bin/../lib/gcc/arm-none-eabi/13.2.1/thumb/v7e-m+fp/hard\libc_nano.a(libc_a-findfp.o)
 .text.__sfp_lock_acquire
                0x08007874        0xc C:/Tools/arm-gnu-toolchain/bin/../lib/gcc/arm-none-eabi/13.2.1/thumb/v7e-m+fp/hard\libc_nano.a(libc_a-findfp.o)
                0x08007874                __sfp_lock_acquire
 .text.__sfp_lock_release
                0x08007880        0xc C:/Tools/arm-gnu-toolchain/bin/../lib/gcc/arm-none-eabi/13.2.1/thumb/v7e-m+fp/hard\libc_nano.a(libc_a-findfp.o)
                0x08007880                __sfp_lock_release
 .text.__sinit  0x0800788c       0x30 C:/Tools/arm-gnu-toolchain/bin/../lib/gcc/arm-none-eabi/13.2.1/thumb/v7e-m+fp/hard\libc_nano.a(libc_a-findfp.o)
                0x0800788c                __sinit
 .text._fwalk_sglue
                0x080078bc       0x3c C:/Tools/arm-gnu-toolchain/bin/../lib/gcc/arm-none-eabi/13.2.1/thumb/v7e-m+fp/hard\libc_nano.a(libc_a-fwalk.o)
                0x080078bc                _fwalk_sglue
 .text.__sread  0x080078f8       0x22 C:/Tools/arm-gnu-toolchain/bin/../lib/gcc/arm-none-eabi/13.2.1/thumb/v7e-m+fp/hard\libc_nano.a(libc_a-stdio.o)
                0x080078f8                __sread
 .text.__swrite
                0x0800791a       0x38 C:/Tools/arm-gnu-toolchain/bin/../lib/gcc/arm-none-eabi/13.2.1/thumb/v7e-m+fp/hard\libc_nano.a(libc_a-stdio.o)
                0x0800791a                __swrite
 .text.__sseek  0x08007952       0x24 C:/Tools/arm-gnu-toolchain/bin/../lib/gcc/arm-none-eabi/13.2.1/thumb/v7e-m+fp/hard\libc_nano.a(libc_a-stdio.o)
                0x08007952                __sseek
 .text.__sclose
                0x08007976        0x8 C:/Tools/arm-gnu-toolchain/bin/../lib/gcc/arm-none-eabi/13.2.1/thumb/v7e-m+fp/hard\libc_nano.a(libc_a-stdio.o)
                0x08007976                __sclose
 .text.__swbuf_r
                0x0800797e       0x7c C:/Tools/arm-gnu-toolchain/bin/../lib/gcc/arm-none-eabi/13.2.1/thumb/v7e-m+fp/hard\libc_nano.a(libc_a-wbuf.o)
                0x0800797e                __swbuf_r
 *fill*         0x080079fa        0x2 
 .text.__swsetup_r
                0x080079fc       0xac C:/Tools/arm-gnu-toolchain/bin/../lib/gcc/arm-none-eabi/13.2.1/thumb/v7e-m+fp/hard\libc_nano.a(libc_a-wsetup.o)
                0x080079fc                __swsetup_r
 .text.memset   0x08007aa8       0x10 C:/Tools/arm-gnu-toolchain/bin/../lib/gcc/arm-none-eabi/13.2.1/thumb/v7e-m+fp/hard\libc_nano.a(libc_a-memset.o)
                0x08007aa8                memset
 .text._raise_r
                0x08007ab8       0x50 C:/Tools/arm-gnu-toolchain/bin/../lib/gcc/arm-none-eabi/13.2.1/thumb/v7e-m+fp/hard\libc_nano.a(libc_a-signal.o)
                0x08007ab8                _raise_r
 .text.raise    0x08007b08       0x10 C:/Tools/arm-gnu-toolchain/bin/../lib/gcc/arm-none-eabi/13.2.1/thumb/v7e-m+fp/hard\libc_nano.a(libc_a-signal.o)
                0x08007b08                raise
 .text._localeconv_r
                0x08007b18        0x8 C:/Tools/arm-gnu-toolchain/bin/../lib/gcc/arm-none-eabi/13.2.1/thumb/v7e-m+fp/hard\libc_nano.a(libc_a-localeconv.o)
                0x08007b18                _localeconv_r
 .text._close_r
                0x08007b20       0x20 C:/Tools/arm-gnu-toolchain/bin/../lib/gcc/arm-none-eabi/13.2.1/thumb/v7e-m+fp/hard\libc_nano.a(libc_a-closer.o)
                0x08007b20                _close_r
 .text._lseek_r
                0x08007b40       0x24 C:/Tools/arm-gnu-toolchain/bin/../lib/gcc/arm-none-eabi/13.2.1/thumb/v7e-m+fp/hard\libc_nano.a(libc_a-lseekr.o)
                0x08007b40                _lseek_r
 .text._read_r  0x08007b64       0x24 C:/Tools/arm-gnu-toolchain/bin/../lib/gcc/arm-none-eabi/13.2.1/thumb/v7e-m+fp/hard\libc_nano.a(libc_a-readr.o)
                0x08007b64                _read_r
 .text._kill_r  0x08007b88       0x24 C:/Tools/arm-gnu-toolchain/bin/../lib/gcc/arm-none-eabi/13.2.1/thumb/v7e-m+fp/hard\libc_nano.a(libc_a-signalr.o)
                0x08007b88                _kill_r
 .text._getpid_r
                0x08007bac        0x4 C:/Tools/arm-gnu-toolchain/bin/../lib/gcc/arm-none-eabi/13.2.1/thumb/v7e-m+fp/hard\libc_nano.a(libc_a-signalr.o)
                0x08007bac                _getpid_r
 .text._sbrk_r  0x08007bb0       0x20 C:/Tools/arm-gnu-toolchain/bin/../lib/gcc/arm-none-eabi/13.2.1/thumb/v7e-m+fp/hard\libc_nano.a(libc_a-sbrkr.o)
                0x08007bb0                _sbrk_r
 .text._write_r
                0x08007bd0       0x24 C:/Tools/arm-gnu-toolchain/bin/../lib/gcc/arm-none-eabi/13.2.1/thumb/v7e-m+fp/hard\libc_nano.a(libc_a-writer.o)
                0x08007bd0                _write_r
 .text.__errno  0x08007bf4        0xc C:/Tools/arm-gnu-toolchain/bin/../lib/gcc/arm-none-eabi/13.2.1/thumb/v7e-m+fp/hard\libc_nano.a(libc_a-errno.o)
                0x08007bf4                __errno
 .text.__libc_init_array
                0x08007c00       0x48 C:/Tools/arm-gnu-toolchain/bin/../lib/gcc/arm-none-eabi/13.2.1/thumb/v7e-m+fp/hard\libc_nano.a(libc_a-init.o)
                0x08007c00                __libc_init_array
 .text.__retarget_lock_init_recursive
                0x08007c48        0x2 C:/Tools/arm-gnu-toolchain/bin/../lib/gcc/arm-none-eabi/13.2.1/thumb/v7e-m+fp/hard\libc_nano.a(libc_a-lock.o)
                0x08007c48                __retarget_lock_init_recursive
 .text.__retarget_lock_acquire_recursive
                0x08007c4a        0x2 C:/Tools/arm-gnu-toolchain/bin/../lib/gcc/arm-none-eabi/13.2.1/thumb/v7e-m+fp/hard\libc_nano.a(libc_a-lock.o)
                0x08007c4a                __retarget_lock_acquire_recursive
 .text.__retarget_lock_release_recursive
                0x08007c4c        0x2 C:/Tools/arm-gnu-toolchain/bin/../lib/gcc/arm-none-eabi/13.2.1/thumb/v7e-m+fp/hard\libc_nano.a(libc_a-lock.o)
                0x08007c4c                __retarget_lock_release_recursive
 .text.quorem   0x08007c4e      0x110 C:/Tools/arm-gnu-toolchain/bin/../lib/gcc/arm-none-eabi/13.2.1/thumb/v7e-m+fp/hard\libc_nano.a(libc_a-dtoa.o)
 *fill*         0x08007d5e        0x2 
 .text._dtoa_r  0x08007d60      0xb74 C:/Tools/arm-gnu-toolchain/bin/../lib/gcc/arm-none-eabi/13.2.1/thumb/v7e-m+fp/hard\libc_nano.a(libc_a-dtoa.o)
                0x08007d60                _dtoa_r
 .text._free_r  0x080088d4       0x94 C:/Tools/arm-gnu-toolchain/bin/../lib/gcc/arm-none-eabi/13.2.1/thumb/v7e-m+fp/hard\libc_nano.a(libc_a-freer.o)
                0x080088d4                _free_r
 .text._Balloc  0x08008968       0x80 C:/Tools/arm-gnu-toolchain/bin/../lib/gcc/arm-none-eabi/13.2.1/thumb/v7e-m+fp/hard\libc_nano.a(libc_a-mprec.o)
                0x08008968                _Balloc
 .text._Bfree   0x080089e8       0x44 C:/Tools/arm-gnu-toolchain/bin/../lib/gcc/arm-none-eabi/13.2.1/thumb/v7e-m+fp/hard\libc_nano.a(libc_a-mprec.o)
                0x080089e8                _Bfree
 .text.__multadd
                0x08008a2c       0x8c C:/Tools/arm-gnu-toolchain/bin/../lib/gcc/arm-none-eabi/13.2.1/thumb/v7e-m+fp/hard\libc_nano.a(libc_a-mprec.o)
                0x08008a2c                __multadd
 .text.__hi0bits
                0x08008ab8       0x3e C:/Tools/arm-gnu-toolchain/bin/../lib/gcc/arm-none-eabi/13.2.1/thumb/v7e-m+fp/hard\libc_nano.a(libc_a-mprec.o)
                0x08008ab8                __hi0bits
 .text.__lo0bits
                0x08008af6       0x5a C:/Tools/arm-gnu-toolchain/bin/../lib/gcc/arm-none-eabi/13.2.1/thumb/v7e-m+fp/hard\libc_nano.a(libc_a-mprec.o)
                0x08008af6                __lo0bits
 .text.__i2b    0x08008b50       0x2c C:/Tools/arm-gnu-toolchain/bin/../lib/gcc/arm-none-eabi/13.2.1/thumb/v7e-m+fp/hard\libc_nano.a(libc_a-mprec.o)
                0x08008b50                __i2b
 .text.__multiply
                0x08008b7c      0x144 C:/Tools/arm-gnu-toolchain/bin/../lib/gcc/arm-none-eabi/13.2.1/thumb/v7e-m+fp/hard\libc_nano.a(libc_a-mprec.o)
                0x08008b7c                __multiply
 .text.__pow5mult
                0x08008cc0       0xb4 C:/Tools/arm-gnu-toolchain/bin/../lib/gcc/arm-none-eabi/13.2.1/thumb/v7e-m+fp/hard\libc_nano.a(libc_a-mprec.o)
                0x08008cc0                __pow5mult
 .text.__lshift
                0x08008d74       0xd8 C:/Tools/arm-gnu-toolchain/bin/../lib/gcc/arm-none-eabi/13.2.1/thumb/v7e-m+fp/hard\libc_nano.a(libc_a-mprec.o)
                0x08008d74                __lshift
 .text.__mcmp   0x08008e4c       0x36 C:/Tools/arm-gnu-toolchain/bin/../lib/gcc/arm-none-eabi/13.2.1/thumb/v7e-m+fp/hard\libc_nano.a(libc_a-mprec.o)
                0x08008e4c                __mcmp
 *fill*         0x08008e82        0x2 
 .text.__mdiff  0x08008e84      0x128 C:/Tools/arm-gnu-toolchain/bin/../lib/gcc/arm-none-eabi/13.2.1/thumb/v7e-m+fp/hard\libc_nano.a(libc_a-mprec.o)
                0x08008e84                __mdiff
 .text.__d2b    0x08008fac       0xb0 C:/Tools/arm-gnu-toolchain/bin/../lib/gcc/arm-none-eabi/13.2.1/thumb/v7e-m+fp/hard\libc_nano.a(libc_a-mprec.o)
                0x08008fac                __d2b
 .text.__sfputc_r
                0x0800905c       0x2e C:/Tools/arm-gnu-toolchain/bin/../lib/gcc/arm-none-eabi/13.2.1/thumb/v7e-m+fp/hard\libc_nano.a(libc_a-nano-vfprintf.o)
 .text.__sfputs_r
                0x0800908a       0x24 C:/Tools/arm-gnu-toolchain/bin/../lib/gcc/arm-none-eabi/13.2.1/thumb/v7e-m+fp/hard\libc_nano.a(libc_a-nano-vfprintf.o)
                0x0800908a                __sfputs_r
 *fill*         0x080090ae        0x2 
 .text._vfprintf_r
                0x080090b0      0x230 C:/Tools/arm-gnu-toolchain/bin/../lib/gcc/arm-none-eabi/13.2.1/thumb/v7e-m+fp/hard\libc_nano.a(libc_a-nano-vfprintf.o)
                0x080090b0                _vfprintf_r
                0x080090b0                _vfiprintf_r
 .text.__sflush_r
                0x080092e0      0x108 C:/Tools/arm-gnu-toolchain/bin/../lib/gcc/arm-none-eabi/13.2.1/thumb/v7e-m+fp/hard\libc_nano.a(libc_a-fflush.o)
                0x080092e0                __sflush_r
 .text._fflush_r
                0x080093e8       0x50 C:/Tools/arm-gnu-toolchain/bin/../lib/gcc/arm-none-eabi/13.2.1/thumb/v7e-m+fp/hard\libc_nano.a(libc_a-fflush.o)
                0x080093e8                _fflush_r
 .text.__swhatbuf_r
                0x08009438       0x4c C:/Tools/arm-gnu-toolchain/bin/../lib/gcc/arm-none-eabi/13.2.1/thumb/v7e-m+fp/hard\libc_nano.a(libc_a-makebuf.o)
                0x08009438                __swhatbuf_r
 .text.__smakebuf_r
                0x08009484       0x78 C:/Tools/arm-gnu-toolchain/bin/../lib/gcc/arm-none-eabi/13.2.1/thumb/v7e-m+fp/hard\libc_nano.a(libc_a-makebuf.o)
                0x08009484                __smakebuf_r
 .text._fstat_r
                0x080094fc       0x24 C:/Tools/arm-gnu-toolchain/bin/../lib/gcc/arm-none-eabi/13.2.1/thumb/v7e-m+fp/hard\libc_nano.a(libc_a-fstatr.o)
                0x080094fc                _fstat_r
 .text._isatty_r
                0x08009520       0x20 C:/Tools/arm-gnu-toolchain/bin/../lib/gcc/arm-none-eabi/13.2.1/thumb/v7e-m+fp/hard\libc_nano.a(libc_a-isattyr.o)
                0x08009520                _isatty_r
 .text.memcpy   0x08009540       0x1c C:/Tools/arm-gnu-toolchain/bin/../lib/gcc/arm-none-eabi/13.2.1/thumb/v7e-m+fp/hard\libc_nano.a(libc_a-memcpy-stub.o)
                0x08009540                memcpy
 .text.__assert_func
                0x0800955c       0x3c C:/Tools/arm-gnu-toolchain/bin/../lib/gcc/arm-none-eabi/13.2.1/thumb/v7e-m+fp/hard\libc_nano.a(libc_a-assert.o)
                0x0800955c                __assert_func
 .text._calloc_r
                0x08009598       0x28 C:/Tools/arm-gnu-toolchain/bin/../lib/gcc/arm-none-eabi/13.2.1/thumb/v7e-m+fp/hard\libc_nano.a(libc_a-callocr.o)
                0x08009598                _calloc_r
 .text.__ascii_mbtowc
                0x080095c0       0x24 C:/Tools/arm-gnu-toolchain/bin/../lib/gcc/arm-none-eabi/13.2.1/thumb/v7e-m+fp/hard\libc_nano.a(libc_a-mbtowc_r.o)
                0x080095c0                __ascii_mbtowc
 .text.__ascii_wctomb
                0x080095e4       0x1a C:/Tools/arm-gnu-toolchain/bin/../lib/gcc/arm-none-eabi/13.2.1/thumb/v7e-m+fp/hard\libc_nano.a(libc_a-wctomb_r.o)
                0x080095e4                __ascii_wctomb
 *fill*         0x080095fe        0x2 
 .text.fprintf  0x08009600       0x24 C:/Tools/arm-gnu-toolchain/bin/../lib/gcc/arm-none-eabi/13.2.1/thumb/v7e-m+fp/hard\libc_nano.a(libc_a-fprintf.o)
                0x08009600                fiprintf
                0x08009600                fprintf
 .text.__udivmoddi4
                0x08009624      0x2bc C:/Tools/arm-gnu-toolchain/bin/../lib/gcc/arm-none-eabi/13.2.1/thumb/v7e-m+fp/hard\libgcc.a(_udivmoddi4.o)
                0x08009624                __udivmoddi4
 .text.selfrel_offset31
                0x080098e0       0x14 C:/Tools/arm-gnu-toolchain/bin/../lib/gcc/arm-none-eabi/13.2.1/thumb/v7e-m+fp/hard\libgcc.a(unwind-arm.o)
 .text.search_EIT_table
                0x080098f4       0x68 C:/Tools/arm-gnu-toolchain/bin/../lib/gcc/arm-none-eabi/13.2.1/thumb/v7e-m+fp/hard\libgcc.a(unwind-arm.o)
 .text.__gnu_unwind_get_pr_addr
                0x0800995c       0x28 C:/Tools/arm-gnu-toolchain/bin/../lib/gcc/arm-none-eabi/13.2.1/thumb/v7e-m+fp/hard\libgcc.a(unwind-arm.o)
 .text.get_eit_entry
                0x08009984       0x98 C:/Tools/arm-gnu-toolchain/bin/../lib/gcc/arm-none-eabi/13.2.1/thumb/v7e-m+fp/hard\libgcc.a(unwind-arm.o)
 .text.restore_non_core_regs
                0x08009a1c       0x58 C:/Tools/arm-gnu-toolchain/bin/../lib/gcc/arm-none-eabi/13.2.1/thumb/v7e-m+fp/hard\libgcc.a(unwind-arm.o)
 .text._Unwind_decode_typeinfo_ptr.constprop.0
                0x08009a74        0xc C:/Tools/arm-gnu-toolchain/bin/../lib/gcc/arm-none-eabi/13.2.1/thumb/v7e-m+fp/hard\libgcc.a(unwind-arm.o)
 .text._Unwind_DebugHook
                0x08009a80        0x4 C:/Tools/arm-gnu-toolchain/bin/../lib/gcc/arm-none-eabi/13.2.1/thumb/v7e-m+fp/hard\libgcc.a(unwind-arm.o)
 .text.unwind_phase2
                0x08009a84       0x3c C:/Tools/arm-gnu-toolchain/bin/../lib/gcc/arm-none-eabi/13.2.1/thumb/v7e-m+fp/hard\libgcc.a(unwind-arm.o)
 .text.unwind_phase2_forced
                0x08009ac0       0xd8 C:/Tools/arm-gnu-toolchain/bin/../lib/gcc/arm-none-eabi/13.2.1/thumb/v7e-m+fp/hard\libgcc.a(unwind-arm.o)
 .text.__gnu_Unwind_RaiseException
                0x08009b98       0x68 C:/Tools/arm-gnu-toolchain/bin/../lib/gcc/arm-none-eabi/13.2.1/thumb/v7e-m+fp/hard\libgcc.a(unwind-arm.o)
                0x08009b98                __gnu_Unwind_RaiseException
 .text.__gnu_Unwind_ForcedUnwind
                0x08009c00       0x10 C:/Tools/arm-gnu-toolchain/bin/../lib/gcc/arm-none-eabi/13.2.1/thumb/v7e-m+fp/hard\libgcc.a(unwind-arm.o)
                0x08009c00                __gnu_Unwind_ForcedUnwind
 .text.__gnu_Unwind_Resume
                0x08009c10       0x44 C:/Tools/arm-gnu-toolchain/bin/../lib/gcc/arm-none-eabi/13.2.1/thumb/v7e-m+fp/hard\libgcc.a(unwind-arm.o)
                0x08009c10                __gnu_Unwind_Resume
 .text.__gnu_Unwind_Resume_or_Rethrow
                0x08009c54       0x14 C:/Tools/arm-gnu-toolchain/bin/../lib/gcc/arm-none-eabi/13.2.1/thumb/v7e-m+fp/hard\libgcc.a(unwind-arm.o)
                0x08009c54                __gnu_Unwind_Resume_or_Rethrow
 .text._Unwind_Complete
                0x08009c68        0x4 C:/Tools/arm-gnu-toolchain/bin/../lib/gcc/arm-none-eabi/13.2.1/thumb/v7e-m+fp/hard\libgcc.a(unwind-arm.o)
                0x08009c68                _Unwind_Complete
 .text._Unwind_VRS_Get
                0x08009c6c       0x34 C:/Tools/arm-gnu-toolchain/bin/../lib/gcc/arm-none-eabi/13.2.1/thumb/v7e-m+fp/hard\libgcc.a(unwind-arm.o)
                0x08009c6c                _Unwind_VRS_Get
 .text._Unwind_GetGR
                0x08009ca0       0x1c C:/Tools/arm-gnu-toolchain/bin/../lib/gcc/arm-none-eabi/13.2.1/thumb/v7e-m+fp/hard\libgcc.a(unwind-arm.o)
 .text._Unwind_VRS_Set
                0x08009cbc       0x34 C:/Tools/arm-gnu-toolchain/bin/../lib/gcc/arm-none-eabi/13.2.1/thumb/v7e-m+fp/hard\libgcc.a(unwind-arm.o)
                0x08009cbc                _Unwind_VRS_Set
 .text._Unwind_SetGR
                0x08009cf0       0x18 C:/Tools/arm-gnu-toolchain/bin/../lib/gcc/arm-none-eabi/13.2.1/thumb/v7e-m+fp/hard\libgcc.a(unwind-arm.o)
 .text.__gnu_Unwind_Backtrace
                0x08009d08       0x84 C:/Tools/arm-gnu-toolchain/bin/../lib/gcc/arm-none-eabi/13.2.1/thumb/v7e-m+fp/hard\libgcc.a(unwind-arm.o)
                0x08009d08                __gnu_Unwind_Backtrace
 .text.__gnu_unwind_pr_common
                0x08009d8c      0x2a4 C:/Tools/arm-gnu-toolchain/bin/../lib/gcc/arm-none-eabi/13.2.1/thumb/v7e-m+fp/hard\libgcc.a(unwind-arm.o)
 .text.__aeabi_unwind_cpp_pr0
                0x0800a030        0x8 C:/Tools/arm-gnu-toolchain/bin/../lib/gcc/arm-none-eabi/13.2.1/thumb/v7e-m+fp/hard\libgcc.a(unwind-arm.o)
                0x0800a030                __aeabi_unwind_cpp_pr0
 .text.__aeabi_unwind_cpp_pr1
                0x0800a038        0x8 C:/Tools/arm-gnu-toolchain/bin/../lib/gcc/arm-none-eabi/13.2.1/thumb/v7e-m+fp/hard\libgcc.a(unwind-arm.o)
                0x0800a038                __aeabi_unwind_cpp_pr1
 .text.__aeabi_unwind_cpp_pr2
                0x0800a040        0x8 C:/Tools/arm-gnu-toolchain/bin/../lib/gcc/arm-none-eabi/13.2.1/thumb/v7e-m+fp/hard\libgcc.a(unwind-arm.o)
                0x0800a040                __aeabi_unwind_cpp_pr2
 .text._Unwind_VRS_Pop
                0x0800a048      0x2f0 C:/Tools/arm-gnu-toolchain/bin/../lib/gcc/arm-none-eabi/13.2.1/thumb/v7e-m+fp/hard\libgcc.a(unwind-arm.o)
                0x0800a048                _Unwind_VRS_Pop
 .text.next_unwind_byte
                0x0800a338       0x38 C:/Tools/arm-gnu-toolchain/bin/../lib/gcc/arm-none-eabi/13.2.1/thumb/v7e-m+fp/hard\libgcc.a(pr-support.o)
 .text._Unwind_GetGR.constprop.0
                0x0800a370       0x1c C:/Tools/arm-gnu-toolchain/bin/../lib/gcc/arm-none-eabi/13.2.1/thumb/v7e-m+fp/hard\libgcc.a(pr-support.o)
 .text.unwind_UCB_from_context
                0x0800a38c        0x4 C:/Tools/arm-gnu-toolchain/bin/../lib/gcc/arm-none-eabi/13.2.1/thumb/v7e-m+fp/hard\libgcc.a(pr-support.o)
 .text.__gnu_unwind_execute
                0x0800a390      0x2fc C:/Tools/arm-gnu-toolchain/bin/../lib/gcc/arm-none-eabi/13.2.1/thumb/v7e-m+fp/hard\libgcc.a(pr-support.o)
                0x0800a390                __gnu_unwind_execute
 .text.__gnu_unwind_frame
                0x0800a68c       0x2c C:/Tools/arm-gnu-toolchain/bin/../lib/gcc/arm-none-eabi/13.2.1/thumb/v7e-m+fp/hard\libgcc.a(pr-support.o)
                0x0800a68c                __gnu_unwind_frame
 .text._Unwind_GetRegionStart
                0x0800a6b8        0xc C:/Tools/arm-gnu-toolchain/bin/../lib/gcc/arm-none-eabi/13.2.1/thumb/v7e-m+fp/hard\libgcc.a(pr-support.o)
                0x0800a6b8                _Unwind_GetRegionStart
 .text._Unwind_GetLanguageSpecificData
                0x0800a6c4       0x14 C:/Tools/arm-gnu-toolchain/bin/../lib/gcc/arm-none-eabi/13.2.1/thumb/v7e-m+fp/hard\libgcc.a(pr-support.o)
                0x0800a6c4                _Unwind_GetLanguageSpecificData
 .text.unlikely._Unwind_GetDataRelBase
                0x0800a6d8        0x6 C:/Tools/arm-gnu-toolchain/bin/../lib/gcc/arm-none-eabi/13.2.1/thumb/v7e-m+fp/hard\libgcc.a(pr-support.o)
                0x0800a6d8                _Unwind_GetDataRelBase
 .text.unlikely._Unwind_GetTextRelBase
                0x0800a6de        0x6 C:/Tools/arm-gnu-toolchain/bin/../lib/gcc/arm-none-eabi/13.2.1/thumb/v7e-m+fp/hard\libgcc.a(pr-support.o)
                0x0800a6de                _Unwind_GetTextRelBase
 *(.glue_7)
 .glue_7        0x0800a6e4        0x0 linker stubs
 *(.glue_7t)
 .glue_7t       0x0800a6e4        0x0 linker stubs
 *(.eh_frame)
 .eh_frame      0x0800a6e4        0x0 C:/Tools/arm-gnu-toolchain/bin/../lib/gcc/arm-none-eabi/13.2.1/thumb/v7e-m+fp/hard/crtbegin.o
 *(.init)
 .init          0x0800a6e4        0x4 C:/Tools/arm-gnu-toolchain/bin/../lib/gcc/arm-none-eabi/13.2.1/thumb/v7e-m+fp/hard/crti.o
                0x0800a6e4                _init
 .init          0x0800a6e8        0x8 C:/Tools/arm-gnu-toolchain/bin/../lib/gcc/arm-none-eabi/13.2.1/thumb/v7e-m+fp/hard/crtn.o
 *(.fini)
 .fini          0x0800a6f0        0x4 C:/Tools/arm-gnu-toolchain/bin/../lib/gcc/arm-none-eabi/13.2.1/thumb/v7e-m+fp/hard/crti.o
                0x0800a6f0                _fini
 .fini          0x0800a6f4        0x8 C:/Tools/arm-gnu-toolchain/bin/../lib/gcc/arm-none-eabi/13.2.1/thumb/v7e-m+fp/hard/crtn.o
                0x0800a6fc                        . = ALIGN (0x4)
                0x0800a6fc                        _etext = .

.vfp11_veneer   0x0800a6fc        0x0
 .vfp11_veneer  0x0800a6fc        0x0 linker stubs

.v4_bx          0x0800a6fc        0x0
 .v4_bx         0x0800a6fc        0x0 linker stubs

.iplt           0x0800a6fc        0x0
 .iplt          0x0800a6fc        0x0 C:/Tools/arm-gnu-toolchain/bin/../lib/gcc/arm-none-eabi/13.2.1/thumb/v7e-m+fp/hard/crtbegin.o

.rodata         0x0800a700      0x8ec
                0x0800a700                        . = ALIGN (0x4)
 *(.rodata)
 *(.rodata*)
 .rodata.AHBPrescTable
                0x0800a700       0x10 build/system_stm32f4xx.o
                0x0800a700                AHBPrescTable
 .rodata.ADC_Init.str1.4
                0x0800a710      0x1c0 build/stm32f4xx_hal_adc.o
                                 0x35 (size before relaxing)
 .rodata.HAL_RCC_OscConfig.str1.4
                0x0800a8d0       0x35 build/stm32f4xx_hal_rcc.o
 .rodata.HAL_GPIO_Init.str1.4
                0x0800a8d0       0x36 build/stm32f4xx_hal_gpio.o
 .rodata.HAL_DMA_Init.str1.4
                0x0800a8d0       0x35 build/stm32f4xx_hal_dma.o
 .rodata.flagBitshiftOffset.0
                0x0800a8d0        0x8 build/stm32f4xx_hal_dma.o
 .rodata.HAL_NVIC_SetPriorityGrouping.str1.4
                0x0800a8d8       0x38 build/stm32f4xx_hal_cortex.o
 .rodata.HAL_SPI_Init.str1.4
                0x0800a8d8       0x35 build/stm32f4xx_hal_spi.o
 .rodata.TIM_OC1_SetConfig.str1.4
                0x0800a8d8       0x35 build/stm32f4xx_hal_tim.o
 .rodata.HAL_TIMEx_HallSensor_Init.str1.4
                0x0800a8d8       0x38 build/stm32f4xx_hal_tim_ex.o
 .rodata._ZTS4IAdc
                0x0800a8d8        0x6 build/main.o
                0x0800a8d8                typeinfo name for IAdc
 *fill*         0x0800a8de        0x2 
 .rodata._ZTI4IAdc
                0x0800a8e0        0x8 build/main.o
                0x0800a8e0                typeinfo for IAdc
 .rodata._ZTS6ITimer
                0x0800a8e8        0x8 build/main.o
                0x0800a8e8                typeinfo name for ITimer
 .rodata._ZTI6ITimer
                0x0800a8f0        0x8 build/main.o
                0x0800a8f0                typeinfo for ITimer
 .rodata._ZTS5IGpio
                0x0800a8f8        0x7 build/main.o
                0x0800a8f8                typeinfo name for IGpio
 *fill*         0x0800a8ff        0x1 
 .rodata._ZTI5IGpio
                0x0800a900        0x8 build/main.o
                0x0800a900                typeinfo for IGpio
 .rodata._ZTS8IEncoder
                0x0800a908        0xa build/main.o
                0x0800a908                typeinfo name for IEncoder
 *fill*         0x0800a912        0x2 
 .rodata._ZTI8IEncoder
                0x0800a914        0x8 build/main.o
                0x0800a914                typeinfo for IEncoder
 .rodata._ZTS4ISpi
                0x0800a91c        0x6 build/main.o
                0x0800a91c                typeinfo name for ISpi
 *fill*         0x0800a922        0x2 
 .rodata._ZTI4ISpi
                0x0800a924        0x8 build/main.o
                0x0800a924                typeinfo for ISpi
 .rodata._ZTS10MazeSolver
                0x0800a92c        0xd build/main.o
                0x0800a92c                typeinfo name for MazeSolver
 *fill*         0x0800a939        0x3 
 .rodata._ZTI10MazeSolver
                0x0800a93c        0x8 build/main.o
                0x0800a93c                typeinfo for MazeSolver
 .rodata._ZTS12AdachiSolver
                0x0800a944        0xf build/main.o
                0x0800a944                typeinfo name for AdachiSolver
 *fill*         0x0800a953        0x1 
 .rodata._ZTI12AdachiSolver
                0x0800a954        0xc build/main.o
                0x0800a954                typeinfo for AdachiSolver
 .rodata._ZTS14DijkstraSolver
                0x0800a960       0x11 build/main.o
                0x0800a960                typeinfo name for DijkstraSolver
 *fill*         0x0800a971        0x3 
 .rodata._ZTI14DijkstraSolver
                0x0800a974        0xc build/main.o
                0x0800a974                typeinfo for DijkstraSolver
 .rodata._ZTV4IAdc
                0x0800a980       0x14 build/main.o
                0x0800a980                vtable for IAdc
 .rodata._ZTV6ITimer
                0x0800a994       0x1c build/main.o
                0x0800a994                vtable for ITimer
 .rodata._ZTV5IGpio
                0x0800a9b0       0x1c build/main.o
                0x0800a9b0                vtable for IGpio
 .rodata._ZTV8IEncoder
                0x0800a9cc       0x18 build/main.o
                0x0800a9cc                vtable for IEncoder
 .rodata._ZTV4ISpi
                0x0800a9e4       0x1c build/main.o
                0x0800a9e4                vtable for ISpi
 .rodata._ZTV10MazeSolver
                0x0800aa00       0x14 build/main.o
                0x0800aa00                vtable for MazeSolver
 .rodata._ZTV12AdachiSolver
                0x0800aa14       0x14 build/main.o
                0x0800aa14                vtable for AdachiSolver
 .rodata._ZTV14DijkstraSolver
                0x0800aa28       0x14 build/main.o
                0x0800aa28                vtable for DijkstraSolver
 .rodata._ZTS10AdcSTM32F4
                0x0800aa3c        0xd build/AdcSTM32F4.o
                0x0800aa3c                typeinfo name for AdcSTM32F4
 *fill*         0x0800aa49        0x3 
 .rodata._ZTI10AdcSTM32F4
                0x0800aa4c        0xc build/AdcSTM32F4.o
                0x0800aa4c                typeinfo for AdcSTM32F4
 .rodata._ZTV10AdcSTM32F4
                0x0800aa58       0x14 build/AdcSTM32F4.o
                0x0800aa58                vtable for AdcSTM32F4
 .rodata._ZTS14EncoderSTM32F4
                0x0800aa6c       0x11 build/EncoderSTM32F4.o
                0x0800aa6c                typeinfo name for EncoderSTM32F4
 *fill*         0x0800aa7d        0x3 
 .rodata._ZTI14EncoderSTM32F4
                0x0800aa80        0xc build/EncoderSTM32F4.o
                0x0800aa80                typeinfo for EncoderSTM32F4
 .rodata._ZTV14EncoderSTM32F4
                0x0800aa8c       0x18 build/EncoderSTM32F4.o
                0x0800aa8c                vtable for EncoderSTM32F4
 .rodata._ZTS11GpioSTM32F4
                0x0800aaa4        0xe build/GpioSTM32F4.o
                0x0800aaa4                typeinfo name for GpioSTM32F4
 *fill*         0x0800aab2        0x2 
 .rodata._ZTI11GpioSTM32F4
                0x0800aab4        0xc build/GpioSTM32F4.o
                0x0800aab4                typeinfo for GpioSTM32F4
 .rodata._ZTV11GpioSTM32F4
                0x0800aac0       0x1c build/GpioSTM32F4.o
                0x0800aac0                vtable for GpioSTM32F4
 .rodata._ZTS10SPISTM32F4
                0x0800aadc        0xd build/SPISTM32F4.o
                0x0800aadc                typeinfo name for SPISTM32F4
 *fill*         0x0800aae9        0x3 
 .rodata._ZTI10SPISTM32F4
                0x0800aaec        0xc build/SPISTM32F4.o
                0x0800aaec                typeinfo for SPISTM32F4
 .rodata._ZTV10SPISTM32F4
                0x0800aaf8       0x1c build/SPISTM32F4.o
                0x0800aaf8                vtable for SPISTM32F4
 .rodata._ZTS12TimerSTM32F4
                0x0800ab14        0xf build/TimerSTM32F4.o
                0x0800ab14                typeinfo name for TimerSTM32F4
 *fill*         0x0800ab23        0x1 
 .rodata._ZTI12TimerSTM32F4
                0x0800ab24        0xc build/TimerSTM32F4.o
                0x0800ab24                typeinfo for TimerSTM32F4
 .rodata._ZTV12TimerSTM32F4
                0x0800ab30       0x1c build/TimerSTM32F4.o
                0x0800ab30                vtable for TimerSTM32F4
 .rodata._ZTSN10__cxxabiv117__class_type_infoE
                0x0800ab4c       0x22 C:/Tools/arm-gnu-toolchain/bin/../lib/gcc/arm-none-eabi/13.2.1/thumb/v7e-m+fp/hard\libstdc++_nano.a(class_type_info.o)
                0x0800ab4c                typeinfo name for __cxxabiv1::__class_type_info
 *fill*         0x0800ab6e        0x2 
 .rodata._ZTIN10__cxxabiv117__class_type_infoE
                0x0800ab70        0xc C:/Tools/arm-gnu-toolchain/bin/../lib/gcc/arm-none-eabi/13.2.1/thumb/v7e-m+fp/hard\libstdc++_nano.a(class_type_info.o)
                0x0800ab70                typeinfo for __cxxabiv1::__class_type_info
 .rodata._ZTVN10__cxxabiv117__class_type_infoE
                0x0800ab7c       0x2c C:/Tools/arm-gnu-toolchain/bin/../lib/gcc/arm-none-eabi/13.2.1/thumb/v7e-m+fp/hard\libstdc++_nano.a(class_type_info.o)
                0x0800ab7c                vtable for __cxxabiv1::__class_type_info
 .rodata._ZTSN10__cxxabiv115__forced_unwindE
                0x0800aba8       0x20 C:/Tools/arm-gnu-toolchain/bin/../lib/gcc/arm-none-eabi/13.2.1/thumb/v7e-m+fp/hard\libstdc++_nano.a(eh_exception.o)
                0x0800aba8                typeinfo name for __cxxabiv1::__forced_unwind
 .rodata._ZTIN10__cxxabiv115__forced_unwindE
                0x0800abc8        0x8 C:/Tools/arm-gnu-toolchain/bin/../lib/gcc/arm-none-eabi/13.2.1/thumb/v7e-m+fp/hard\libstdc++_nano.a(eh_exception.o)
                0x0800abc8                typeinfo for __cxxabiv1::__forced_unwind
 .rodata._ZTSN10__cxxabiv119__foreign_exceptionE
                0x0800abd0       0x24 C:/Tools/arm-gnu-toolchain/bin/../lib/gcc/arm-none-eabi/13.2.1/thumb/v7e-m+fp/hard\libstdc++_nano.a(eh_exception.o)
                0x0800abd0                typeinfo name for __cxxabiv1::__foreign_exception
 .rodata._ZTIN10__cxxabiv119__foreign_exceptionE
                0x0800abf4        0x8 C:/Tools/arm-gnu-toolchain/bin/../lib/gcc/arm-none-eabi/13.2.1/thumb/v7e-m+fp/hard\libstdc++_nano.a(eh_exception.o)
                0x0800abf4                typeinfo for __cxxabiv1::__foreign_exception
 .rodata._ZTSN10__cxxabiv120__si_class_type_infoE
                0x0800abfc       0x25 C:/Tools/arm-gnu-toolchain/bin/../lib/gcc/arm-none-eabi/13.2.1/thumb/v7e-m+fp/hard\libstdc++_nano.a(si_class_type_info.o)
                0x0800abfc                typeinfo name for __cxxabiv1::__si_class_type_info
 *fill*         0x0800ac21        0x3 
 .rodata._ZTIN10__cxxabiv120__si_class_type_infoE
                0x0800ac24        0xc C:/Tools/arm-gnu-toolchain/bin/../lib/gcc/arm-none-eabi/13.2.1/thumb/v7e-m+fp/hard\libstdc++_nano.a(si_class_type_info.o)
                0x0800ac24                typeinfo for __cxxabiv1::__si_class_type_info
 .rodata._ZTVN10__cxxabiv120__si_class_type_infoE
                0x0800ac30       0x2c C:/Tools/arm-gnu-toolchain/bin/../lib/gcc/arm-none-eabi/13.2.1/thumb/v7e-m+fp/hard\libstdc++_nano.a(si_class_type_info.o)
                0x0800ac30                vtable for __cxxabiv1::__si_class_type_info
 .rodata._ZTSSt9type_info
                0x0800ac5c        0xd C:/Tools/arm-gnu-toolchain/bin/../lib/gcc/arm-none-eabi/13.2.1/thumb/v7e-m+fp/hard\libstdc++_nano.a(tinfo.o)
                0x0800ac5c                typeinfo name for std::type_info
 *fill*         0x0800ac69        0x3 
 .rodata._ZTISt9type_info
                0x0800ac6c        0x8 C:/Tools/arm-gnu-toolchain/bin/../lib/gcc/arm-none-eabi/13.2.1/thumb/v7e-m+fp/hard\libstdc++_nano.a(tinfo.o)
                0x0800ac6c                typeinfo for std::type_info
 .rodata._printf_float.str1.1
                0x0800ac74      0x173 C:/Tools/arm-gnu-toolchain/bin/../lib/gcc/arm-none-eabi/13.2.1/thumb/v7e-m+fp/hard\libc_nano.a(libc_a-nano-vfprintf_float.o)
                                 0x12 (size before relaxing)
 .rodata._printf_i.str1.1
                0x0800ade7       0x22 C:/Tools/arm-gnu-toolchain/bin/../lib/gcc/arm-none-eabi/13.2.1/thumb/v7e-m+fp/hard\libc_nano.a(libc_a-nano-vfprintf_i.o)
 .rodata._dtoa_r.str1.1
                0x0800ade7       0x90 C:/Tools/arm-gnu-toolchain/bin/../lib/gcc/arm-none-eabi/13.2.1/thumb/v7e-m+fp/hard\libc_nano.a(libc_a-dtoa.o)
 .rodata._Balloc.str1.1
                0x0800ade7       0x71 C:/Tools/arm-gnu-toolchain/bin/../lib/gcc/arm-none-eabi/13.2.1/thumb/v7e-m+fp/hard\libc_nano.a(libc_a-mprec.o)
 .rodata.__multadd.str1.1
                0x0800ade7       0x11 C:/Tools/arm-gnu-toolchain/bin/../lib/gcc/arm-none-eabi/13.2.1/thumb/v7e-m+fp/hard\libc_nano.a(libc_a-mprec.o)
 *fill*         0x0800ade7        0x1 
 .rodata.p05.0  0x0800ade8        0xc C:/Tools/arm-gnu-toolchain/bin/../lib/gcc/arm-none-eabi/13.2.1/thumb/v7e-m+fp/hard\libc_nano.a(libc_a-mprec.o)
 *fill*         0x0800adf4        0x4 
 .rodata.__mprec_bigtens
                0x0800adf8       0x28 C:/Tools/arm-gnu-toolchain/bin/../lib/gcc/arm-none-eabi/13.2.1/thumb/v7e-m+fp/hard\libc_nano.a(libc_a-mprec.o)
                0x0800adf8                __mprec_bigtens
 .rodata.__mprec_tens
                0x0800ae20       0xc8 C:/Tools/arm-gnu-toolchain/bin/../lib/gcc/arm-none-eabi/13.2.1/thumb/v7e-m+fp/hard\libc_nano.a(libc_a-mprec.o)
                0x0800ae20                __mprec_tens
 .rodata._vfprintf_r.str1.1
                0x0800aee8       0x11 C:/Tools/arm-gnu-toolchain/bin/../lib/gcc/arm-none-eabi/13.2.1/thumb/v7e-m+fp/hard\libc_nano.a(libc_a-nano-vfprintf.o)
 .rodata._setlocale_r.str1.1
                0x0800aee8        0x9 C:/Tools/arm-gnu-toolchain/bin/../lib/gcc/arm-none-eabi/13.2.1/thumb/v7e-m+fp/hard\libc_nano.a(libc_a-locale.o)
 .rodata.str1.1
                0x0800aee8        0x2 C:/Tools/arm-gnu-toolchain/bin/../lib/gcc/arm-none-eabi/13.2.1/thumb/v7e-m+fp/hard\libc_nano.a(libc_a-locale.o)
 .rodata.__assert_func.str1.1
                0x0800aee8       0x3d C:/Tools/arm-gnu-toolchain/bin/../lib/gcc/arm-none-eabi/13.2.1/thumb/v7e-m+fp/hard\libc_nano.a(libc_a-assert.o)
 .rodata._ctype_
                0x0800aee8      0x101 C:/Tools/arm-gnu-toolchain/bin/../lib/gcc/arm-none-eabi/13.2.1/thumb/v7e-m+fp/hard\libc_nano.a(libc_a-ctype_.o)
                0x0800aee8                _ctype_
                0x0800afec                        . = ALIGN (0x4)
 *fill*         0x0800afe9        0x3 

.ARM.extab      0x0800afec      0x19c
 *(.ARM.extab* .gnu.linkonce.armextab.*)
 .ARM.extab.text._ZN12AdachiSolver9solveMazeERK4Mazett
                0x0800afec        0x0 build/main.o
 .ARM.extab.text._ZN14DijkstraSolver9solveMazeERK4Mazett
                0x0800afec        0x0 build/main.o
 .ARM.extab.text._ZN11GpioSTM32F4D2Ev
                0x0800afec        0x0 build/main.o
 .ARM.extab.text._ZN10AdcSTM32F4D2Ev
                0x0800afec        0x0 build/main.o
 .ARM.extab.text._ZN12TimerSTM32F4D2Ev
                0x0800afec        0x0 build/main.o
 .ARM.extab.text._ZN14EncoderSTM32F4D2Ev
                0x0800afec        0x0 build/main.o
 .ARM.extab.text._ZN10SPISTM32F4D2Ev
                0x0800afec        0x0 build/main.o
 .ARM.extab.text._ZN12AdachiSolverD2Ev
                0x0800afec        0x0 build/main.o
 .ARM.extab.text._ZN14DijkstraSolverD2Ev
                0x0800afec        0x0 build/main.o
 .ARM.extab.text._ZN14DijkstraSolverD0Ev
                0x0800afec        0x0 build/main.o
 .ARM.extab.text._ZN12AdachiSolverD0Ev
                0x0800afec        0x0 build/main.o
 .ARM.extab.text._ZN11GpioSTM32F4D0Ev
                0x0800afec        0x0 build/main.o
 .ARM.extab.text._ZN10AdcSTM32F4D0Ev
                0x0800afec        0x0 build/main.o
 .ARM.extab.text._ZN12TimerSTM32F4D0Ev
                0x0800afec        0x0 build/main.o
 .ARM.extab.text._ZN14EncoderSTM32F4D0Ev
                0x0800afec        0x0 build/main.o
 .ARM.extab.text._ZN10SPISTM32F4D0Ev
                0x0800afec        0x0 build/main.o
 .ARM.extab.text.main
                0x0800afec       0xef build/main.o
 .ARM.extab.text._ZNSt15__new_allocatorI8PathStepE10deallocateEPS0_j
                0x0800b0db        0x0 build/main.o
 .ARM.extab.text._ZNSt12_Vector_baseI8PathStepSaIS0_EED2Ev
                0x0800b0db        0x0 build/main.o
 .ARM.extab.text._ZNSt6vectorI8PathStepSaIS0_EED2Ev
                0x0800b0db        0x0 build/main.o
 .ARM.extab.text._ZN15RobotControllerD2Ev
                0x0800b0db        0x0 build/main.o
 *fill*         0x0800b0db        0x1 
 .ARM.extab.text._ZN10AdcSTM32F4C2EP17ADC_HandleTypeDef
                0x0800b0dc       0x14 build/AdcSTM32F4.o
 .ARM.extab.text._ZN14EncoderSTM32F4C2EP17TIM_HandleTypeDef
                0x0800b0f0       0x14 build/EncoderSTM32F4.o
 .ARM.extab.text._ZN11GpioSTM32F47setHighEv
                0x0800b104        0xc build/GpioSTM32F4.o
 .ARM.extab.text._ZN11GpioSTM32F46setLowEv
                0x0800b110        0xc build/GpioSTM32F4.o
 .ARM.extab.text._ZN11GpioSTM32F44readEv
                0x0800b11c        0xc build/GpioSTM32F4.o
 .ARM.extab.text._ZN10SPISTM32F415resetChipSelectEv
                0x0800b128        0xc build/SPISTM32F4.o
 .ARM.extab.text._ZN10SPISTM32F413setChipSelectEv
                0x0800b134        0xc build/SPISTM32F4.o
 .ARM.extab.text._ZN12TimerSTM32F45startEv
                0x0800b140        0xc build/TimerSTM32F4.o
 .ARM.extab.text._ZN12TimerSTM32F44stopEv
                0x0800b14c        0xc build/TimerSTM32F4.o
 .ARM.extab.text._ZN15RobotControllerC2EP6ButtonP13LEDControllerP3ImuP11PhotoSensorP13EncoderDriverS9_P11MotorDriverSB_P10MazeSolver
                0x0800b158       0x18 build/RobotController.o